[      12ms] [WARNING] Unsupported transition from page_lost_visibility to 4 @ https://static.snapchat.com/snapchat-dot-com/_next/static/chunks/pages/_app-f8f9c98a5971c2c4.js:12
[  -81542ms] [ERROR] Executing inline script violates the following Content Security Policy directive 'script-src 'self' blob: https://story.snapchat.com https://www.google-analytics.com https://*.googletagmanager.com https://static.snapchat.com'. Either the 'unsafe-inline' keyword, a hash ('sha256-x63VpzGo4edCOz5G/8kRnL3Ml+nCT850mDUIbVAQrTM='), or a nonce ('nonce-...') is required to enable inline execution. The action has been blocked. @ https://www.snapchat.com/spotlight/W7_EDlXWTBiXAEEniNoMPwAAYc2ltcGhhbWxlAZQfyE_QAZQfyEd6AAAAAQ/embed:0
[  -72024ms] [ERROR] Connecting to 'https://growth-web-dev-tool.mesh.sc-corp.net/api/open-sesame' violates the following Content Security Policy directive: "connect-src 'self' blob: https://storysharing.snapchat.com https://cf-st.sc-cdn.net https://app.snapchat.com https://s.sc-cdn.net https://bolt-gcdn.sc-cdn.net https://gcp.api.snapchat.com https://web-frontend-dot-sc-analytics.appspot.com https://aws.api.snapchat.com https://*.google-analytics.com https://*.analytics.google.com https://stats.g.doubleclick.net https://*.googletagmanager.com https://www.snapchat.com https://sentry.sc-prod.net https://story.snapchat.com https://us-central1-gcp.api.snapchat.com https://staging-us-central1-gcp.api.snapchat.com https://accounts.snapchat.com ws: wss:". The action has been blocked. @ https://static.snapchat.com/snapchat-dot-com/_next/static/chunks/pages/_app-f8f9c98a5971c2c4.js:12
[  -72021ms] [ERROR] Fetch API cannot load https://growth-web-dev-tool.mesh.sc-corp.net/api/open-sesame. Refused to connect because it violates the document's Content Security Policy. @ https://static.snapchat.com/snapchat-dot-com/_next/static/chunks/pages/_app-f8f9c98a5971c2c4.js:12
[  -71983ms] [ERROR] Connecting to 'https://growth-web-dev-tool.mesh.sc-corp.net/api/open-sesame' violates the following Content Security Policy directive: "connect-src 'self' blob: https://storysharing.snapchat.com https://cf-st.sc-cdn.net https://app.snapchat.com https://s.sc-cdn.net https://bolt-gcdn.sc-cdn.net https://gcp.api.snapchat.com https://web-frontend-dot-sc-analytics.appspot.com https://aws.api.snapchat.com https://*.google-analytics.com https://*.analytics.google.com https://stats.g.doubleclick.net https://*.googletagmanager.com https://www.snapchat.com https://sentry.sc-prod.net https://story.snapchat.com https://us-central1-gcp.api.snapchat.com https://staging-us-central1-gcp.api.snapchat.com https://accounts.snapchat.com ws: wss:". The action has been blocked. @ https://static.snapchat.com/snapchat-dot-com/_next/static/chunks/pages/_app-f8f9c98a5971c2c4.js:12
[  -71982ms] [ERROR] Fetch API cannot load https://growth-web-dev-tool.mesh.sc-corp.net/api/open-sesame. Refused to connect because it violates the document's Content Security Policy. @ https://static.snapchat.com/snapchat-dot-com/_next/static/chunks/pages/_app-f8f9c98a5971c2c4.js:12
[     429ms] [ERROR] Executing inline script violates the following Content Security Policy directive 'script-src 'self' blob: https://story.snapchat.com https://www.google-analytics.com https://*.googletagmanager.com https://static.snapchat.com'. Either the 'unsafe-inline' keyword, a hash ('sha256-x63VpzGo4edCOz5G/8kRnL3Ml+nCT850mDUIbVAQrTM='), or a nonce ('nonce-...') is required to enable inline execution. The action has been blocked. @ https://www.snapchat.com/spotlight/W7_EDlXWTBiXAEEniNoMPwAAYc2ltcGhhbWxlAZQfyE_QAZQfyEd6AAAAAQ/embed:0
[    1085ms] [LOG] Navigation listeners online @ https://www.redditstatic.com/js/concat?prefix=es-MX/&chunks=1bSilD7uds,23NsYANDn4,B-GbtPjoVT,BAiDjzbirE,BBUPi1GI03,BEdgppye7g,BTGKWEy3O-,BTzpuZbTMK,BdH2sWCuz2,BdnS_PtKVO,Bg68_5LEMO,BoEE2EKz8f,BvTwo8HqG1,C02Xhu2NIQ,C0rAcP6aMM,C6EebI0UvV,C7q8zv_0oI,CAoQYJfvJj,CE0Wk_azMF,CFA9Yvgxnu,CHE_tjjEfa,CHKCkEa8sq,CL6OeZUGUY,CSBTQxBJyP,CZyD3uI_Aj,C_9UlV5v2E,CgBvNNpxda,CgDk6C8q4Z,CmYrShAZYY,Czpmf5jUlS,D7F5ZaqCNi,DAjOodpyac,DN7FGCKmcS,DQGtvdaHN0,DTOLnHLB8t,D_l7kMNyPz,DbO95WhXXx,Duh6w4QHAk,DvmpX5XcfJ,GmXBwRAnBD,MHL-8O38ml,NLAkc9ECVR,acWVWxiVAm,cH_VGUwDEW,ezWdHTT4IH,krKe57IjLk,lXmtgL270o,lrGp8aI2xV,rFB7YrYAu-,rUhgdOssfQ,sWpHXhseDf,upkG3B7Q6W,y0gPwdxs-e:112
[    1211ms] Uncaught Error: Minified React error #425; visit https://reactjs.org/docs/error-decoder.html?invariant=425 for the full message or use the non-minified dev environment for full errors and additional helpful warnings.
    at rh (https://static.snapchat.com/snapchat-dot-com/_next/static/chunks/framework-41b02394b273386f.js:0:40257)
    at <anonymous> (https://static.snapchat.com/snapchat-dot-com/_next/static/chunks/framework-41b02394b273386f.js:0:100768)
    at oI (https://static.snapchat.com/snapchat-dot-com/_next/static/chunks/framework-41b02394b273386f.js:0:106279)
    at oD (https://static.snapchat.com/snapchat-dot-com/_next/static/chunks/framework-41b02394b273386f.js:0:99227)
    at <anonymous> (https://static.snapchat.com/snapchat-dot-com/_next/static/chunks/framework-41b02394b273386f.js:0:94216)
    at ox (https://static.snapchat.com/snapchat-dot-com/_next/static/chunks/framework-41b02394b273386f.js:0:94223)
    at x (https://static.snapchat.com/snapchat-dot-com/_next/static/chunks/framework-41b02394b273386f.js:0:130543)
    at T (https://static.snapchat.com/snapchat-dot-com/_next/static/chunks/framework-41b02394b273386f.js:0:131073)
[    1211ms] Uncaught Error: Minified React error #425; visit https://reactjs.org/docs/error-decoder.html?invariant=425 for the full message or use the non-minified dev environment for full errors and additional helpful warnings.
    at rh (https://static.snapchat.com/snapchat-dot-com/_next/static/chunks/framework-41b02394b273386f.js:0:40257)
    at <anonymous> (https://static.snapchat.com/snapchat-dot-com/_next/static/chunks/framework-41b02394b273386f.js:0:100768)
    at oI (https://static.snapchat.com/snapchat-dot-com/_next/static/chunks/framework-41b02394b273386f.js:0:106279)
    at oD (https://static.snapchat.com/snapchat-dot-com/_next/static/chunks/framework-41b02394b273386f.js:0:99227)
    at <anonymous> (https://static.snapchat.com/snapchat-dot-com/_next/static/chunks/framework-41b02394b273386f.js:0:94216)
    at ox (https://static.snapchat.com/snapchat-dot-com/_next/static/chunks/framework-41b02394b273386f.js:0:94223)
    at x (https://static.snapchat.com/snapchat-dot-com/_next/static/chunks/framework-41b02394b273386f.js:0:130543)
    at T (https://static.snapchat.com/snapchat-dot-com/_next/static/chunks/framework-41b02394b273386f.js:0:131073)
[    1212ms] Uncaught Error: Minified React error #425; visit https://reactjs.org/docs/error-decoder.html?invariant=425 for the full message or use the non-minified dev environment for full errors and additional helpful warnings.
    at rh (https://static.snapchat.com/snapchat-dot-com/_next/static/chunks/framework-41b02394b273386f.js:0:40257)
    at <anonymous> (https://static.snapchat.com/snapchat-dot-com/_next/static/chunks/framework-41b02394b273386f.js:0:100768)
    at oI (https://static.snapchat.com/snapchat-dot-com/_next/static/chunks/framework-41b02394b273386f.js:0:106279)
    at oD (https://static.snapchat.com/snapchat-dot-com/_next/static/chunks/framework-41b02394b273386f.js:0:99227)
    at <anonymous> (https://static.snapchat.com/snapchat-dot-com/_next/static/chunks/framework-41b02394b273386f.js:0:94216)
    at ox (https://static.snapchat.com/snapchat-dot-com/_next/static/chunks/framework-41b02394b273386f.js:0:94223)
    at x (https://static.snapchat.com/snapchat-dot-com/_next/static/chunks/framework-41b02394b273386f.js:0:130543)
    at T (https://static.snapchat.com/snapchat-dot-com/_next/static/chunks/framework-41b02394b273386f.js:0:131073)
[    1213ms] Uncaught Error: Minified React error #425; visit https://reactjs.org/docs/error-decoder.html?invariant=425 for the full message or use the non-minified dev environment for full errors and additional helpful warnings.
    at rh (https://static.snapchat.com/snapchat-dot-com/_next/static/chunks/framework-41b02394b273386f.js:0:40257)
    at <anonymous> (https://static.snapchat.com/snapchat-dot-com/_next/static/chunks/framework-41b02394b273386f.js:0:100768)
    at oI (https://static.snapchat.com/snapchat-dot-com/_next/static/chunks/framework-41b02394b273386f.js:0:106279)
    at oD (https://static.snapchat.com/snapchat-dot-com/_next/static/chunks/framework-41b02394b273386f.js:0:99227)
    at <anonymous> (https://static.snapchat.com/snapchat-dot-com/_next/static/chunks/framework-41b02394b273386f.js:0:94216)
    at ox (https://static.snapchat.com/snapchat-dot-com/_next/static/chunks/framework-41b02394b273386f.js:0:94223)
    at x (https://static.snapchat.com/snapchat-dot-com/_next/static/chunks/framework-41b02394b273386f.js:0:130543)
    at T (https://static.snapchat.com/snapchat-dot-com/_next/static/chunks/framework-41b02394b273386f.js:0:131073)
[    1213ms] Uncaught Error: Minified React error #418; visit https://reactjs.org/docs/error-decoder.html?invariant=418 for the full message or use the non-minified dev environment for full errors and additional helpful warnings.
    at lg (https://static.snapchat.com/snapchat-dot-com/_next/static/chunks/framework-41b02394b273386f.js:0:46553)
    at i (https://static.snapchat.com/snapchat-dot-com/_next/static/chunks/framework-41b02394b273386f.js:0:121200)
    at oD (https://static.snapchat.com/snapchat-dot-com/_next/static/chunks/framework-41b02394b273386f.js:0:99167)
    at <anonymous> (https://static.snapchat.com/snapchat-dot-com/_next/static/chunks/framework-41b02394b273386f.js:0:94216)
    at ox (https://static.snapchat.com/snapchat-dot-com/_next/static/chunks/framework-41b02394b273386f.js:0:94223)
    at x (https://static.snapchat.com/snapchat-dot-com/_next/static/chunks/framework-41b02394b273386f.js:0:130543)
    at T (https://static.snapchat.com/snapchat-dot-com/_next/static/chunks/framework-41b02394b273386f.js:0:131073)
[    1213ms] Uncaught Error: Minified React error #418; visit https://reactjs.org/docs/error-decoder.html?invariant=418 for the full message or use the non-minified dev environment for full errors and additional helpful warnings.
    at lg (https://static.snapchat.com/snapchat-dot-com/_next/static/chunks/framework-41b02394b273386f.js:0:46553)
    at i (https://static.snapchat.com/snapchat-dot-com/_next/static/chunks/framework-41b02394b273386f.js:0:121200)
    at oD (https://static.snapchat.com/snapchat-dot-com/_next/static/chunks/framework-41b02394b273386f.js:0:99167)
    at <anonymous> (https://static.snapchat.com/snapchat-dot-com/_next/static/chunks/framework-41b02394b273386f.js:0:94216)
    at ox (https://static.snapchat.com/snapchat-dot-com/_next/static/chunks/framework-41b02394b273386f.js:0:94223)
    at x (https://static.snapchat.com/snapchat-dot-com/_next/static/chunks/framework-41b02394b273386f.js:0:130543)
    at T (https://static.snapchat.com/snapchat-dot-com/_next/static/chunks/framework-41b02394b273386f.js:0:131073)
[    1213ms] Uncaught Error: Minified React error #418; visit https://reactjs.org/docs/error-decoder.html?invariant=418 for the full message or use the non-minified dev environment for full errors and additional helpful warnings.
    at lg (https://static.snapchat.com/snapchat-dot-com/_next/static/chunks/framework-41b02394b273386f.js:0:46553)
    at i (https://static.snapchat.com/snapchat-dot-com/_next/static/chunks/framework-41b02394b273386f.js:0:121200)
    at oD (https://static.snapchat.com/snapchat-dot-com/_next/static/chunks/framework-41b02394b273386f.js:0:99167)
    at <anonymous> (https://static.snapchat.com/snapchat-dot-com/_next/static/chunks/framework-41b02394b273386f.js:0:94216)
    at ox (https://static.snapchat.com/snapchat-dot-com/_next/static/chunks/framework-41b02394b273386f.js:0:94223)
    at x (https://static.snapchat.com/snapchat-dot-com/_next/static/chunks/framework-41b02394b273386f.js:0:130543)
    at T (https://static.snapchat.com/snapchat-dot-com/_next/static/chunks/framework-41b02394b273386f.js:0:131073)
[    1213ms] Uncaught Error: Minified React error #418; visit https://reactjs.org/docs/error-decoder.html?invariant=418 for the full message or use the non-minified dev environment for full errors and additional helpful warnings.
    at lg (https://static.snapchat.com/snapchat-dot-com/_next/static/chunks/framework-41b02394b273386f.js:0:46553)
    at i (https://static.snapchat.com/snapchat-dot-com/_next/static/chunks/framework-41b02394b273386f.js:0:121200)
    at oD (https://static.snapchat.com/snapchat-dot-com/_next/static/chunks/framework-41b02394b273386f.js:0:99167)
    at <anonymous> (https://static.snapchat.com/snapchat-dot-com/_next/static/chunks/framework-41b02394b273386f.js:0:94216)
    at ox (https://static.snapchat.com/snapchat-dot-com/_next/static/chunks/framework-41b02394b273386f.js:0:94223)
    at x (https://static.snapchat.com/snapchat-dot-com/_next/static/chunks/framework-41b02394b273386f.js:0:130543)
    at T (https://static.snapchat.com/snapchat-dot-com/_next/static/chunks/framework-41b02394b273386f.js:0:131073)
[    1213ms] Uncaught Error: Minified React error #418; visit https://reactjs.org/docs/error-decoder.html?invariant=418 for the full message or use the non-minified dev environment for full errors and additional helpful warnings.
    at lg (https://static.snapchat.com/snapchat-dot-com/_next/static/chunks/framework-41b02394b273386f.js:0:46553)
    at i (https://static.snapchat.com/snapchat-dot-com/_next/static/chunks/framework-41b02394b273386f.js:0:121200)
    at oD (https://static.snapchat.com/snapchat-dot-com/_next/static/chunks/framework-41b02394b273386f.js:0:99167)
    at <anonymous> (https://static.snapchat.com/snapchat-dot-com/_next/static/chunks/framework-41b02394b273386f.js:0:94216)
    at ox (https://static.snapchat.com/snapchat-dot-com/_next/static/chunks/framework-41b02394b273386f.js:0:94223)
    at x (https://static.snapchat.com/snapchat-dot-com/_next/static/chunks/framework-41b02394b273386f.js:0:130543)
    at T (https://static.snapchat.com/snapchat-dot-com/_next/static/chunks/framework-41b02394b273386f.js:0:131073)
[    1213ms] Uncaught Error: Minified React error #418; visit https://reactjs.org/docs/error-decoder.html?invariant=418 for the full message or use the non-minified dev environment for full errors and additional helpful warnings.
    at lg (https://static.snapchat.com/snapchat-dot-com/_next/static/chunks/framework-41b02394b273386f.js:0:46553)
    at i (https://static.snapchat.com/snapchat-dot-com/_next/static/chunks/framework-41b02394b273386f.js:0:121200)
    at oD (https://static.snapchat.com/snapchat-dot-com/_next/static/chunks/framework-41b02394b273386f.js:0:99167)
    at <anonymous> (https://static.snapchat.com/snapchat-dot-com/_next/static/chunks/framework-41b02394b273386f.js:0:94216)
    at ox (https://static.snapchat.com/snapchat-dot-com/_next/static/chunks/framework-41b02394b273386f.js:0:94223)
    at x (https://static.snapchat.com/snapchat-dot-com/_next/static/chunks/framework-41b02394b273386f.js:0:130543)
    at T (https://static.snapchat.com/snapchat-dot-com/_next/static/chunks/framework-41b02394b273386f.js:0:131073)
[    1213ms] Uncaught Error: Minified React error #418; visit https://reactjs.org/docs/error-decoder.html?invariant=418 for the full message or use the non-minified dev environment for full errors and additional helpful warnings.
    at lg (https://static.snapchat.com/snapchat-dot-com/_next/static/chunks/framework-41b02394b273386f.js:0:46553)
    at i (https://static.snapchat.com/snapchat-dot-com/_next/static/chunks/framework-41b02394b273386f.js:0:121200)
    at oD (https://static.snapchat.com/snapchat-dot-com/_next/static/chunks/framework-41b02394b273386f.js:0:99167)
    at <anonymous> (https://static.snapchat.com/snapchat-dot-com/_next/static/chunks/framework-41b02394b273386f.js:0:94216)
    at ox (https://static.snapchat.com/snapchat-dot-com/_next/static/chunks/framework-41b02394b273386f.js:0:94223)
    at x (https://static.snapchat.com/snapchat-dot-com/_next/static/chunks/framework-41b02394b273386f.js:0:130543)
    at T (https://static.snapchat.com/snapchat-dot-com/_next/static/chunks/framework-41b02394b273386f.js:0:131073)
[    1214ms] Uncaught Error: Minified React error #418; visit https://reactjs.org/docs/error-decoder.html?invariant=418 for the full message or use the non-minified dev environment for full errors and additional helpful warnings.
    at lg (https://static.snapchat.com/snapchat-dot-com/_next/static/chunks/framework-41b02394b273386f.js:0:46553)
    at i (https://static.snapchat.com/snapchat-dot-com/_next/static/chunks/framework-41b02394b273386f.js:0:121200)
    at oD (https://static.snapchat.com/snapchat-dot-com/_next/static/chunks/framework-41b02394b273386f.js:0:99167)
    at <anonymous> (https://static.snapchat.com/snapchat-dot-com/_next/static/chunks/framework-41b02394b273386f.js:0:94216)
    at ox (https://static.snapchat.com/snapchat-dot-com/_next/static/chunks/framework-41b02394b273386f.js:0:94223)
    at x (https://static.snapchat.com/snapchat-dot-com/_next/static/chunks/framework-41b02394b273386f.js:0:130543)
    at T (https://static.snapchat.com/snapchat-dot-com/_next/static/chunks/framework-41b02394b273386f.js:0:131073)
[    1214ms] Uncaught Error: Minified React error #422; visit https://reactjs.org/docs/error-decoder.html?invariant=422 for the full message or use the non-minified dev environment for full errors and additional helpful warnings.
    at <anonymous> (https://static.snapchat.com/snapchat-dot-com/_next/static/chunks/framework-41b02394b273386f.js:0:77178)
    at uk (https://static.snapchat.com/snapchat-dot-com/_next/static/chunks/framework-41b02394b273386f.js:0:78438)
    at i (https://static.snapchat.com/snapchat-dot-com/_next/static/chunks/framework-41b02394b273386f.js:0:121403)
    at oD (https://static.snapchat.com/snapchat-dot-com/_next/static/chunks/framework-41b02394b273386f.js:0:99167)
    at <anonymous> (https://static.snapchat.com/snapchat-dot-com/_next/static/chunks/framework-41b02394b273386f.js:0:94216)
    at ox (https://static.snapchat.com/snapchat-dot-com/_next/static/chunks/framework-41b02394b273386f.js:0:94223)
    at x (https://static.snapchat.com/snapchat-dot-com/_next/static/chunks/framework-41b02394b273386f.js:0:130543)
    at T (https://static.snapchat.com/snapchat-dot-com/_next/static/chunks/framework-41b02394b273386f.js:0:131073)
[    1272ms] [LOG] %c¡ADVERTENCIA! font-size: 30px; color: #F61F1F; background-color: #FFFF00; @ https://static.snapchat.com/snapchat-dot-com/_next/static/chunks/pages/_app-f8f9c98a5971c2c4.js:12
[    1272ms] [LOG] %cNo introduzcas ni pegues códigos que no comprendas.
Si usas esta consola, los atacantes podrían suplantar tu identidad y robar tu información mediante un ataque llamado Self-XSS. font-size: 16px; color: #464656; background-color: #FFF; @ https://static.snapchat.com/snapchat-dot-com/_next/static/chunks/pages/_app-f8f9c98a5971c2c4.js:12
[    1274ms] [LOG] %c¡ADVERTENCIA! font-size: 30px; color: #F61F1F; background-color: #FFFF00; @ https://static.snapchat.com/snapchat-dot-com/_next/static/chunks/pages/_app-f8f9c98a5971c2c4.js:12
[    1274ms] [LOG] %cNo introduzcas ni pegues códigos que no comprendas.
Si usas esta consola, los atacantes podrían suplantar tu identidad y robar tu información mediante un ataque llamado Self-XSS. font-size: 16px; color: #464656; background-color: #FFF; @ https://static.snapchat.com/snapchat-dot-com/_next/static/chunks/pages/_app-f8f9c98a5971c2c4.js:12
[    1306ms] [LOG] %c¡ADVERTENCIA! font-size: 30px; color: #F61F1F; background-color: #FFFF00; @ https://static.snapchat.com/snapchat-dot-com/_next/static/chunks/pages/_app-f8f9c98a5971c2c4.js:12
[    1306ms] [LOG] %cNo introduzcas ni pegues códigos que no comprendas.
Si usas esta consola, los atacantes podrían suplantar tu identidad y robar tu información mediante un ataque llamado Self-XSS. font-size: 16px; color: #464656; background-color: #FFF; @ https://static.snapchat.com/snapchat-dot-com/_next/static/chunks/pages/_app-f8f9c98a5971c2c4.js:12
[    1314ms] [LOG] %c¡ADVERTENCIA! font-size: 30px; color: #F61F1F; background-color: #FFFF00; @ https://static.snapchat.com/snapchat-dot-com/_next/static/chunks/pages/_app-f8f9c98a5971c2c4.js:12
[    1315ms] [LOG] %cNo escribas o pegues código que no entiendas.
Usar esta consola podría permitir que personas malintencionadas roben tu identidad y tu información usando un ataque llamado Self-XSS. font-size: 16px; color: #464656; background-color: #FFF; @ https://static.snapchat.com/snapchat-dot-com/_next/static/chunks/pages/_app-f8f9c98a5971c2c4.js:12
[    1319ms] [LOG] %c¡ADVERTENCIA! font-size: 30px; color: #F61F1F; background-color: #FFFF00; @ https://static.snapchat.com/snapchat-dot-com/_next/static/chunks/pages/_app-f8f9c98a5971c2c4.js:12
[    1319ms] [LOG] %cNo introduzcas ni pegues códigos que no comprendas.
Si usas esta consola, los atacantes podrían suplantar tu identidad y robar tu información mediante un ataque llamado Self-XSS. font-size: 16px; color: #464656; background-color: #FFF; @ https://static.snapchat.com/snapchat-dot-com/_next/static/chunks/pages/_app-f8f9c98a5971c2c4.js:12
[    1321ms] [LOG] %cWARNING! font-size: 30px; color: #F61F1F; background-color: #FFFF00; @ https://static.snapchat.com/snapchat-dot-com/_next/static/chunks/pages/_app-f8f9c98a5971c2c4.js:12
[    1321ms] [LOG] %cDo not enter or paste code that you do not understand.
Using this console may allow attackers to impersonate you and steal your information using an attack called Self-XSS. font-size: 16px; color: #464656; background-color: #FFF; @ https://static.snapchat.com/snapchat-dot-com/_next/static/chunks/pages/_app-f8f9c98a5971c2c4.js:12
[    1322ms] [ERROR] Connecting to 'https://growth-web-dev-tool.mesh.sc-corp.net/api/open-sesame' violates the following Content Security Policy directive: "connect-src 'self' blob: https://storysharing.snapchat.com https://cf-st.sc-cdn.net https://app.snapchat.com https://s.sc-cdn.net https://bolt-gcdn.sc-cdn.net https://gcp.api.snapchat.com https://web-frontend-dot-sc-analytics.appspot.com https://aws.api.snapchat.com https://*.google-analytics.com https://*.analytics.google.com https://stats.g.doubleclick.net https://*.googletagmanager.com https://www.snapchat.com https://sentry.sc-prod.net https://story.snapchat.com https://us-central1-gcp.api.snapchat.com https://staging-us-central1-gcp.api.snapchat.com https://accounts.snapchat.com ws: wss:". The action has been blocked. @ https://static.snapchat.com/snapchat-dot-com/_next/static/chunks/pages/_app-f8f9c98a5971c2c4.js:12
[    1323ms] [ERROR] Fetch API cannot load https://growth-web-dev-tool.mesh.sc-corp.net/api/open-sesame. Refused to connect because it violates the document's Content Security Policy. @ https://static.snapchat.com/snapchat-dot-com/_next/static/chunks/pages/_app-f8f9c98a5971c2c4.js:12
[    1339ms] [ERROR] Connecting to 'https://growth-web-dev-tool.mesh.sc-corp.net/api/open-sesame' violates the following Content Security Policy directive: "connect-src 'self' blob: https://storysharing.snapchat.com https://cf-st.sc-cdn.net https://app.snapchat.com https://s.sc-cdn.net https://bolt-gcdn.sc-cdn.net https://gcp.api.snapchat.com https://web-frontend-dot-sc-analytics.appspot.com https://aws.api.snapchat.com https://*.google-analytics.com https://*.analytics.google.com https://stats.g.doubleclick.net https://*.googletagmanager.com https://www.snapchat.com https://sentry.sc-prod.net https://story.snapchat.com https://us-central1-gcp.api.snapchat.com https://staging-us-central1-gcp.api.snapchat.com https://accounts.snapchat.com ws: wss:". The action has been blocked. @ https://static.snapchat.com/snapchat-dot-com/_next/static/chunks/pages/_app-f8f9c98a5971c2c4.js:12
[    1340ms] [ERROR] Fetch API cannot load https://growth-web-dev-tool.mesh.sc-corp.net/api/open-sesame. Refused to connect because it violates the document's Content Security Policy. @ https://static.snapchat.com/snapchat-dot-com/_next/static/chunks/pages/_app-f8f9c98a5971c2c4.js:12
[    1696ms] [LOG] %c¡ADVERTENCIA! font-size: 30px; color: #F61F1F; background-color: #FFFF00; @ https://static.snapchat.com/snapchat-dot-com/_next/static/chunks/pages/_app-f8f9c98a5971c2c4.js:12
[    1696ms] [LOG] %cNo introduzcas ni pegues códigos que no comprendas.
Si usas esta consola, los atacantes podrían suplantar tu identidad y robar tu información mediante un ataque llamado Self-XSS. font-size: 16px; color: #464656; background-color: #FFF; @ https://static.snapchat.com/snapchat-dot-com/_next/static/chunks/pages/_app-f8f9c98a5971c2c4.js:12
[    1697ms] [LOG] %c¡ADVERTENCIA! font-size: 30px; color: #F61F1F; background-color: #FFFF00; @ https://static.snapchat.com/snapchat-dot-com/_next/static/chunks/pages/_app-f8f9c98a5971c2c4.js:12
[    1698ms] [LOG] %cNo introduzcas ni pegues códigos que no comprendas.
Si usas esta consola, los atacantes podrían suplantar tu identidad y robar tu información mediante un ataque llamado Self-XSS. font-size: 16px; color: #464656; background-color: #FFF; @ https://static.snapchat.com/snapchat-dot-com/_next/static/chunks/pages/_app-f8f9c98a5971c2c4.js:12
[    1699ms] [LOG] %c¡ADVERTENCIA! font-size: 30px; color: #F61F1F; background-color: #FFFF00; @ https://static.snapchat.com/snapchat-dot-com/_next/static/chunks/pages/_app-f8f9c98a5971c2c4.js:12
[    1699ms] [LOG] %cNo introduzcas ni pegues códigos que no comprendas.
Si usas esta consola, los atacantes podrían suplantar tu identidad y robar tu información mediante un ataque llamado Self-XSS. font-size: 16px; color: #464656; background-color: #FFF; @ https://static.snapchat.com/snapchat-dot-com/_next/static/chunks/pages/_app-f8f9c98a5971c2c4.js:12
[    1702ms] [LOG] %c¡ADVERTENCIA! font-size: 30px; color: #F61F1F; background-color: #FFFF00; @ https://static.snapchat.com/snapchat-dot-com/_next/static/chunks/pages/_app-f8f9c98a5971c2c4.js:12
[    1703ms] [LOG] %cNo introduzcas ni pegues códigos que no comprendas.
Si usas esta consola, los atacantes podrían suplantar tu identidad y robar tu información mediante un ataque llamado Self-XSS. font-size: 16px; color: #464656; background-color: #FFF; @ https://static.snapchat.com/snapchat-dot-com/_next/static/chunks/pages/_app-f8f9c98a5971c2c4.js:12
[    1706ms] [LOG] %c¡ADVERTENCIA! font-size: 30px; color: #F61F1F; background-color: #FFFF00; @ https://static.snapchat.com/snapchat-dot-com/_next/static/chunks/pages/_app-f8f9c98a5971c2c4.js:12
[    1707ms] [LOG] %cNo introduzcas ni pegues códigos que no comprendas.
Si usas esta consola, los atacantes podrían suplantar tu identidad y robar tu información mediante un ataque llamado Self-XSS. font-size: 16px; color: #464656; background-color: #FFF; @ https://static.snapchat.com/snapchat-dot-com/_next/static/chunks/pages/_app-f8f9c98a5971c2c4.js:12
