[     293ms] [ERROR] Failed to load resource: the server responded with a status of 429 () @ https://syndication.twitter.com/srv/timeline-profile/screen-name/nasa:0
[     953ms] [ERROR] ErrorUtils caught an error:

Could not find element "u_1_28_zH" [Caught in: Module "__elem_a588f507_1_0_0Z"]

Subsequent non-fatal errors won't be logged; see https://fburl.com/debugjs. {column: 180, clientTime: 1785705811, extra: Object, guardList: Array(4), hash: ewhffp} @ https://static.xx.fbcdn.net/rsrc.php/v4/yQ/r/zLDa5Re8dUc.js:78
[     955ms] [ERROR] ErrorUtils caught an error:

DataStore.get: namespace is required, got undefined

Subsequent non-fatal errors won't be logged; see https://fburl.com/debugjs. {column: 712, clientTime: 1785705811, extra: Object, guardList: Array(4), hash: ima00y} @ https://static.xx.fbcdn.net/rsrc.php/v4/yQ/r/zLDa5Re8dUc.js:78
[     958ms] [ERROR] ErrorUtils caught an error:

Could not find element "u_1_3_AG" [Caught in: Module "__elem_9fc087ed_1_0_qY"]

Subsequent non-fatal errors won't be logged; see https://fburl.com/debugjs. {column: 180, clientTime: 1785705811, extra: Object, guardList: Array(4), hash: ewhffp} @ https://static.xx.fbcdn.net/rsrc.php/v4/yQ/r/zLDa5Re8dUc.js:78
[     958ms] [ERROR] ErrorUtils caught an error:

Could not find element "u_1_3_AG" [Caught in: Module "__elem_9fc087ed_1_0_qY"] [Caught in: Requiring module "__elem_9fc087ed_1_0_qY" which threw an exception]

Subsequent non-fatal errors won't be logged; see https://fburl.com/debugjs. {column: 180, clientTime: 1785705811, extra: Object, guardList: Array(4), hash: ewhffp} @ https://static.xx.fbcdn.net/rsrc.php/v4/yQ/r/zLDa5Re8dUc.js:78
[     959ms] [ERROR] ErrorUtils caught an error:

Could not find element "u_1_2_ad" [Caught in: Module "__elem_9fc087ed_1_1_Iq"]

Subsequent non-fatal errors won't be logged; see https://fburl.com/debugjs. {column: 180, clientTime: 1785705811, extra: Object, guardList: Array(4), hash: ewhffp} @ https://static.xx.fbcdn.net/rsrc.php/v4/yQ/r/zLDa5Re8dUc.js:78
[     960ms] [ERROR] ErrorUtils caught an error:

Could not find element "u_1_2_ad" [Caught in: Module "__elem_9fc087ed_1_1_Iq"] [Caught in: Requiring module "__elem_9fc087ed_1_1_Iq" which threw an exception]

Subsequent non-fatal errors won't be logged; see https://fburl.com/debugjs. {column: 180, clientTime: 1785705811, extra: Object, guardList: Array(4), hash: ewhffp} @ https://static.xx.fbcdn.net/rsrc.php/v4/yQ/r/zLDa5Re8dUc.js:78
[     960ms] [ERROR] ErrorUtils caught an error:

Could not find element "u_1_1_u3" [Caught in: Module "__elem_9fc087ed_1_2_CB"]

Subsequent non-fatal errors won't be logged; see https://fburl.com/debugjs. {column: 180, clientTime: 1785705811, extra: Object, guardList: Array(4), hash: ewhffp} @ https://static.xx.fbcdn.net/rsrc.php/v4/yQ/r/zLDa5Re8dUc.js:78
[     961ms] [ERROR] ErrorUtils caught an error:

Could not find element "u_1_1_u3" [Caught in: Module "__elem_9fc087ed_1_2_CB"] [Caught in: Requiring module "__elem_9fc087ed_1_2_CB" which threw an exception]

Subsequent non-fatal errors won't be logged; see https://fburl.com/debugjs. {column: 180, clientTime: 1785705811, extra: Object, guardList: Array(4), hash: ewhffp} @ https://static.xx.fbcdn.net/rsrc.php/v4/yQ/r/zLDa5Re8dUc.js:78
[     962ms] [ERROR] ErrorUtils caught an error:

Could not find element "u_1_4_8u" [Caught in: Module "__elem_9fc087ed_1_3_lX"]

Subsequent non-fatal errors won't be logged; see https://fburl.com/debugjs. {column: 180, clientTime: 1785705811, extra: Object, guardList: Array(4), hash: ewhffp} @ https://static.xx.fbcdn.net/rsrc.php/v4/yQ/r/zLDa5Re8dUc.js:78
[     963ms] [ERROR] ErrorUtils caught an error:

Could not find element "u_1_4_8u" [Caught in: Module "__elem_9fc087ed_1_3_lX"] [Caught in: Requiring module "__elem_9fc087ed_1_3_lX" which threw an exception]

Subsequent non-fatal errors won't be logged; see https://fburl.com/debugjs. {column: 180, clientTime: 1785705811, extra: Object, guardList: Array(4), hash: ewhffp} @ https://static.xx.fbcdn.net/rsrc.php/v4/yQ/r/zLDa5Re8dUc.js:78
[     964ms] [ERROR] ErrorUtils caught an error:

Could not find element "u_1_0_FZ" [Caught in: Module "__elem_9fc087ed_1_4_ao"]

Subsequent non-fatal errors won't be logged; see https://fburl.com/debugjs. {column: 180, clientTime: 1785705811, extra: Object, guardList: Array(4), hash: ewhffp} @ https://static.xx.fbcdn.net/rsrc.php/v4/yQ/r/zLDa5Re8dUc.js:78
[     965ms] [ERROR] ErrorUtils caught an error:

Could not find element "u_1_0_FZ" [Caught in: Module "__elem_9fc087ed_1_4_ao"] [Caught in: Requiring module "__elem_9fc087ed_1_4_ao" which threw an exception]

Subsequent non-fatal errors won't be logged; see https://fburl.com/debugjs. {column: 180, clientTime: 1785705811, extra: Object, guardList: Array(4), hash: ewhffp} @ https://static.xx.fbcdn.net/rsrc.php/v4/yQ/r/zLDa5Re8dUc.js:78
[     966ms] [ERROR] ErrorUtils caught an error:

Could not find element "u_1_27_Ml" [Caught in: Module "__elem_fc9f538f_1_0_ob"]

Subsequent non-fatal errors won't be logged; see https://fburl.com/debugjs. {column: 180, clientTime: 1785705811, extra: Object, guardList: Array(4), hash: jqshpt} @ https://static.xx.fbcdn.net/rsrc.php/v4/yQ/r/zLDa5Re8dUc.js:78
[     967ms] [ERROR] ErrorUtils caught an error:

Could not find element "u_1_19_jy" [Caught in: Module "__elem_fc9f538f_1_1_vh"]

Subsequent non-fatal errors won't be logged; see https://fburl.com/debugjs. {column: 180, clientTime: 1785705811, extra: Object, guardList: Array(4), hash: jqshpt} @ https://static.xx.fbcdn.net/rsrc.php/v4/yQ/r/zLDa5Re8dUc.js:78
[     968ms] [ERROR] ErrorUtils caught an error:

Could not find element "u_1_1t_lB" [Caught in: Module "__elem_fc9f538f_1_2_e8"]

Subsequent non-fatal errors won't be logged; see https://fburl.com/debugjs. {column: 180, clientTime: 1785705811, extra: Object, guardList: Array(4), hash: jqshpt} @ https://static.xx.fbcdn.net/rsrc.php/v4/yQ/r/zLDa5Re8dUc.js:78
[     970ms] [ERROR] ErrorUtils caught an error:

Could not find element "u_1_1j_8s" [Caught in: Module "__elem_fc9f538f_1_3_VT"]

Subsequent non-fatal errors won't be logged; see https://fburl.com/debugjs. {column: 180, clientTime: 1785705811, extra: Object, guardList: Array(4), hash: jqshpt} @ https://static.xx.fbcdn.net/rsrc.php/v4/yQ/r/zLDa5Re8dUc.js:78
[     971ms] [ERROR] ErrorUtils caught an error:

Could not find element "u_1_n_WX" [Caught in: Module "__elem_fc9f538f_1_4_t/"]

Subsequent non-fatal errors won't be logged; see https://fburl.com/debugjs. {column: 180, clientTime: 1785705811, extra: Object, guardList: Array(4), hash: jqshpt} @ https://static.xx.fbcdn.net/rsrc.php/v4/yQ/r/zLDa5Re8dUc.js:78
[     972ms] [ERROR] ErrorUtils caught an error:

Could not find element "u_1_b_SJ" [Caught in: Module "__elem_a588f507_1_2_3N"]

Subsequent non-fatal errors won't be logged; see https://fburl.com/debugjs. {column: 180, clientTime: 1785705811, extra: Object, guardList: Array(4), hash: ewhffp} @ https://static.xx.fbcdn.net/rsrc.php/v4/yQ/r/zLDa5Re8dUc.js:78
[     972ms] [ERROR] ErrorUtils caught an error:

Could not find element "u_1_c_AH" [Caught in: Module "__elem_de92090e_1_0_Xa"]

Subsequent non-fatal errors won't be logged; see https://fburl.com/debugjs. {column: 180, clientTime: 1785705811, extra: Object, guardList: Array(4), hash: ewhffp} @ https://static.xx.fbcdn.net/rsrc.php/v4/yQ/r/zLDa5Re8dUc.js:78
[     973ms] [ERROR] ErrorUtils caught an error:

Could not find element "u_1_d_+q" [Caught in: Module "__elem_072b8e64_1_0_WH"]

Subsequent non-fatal errors won't be logged; see https://fburl.com/debugjs. {column: 180, clientTime: 1785705811, extra: Object, guardList: Array(4), hash: ewhffp} @ https://static.xx.fbcdn.net/rsrc.php/v4/yQ/r/zLDa5Re8dUc.js:78
[     974ms] [ERROR] ErrorUtils caught an error:

Could not find element "u_1_e_XF" [Caught in: Module "__elem_a588f507_1_3_sE"]

Subsequent non-fatal errors won't be logged; see https://fburl.com/debugjs. {column: 180, clientTime: 1785705811, extra: Object, guardList: Array(4), hash: ewhffp} @ https://static.xx.fbcdn.net/rsrc.php/v4/yQ/r/zLDa5Re8dUc.js:78
[     975ms] [ERROR] ErrorUtils caught an error:

Could not find element "u_1_f_nP" [Caught in: Module "__elem_de92090e_1_1_hJ"]

Subsequent non-fatal errors won't be logged; see https://fburl.com/debugjs. {column: 180, clientTime: 1785705811, extra: Object, guardList: Array(4), hash: ewhffp} @ https://static.xx.fbcdn.net/rsrc.php/v4/yQ/r/zLDa5Re8dUc.js:78
[     976ms] [ERROR] ErrorUtils caught an error:

Could not find element "u_1_g_MK" [Caught in: Module "__elem_072b8e64_1_1_Zv"]

Subsequent non-fatal errors won't be logged; see https://fburl.com/debugjs. {column: 180, clientTime: 1785705811, extra: Object, guardList: Array(4), hash: ewhffp} @ https://static.xx.fbcdn.net/rsrc.php/v4/yQ/r/zLDa5Re8dUc.js:78
[     977ms] [ERROR] ErrorUtils caught an error:

Could not find element "u_1_h_Ow" [Caught in: Module "__elem_a588f507_1_4_xN"]

Subsequent non-fatal errors won't be logged; see https://fburl.com/debugjs. {column: 180, clientTime: 1785705811, extra: Object, guardList: Array(4), hash: ewhffp} @ https://static.xx.fbcdn.net/rsrc.php/v4/yQ/r/zLDa5Re8dUc.js:78
[     977ms] [ERROR] ErrorUtils caught an error:

Could not find element "u_1_i_jj" [Caught in: Module "__elem_de92090e_1_2_jU"]

Subsequent non-fatal errors won't be logged; see https://fburl.com/debugjs. {column: 180, clientTime: 1785705811, extra: Object, guardList: Array(4), hash: ewhffp} @ https://static.xx.fbcdn.net/rsrc.php/v4/yQ/r/zLDa5Re8dUc.js:78
[     978ms] [ERROR] ErrorUtils caught an error:

Could not find element "u_1_j_o/" [Caught in: Module "__elem_072b8e64_1_2_FH"]

Subsequent non-fatal errors won't be logged; see https://fburl.com/debugjs. {column: 180, clientTime: 1785705811, extra: Object, guardList: Array(4), hash: ewhffp} @ https://static.xx.fbcdn.net/rsrc.php/v4/yQ/r/zLDa5Re8dUc.js:78
[     979ms] [ERROR] ErrorUtils caught an error:

Could not find element "u_1_k_9z" [Caught in: Module "__elem_a588f507_1_5_oT"]

Subsequent non-fatal errors won't be logged; see https://fburl.com/debugjs. {column: 180, clientTime: 1785705811, extra: Object, guardList: Array(4), hash: ewhffp} @ https://static.xx.fbcdn.net/rsrc.php/v4/yQ/r/zLDa5Re8dUc.js:78
[     980ms] [ERROR] ErrorUtils caught an error:

Could not find element "u_1_l_xY" [Caught in: Module "__elem_de92090e_1_3_D9"]

Subsequent non-fatal errors won't be logged; see https://fburl.com/debugjs. {column: 180, clientTime: 1785705811, extra: Object, guardList: Array(4), hash: ewhffp} @ https://static.xx.fbcdn.net/rsrc.php/v4/yQ/r/zLDa5Re8dUc.js:78
[     981ms] [ERROR] ErrorUtils caught an error:

Could not find element "u_1_m_eD" [Caught in: Module "__elem_072b8e64_1_3_tb"]

Subsequent non-fatal errors won't be logged; see https://fburl.com/debugjs. {column: 180, clientTime: 1785705811, extra: Object, guardList: Array(4), hash: ewhffp} @ https://static.xx.fbcdn.net/rsrc.php/v4/yQ/r/zLDa5Re8dUc.js:78
[     982ms] [ERROR] ErrorUtils caught an error:

Could not find element "u_1_r_9A" [Caught in: Module "__elem_a588f507_1_6_gY"]

Subsequent non-fatal errors won't be logged; see https://fburl.com/debugjs. {column: 180, clientTime: 1785705811, extra: Object, guardList: Array(4), hash: ewhffp} @ https://static.xx.fbcdn.net/rsrc.php/v4/yQ/r/zLDa5Re8dUc.js:78
[     983ms] [ERROR] ErrorUtils caught an error:

Could not find element "u_1_s_E3" [Caught in: Module "__elem_de92090e_1_4_J0"]

Subsequent non-fatal errors won't be logged; see https://fburl.com/debugjs. {column: 180, clientTime: 1785705811, extra: Object, guardList: Array(4), hash: ewhffp} @ https://static.xx.fbcdn.net/rsrc.php/v4/yQ/r/zLDa5Re8dUc.js:78
[     984ms] [ERROR] ErrorUtils caught an error:

Could not find element "u_1_t_sO" [Caught in: Module "__elem_072b8e64_1_4_f9"]

Subsequent non-fatal errors won't be logged; see https://fburl.com/debugjs. {column: 180, clientTime: 1785705811, extra: Object, guardList: Array(4), hash: ewhffp} @ https://static.xx.fbcdn.net/rsrc.php/v4/yQ/r/zLDa5Re8dUc.js:78
[     985ms] [ERROR] ErrorUtils caught an error:

Could not find element "u_1_26_Z6" [Caught in: Module "__elem_da4ef9a3_1_0_Vt"]

Subsequent non-fatal errors won't be logged; see https://fburl.com/debugjs. {column: 180, clientTime: 1785705811, extra: Object, guardList: Array(4), hash: ewhffp} @ https://static.xx.fbcdn.net/rsrc.php/v4/yQ/r/zLDa5Re8dUc.js:78
[     986ms] [ERROR] ErrorUtils caught an error:

Could not find element "u_1_1k_Kg" [Caught in: Module "__elem_a648e52c_1_0_mK"]

Subsequent non-fatal errors won't be logged; see https://fburl.com/debugjs. {column: 180, clientTime: 1785705811, extra: Object, guardList: Array(4), hash: ewhffp} @ https://static.xx.fbcdn.net/rsrc.php/v4/yQ/r/zLDa5Re8dUc.js:78
[     990ms] [ERROR] ErrorUtils caught an error:

Could not find element "u_1_1n_Qx" [Caught in: Module "__elem_3533c634_1_0_GH"] [Caught in: Module "__inst_3533c634_1_0_jU"] [Caught in: Module "__inst_a648e52c_1_0_Au"]

Subsequent non-fatal errors won't be logged; see https://fburl.com/debugjs. {column: 180, clientTime: 1785705811, extra: Object, guardList: Array(4), hash: jxzjvr} @ https://static.xx.fbcdn.net/rsrc.php/v4/yQ/r/zLDa5Re8dUc.js:78
[     990ms] [ERROR] ErrorUtils caught an error:

Could not find element "u_1_1n_Qx" [Caught in: Module "__elem_3533c634_1_0_GH"] [Caught in: Module "__inst_3533c634_1_0_jU"] [Caught in: Module "__inst_a648e52c_1_0_Au"] [Caught in: Requiring module "__inst_3533c634_1_0_jU" which threw an exception]

Subsequent non-fatal errors won't be logged; see https://fburl.com/debugjs. {column: 180, clientTime: 1785705811, extra: Object, guardList: Array(4), hash: jxzjvr} @ https://static.xx.fbcdn.net/rsrc.php/v4/yQ/r/zLDa5Re8dUc.js:78
[     991ms] [ERROR] ErrorUtils caught an error:

Could not find element "u_1_1o_QK" [Caught in: Module "__elem_2223e126_1_0_1y"] [Caught in: Module "__inst_2223e126_1_0_Z4"]

Subsequent non-fatal errors won't be logged; see https://fburl.com/debugjs. {column: 180, clientTime: 1785705811, extra: Object, guardList: Array(4), hash: cvdoyv} @ https://static.xx.fbcdn.net/rsrc.php/v4/yQ/r/zLDa5Re8dUc.js:78
[     992ms] [ERROR] ErrorUtils caught an error:

Could not find element "u_1_u_78" [Caught in: Module "__elem_8937e029_1_0_qb"]

Subsequent non-fatal errors won't be logged; see https://fburl.com/debugjs. {column: 180, clientTime: 1785705811, extra: Object, guardList: Array(4), hash: ewhffp} @ https://static.xx.fbcdn.net/rsrc.php/v4/yQ/r/zLDa5Re8dUc.js:78
[     993ms] [ERROR] ErrorUtils caught an error:

Could not find element "u_1_1n_Qx" [Caught in: Module "__elem_3533c634_1_0_GH"] [Caught in: Module "__inst_3533c634_1_0_jU"] [Caught in: Module "__inst_a648e52c_1_0_Au"] [Caught in: Requiring module "__inst_3533c634_1_0_jU" which threw an exception] [Caught in: Requiring module "__inst_a648e52c_1_0_Au" which threw an exception] [Caught in: Module "__inst_3f1e98e4_1_0_ou"]

Subsequent non-fatal errors won't be logged; see https://fburl.com/debugjs. {column: 180, clientTime: 1785705811, extra: Object, guardList: Array(4), hash: jxzjvr} @ https://static.xx.fbcdn.net/rsrc.php/v4/yQ/r/zLDa5Re8dUc.js:78
[     994ms] [ERROR] ErrorUtils caught an error:

Could not find element "u_1_1n_Qx" [Caught in: Module "__elem_3533c634_1_0_GH"] [Caught in: Module "__inst_3533c634_1_0_jU"] [Caught in: Module "__inst_a648e52c_1_0_Au"] [Caught in: Requiring module "__inst_3533c634_1_0_jU" which threw an exception] [Caught in: Requiring module "__inst_a648e52c_1_0_Au" which threw an exception] [Caught in: Module "__inst_3f1e98e4_1_0_ou"] [Caught in: Requiring module "__inst_a648e52c_1_0_Au" which threw an exception] [Caught in: Module "__inst_0bcc40a7_1_0_qq"]

Subsequent non-fatal errors won't be logged; see https://fburl.com/debugjs. {column: 180, clientTime: 1785705811, extra: Object, guardList: Array(4), hash: jxzjvr} @ https://static.xx.fbcdn.net/rsrc.php/v4/yQ/r/zLDa5Re8dUc.js:78
[     995ms] [ERROR] ErrorUtils caught an error:

Could not find element "u_1_1n_Qx" [Caught in: Module "__elem_3533c634_1_0_GH"] [Caught in: Module "__inst_3533c634_1_0_jU"] [Caught in: Module "__inst_a648e52c_1_0_Au"] [Caught in: Requiring module "__inst_3533c634_1_0_jU" which threw an exception] [Caught in: Requiring module "__inst_a648e52c_1_0_Au" which threw an exception] [Caught in: Module "__inst_3f1e98e4_1_0_ou"] [Caught in: Requiring module "__inst_a648e52c_1_0_Au" which threw an exception] [Caught in: Module "__inst_0bcc40a7_1_0_qq"] [Caught in: Requiring module "__inst_a648e52c_1_0_Au" which threw an exception] [Caught in: Module "__inst_553e54ec_1_0_cZ"]

Subsequent non-fatal errors won't be logged; see https://fburl.com/debugjs. {column: 180, clientTime: 1785705811, extra: Object, guardList: Array(4), hash: jxzjvr} @ https://static.xx.fbcdn.net/rsrc.php/v4/yQ/r/zLDa5Re8dUc.js:78
[     996ms] [ERROR] ErrorUtils caught an error:

Could not find element "u_1_1n_Qx" [Caught in: Module "__elem_3533c634_1_0_GH"] [Caught in: Module "__inst_3533c634_1_0_jU"] [Caught in: Module "__inst_a648e52c_1_0_Au"] [Caught in: Requiring module "__inst_3533c634_1_0_jU" which threw an exception] [Caught in: Requiring module "__inst_a648e52c_1_0_Au" which threw an exception] [Caught in: Module "__inst_3f1e98e4_1_0_ou"] [Caught in: Requiring module "__inst_a648e52c_1_0_Au" which threw an exception] [Caught in: Module "__inst_0bcc40a7_1_0_qq"] [Caught in: Requiring module "__inst_a648e52c_1_0_Au" which threw an exception] [Caught in: Module "__inst_553e54ec_1_0_cZ"] [Caught in: Requiring module "__inst_a648e52c_1_0_Au" which threw an exception] [Caught in: Module "__inst_98d9a45e_1_0_80"]

Subsequent non-fatal errors won't be logged; see https://fburl.com/debugjs. {column: 180, clientTime: 1785705811, extra: Object, guardList: Array(4), hash: jxzjvr} @ https://static.xx.fbcdn.net/rsrc.php/v4/yQ/r/zLDa5Re8dUc.js:78
[     997ms] [ERROR] ErrorUtils caught an error:

Could not find element "u_1_1n_Qx" [Caught in: Module "__elem_3533c634_1_0_GH"] [Caught in: Module "__inst_3533c634_1_0_jU"] [Caught in: Module "__inst_a648e52c_1_0_Au"] [Caught in: Requiring module "__inst_3533c634_1_0_jU" which threw an exception] [Caught in: Requiring module "__inst_a648e52c_1_0_Au" which threw an exception] [Caught in: Module "__inst_3f1e98e4_1_0_ou"] [Caught in: Requiring module "__inst_a648e52c_1_0_Au" which threw an exception] [Caught in: Module "__inst_0bcc40a7_1_0_qq"] [Caught in: Requiring module "__inst_a648e52c_1_0_Au" which threw an exception] [Caught in: Module "__inst_553e54ec_1_0_cZ"] [Caught in: Requiring module "__inst_a648e52c_1_0_Au" which threw an exception] [Caught in: Module "__inst_98d9a45e_1_0_80"] [Caught in: Requiring module "__inst_a648e52c_1_0_Au" which threw an exception] [Caught in: Module "__inst_cb5ee3f2_1_0_LY"]

Subsequent non-fatal errors won't be logged; see https://fburl.com/debugjs. {column: 180, clientTime: 1785705811, extra: Object, guardList: Array(4), hash: jxzjvr} @ https://static.xx.fbcdn.net/rsrc.php/v4/yQ/r/zLDa5Re8dUc.js:78
[     998ms] [ERROR] ErrorUtils caught an error:

Could not find element "u_1_1a_wV" [Caught in: Module "__elem_a648e52c_1_1_oa"]

Subsequent non-fatal errors won't be logged; see https://fburl.com/debugjs. {column: 180, clientTime: 1785705811, extra: Object, guardList: Array(4), hash: ewhffp} @ https://static.xx.fbcdn.net/rsrc.php/v4/yQ/r/zLDa5Re8dUc.js:78
[     999ms] [ERROR] ErrorUtils caught an error:

Could not find element "u_1_1d_1r" [Caught in: Module "__elem_3533c634_1_1_X4"] [Caught in: Module "__inst_3533c634_1_1_t8"] [Caught in: Module "__inst_a648e52c_1_1_Ev"]

Subsequent non-fatal errors won't be logged; see https://fburl.com/debugjs. {column: 180, clientTime: 1785705811, extra: Object, guardList: Array(4), hash: jxzjvr} @ https://static.xx.fbcdn.net/rsrc.php/v4/yQ/r/zLDa5Re8dUc.js:78
[    1000ms] [ERROR] ErrorUtils caught an error:

Could not find element "u_1_1d_1r" [Caught in: Module "__elem_3533c634_1_1_X4"] [Caught in: Module "__inst_3533c634_1_1_t8"] [Caught in: Module "__inst_a648e52c_1_1_Ev"] [Caught in: Requiring module "__inst_3533c634_1_1_t8" which threw an exception]

Subsequent non-fatal errors won't be logged; see https://fburl.com/debugjs. {column: 180, clientTime: 1785705811, extra: Object, guardList: Array(4), hash: jxzjvr} @ https://static.xx.fbcdn.net/rsrc.php/v4/yQ/r/zLDa5Re8dUc.js:78
[    1001ms] [ERROR] ErrorUtils caught an error:

Could not find element "u_1_1e_Ya" [Caught in: Module "__elem_2223e126_1_1_VQ"] [Caught in: Module "__inst_2223e126_1_1_D0"]

Subsequent non-fatal errors won't be logged; see https://fburl.com/debugjs. {column: 180, clientTime: 1785705811, extra: Object, guardList: Array(4), hash: cvdoyv} @ https://static.xx.fbcdn.net/rsrc.php/v4/yQ/r/zLDa5Re8dUc.js:78
[    1001ms] [ERROR] ErrorUtils caught an error:

Could not find element "u_1_w_jL" [Caught in: Module "__elem_8937e029_1_1_iU"]

Subsequent non-fatal errors won't be logged; see https://fburl.com/debugjs. {column: 180, clientTime: 1785705811, extra: Object, guardList: Array(4), hash: ewhffp} @ https://static.xx.fbcdn.net/rsrc.php/v4/yQ/r/zLDa5Re8dUc.js:78
[    1002ms] [ERROR] ErrorUtils caught an error:

Could not find element "u_1_1d_1r" [Caught in: Module "__elem_3533c634_1_1_X4"] [Caught in: Module "__inst_3533c634_1_1_t8"] [Caught in: Module "__inst_a648e52c_1_1_Ev"] [Caught in: Requiring module "__inst_3533c634_1_1_t8" which threw an exception] [Caught in: Requiring module "__inst_a648e52c_1_1_Ev" which threw an exception] [Caught in: Module "__inst_3f1e98e4_1_1_vm"]

Subsequent non-fatal errors won't be logged; see https://fburl.com/debugjs. {column: 180, clientTime: 1785705811, extra: Object, guardList: Array(4), hash: jxzjvr} @ https://static.xx.fbcdn.net/rsrc.php/v4/yQ/r/zLDa5Re8dUc.js:78
[    1003ms] [ERROR] ErrorUtils caught an error:

Could not find element "u_1_1d_1r" [Caught in: Module "__elem_3533c634_1_1_X4"] [Caught in: Module "__inst_3533c634_1_1_t8"] [Caught in: Module "__inst_a648e52c_1_1_Ev"] [Caught in: Requiring module "__inst_3533c634_1_1_t8" which threw an exception] [Caught in: Requiring module "__inst_a648e52c_1_1_Ev" which threw an exception] [Caught in: Module "__inst_3f1e98e4_1_1_vm"] [Caught in: Requiring module "__inst_a648e52c_1_1_Ev" which threw an exception] [Caught in: Module "__inst_0bcc40a7_1_1_PG"]

Subsequent non-fatal errors won't be logged; see https://fburl.com/debugjs. {column: 180, clientTime: 1785705811, extra: Object, guardList: Array(4), hash: jxzjvr} @ https://static.xx.fbcdn.net/rsrc.php/v4/yQ/r/zLDa5Re8dUc.js:78
[    1003ms] [ERROR] ErrorUtils caught an error:

Could not find element "u_1_1d_1r" [Caught in: Module "__elem_3533c634_1_1_X4"] [Caught in: Module "__inst_3533c634_1_1_t8"] [Caught in: Module "__inst_a648e52c_1_1_Ev"] [Caught in: Requiring module "__inst_3533c634_1_1_t8" which threw an exception] [Caught in: Requiring module "__inst_a648e52c_1_1_Ev" which threw an exception] [Caught in: Module "__inst_3f1e98e4_1_1_vm"] [Caught in: Requiring module "__inst_a648e52c_1_1_Ev" which threw an exception] [Caught in: Module "__inst_0bcc40a7_1_1_PG"] [Caught in: Requiring module "__inst_a648e52c_1_1_Ev" which threw an exception] [Caught in: Module "__inst_553e54ec_1_1_F0"]

Subsequent non-fatal errors won't be logged; see https://fburl.com/debugjs. {column: 180, clientTime: 1785705811, extra: Object, guardList: Array(4), hash: jxzjvr} @ https://static.xx.fbcdn.net/rsrc.php/v4/yQ/r/zLDa5Re8dUc.js:78
[    1004ms] [ERROR] ErrorUtils caught an error:

Could not find element "u_1_1d_1r" [Caught in: Module "__elem_3533c634_1_1_X4"] [Caught in: Module "__inst_3533c634_1_1_t8"] [Caught in: Module "__inst_a648e52c_1_1_Ev"] [Caught in: Requiring module "__inst_3533c634_1_1_t8" which threw an exception] [Caught in: Requiring module "__inst_a648e52c_1_1_Ev" which threw an exception] [Caught in: Module "__inst_3f1e98e4_1_1_vm"] [Caught in: Requiring module "__inst_a648e52c_1_1_Ev" which threw an exception] [Caught in: Module "__inst_0bcc40a7_1_1_PG"] [Caught in: Requiring module "__inst_a648e52c_1_1_Ev" which threw an exception] [Caught in: Module "__inst_553e54ec_1_1_F0"] [Caught in: Requiring module "__inst_a648e52c_1_1_Ev" which threw an exception] [Caught in: Module "__inst_98d9a45e_1_1_pq"]

Subsequent non-fatal errors won't be logged; see https://fburl.com/debugjs. {column: 180, clientTime: 1785705811, extra: Object, guardList: Array(4), hash: jxzjvr} @ https://static.xx.fbcdn.net/rsrc.php/v4/yQ/r/zLDa5Re8dUc.js:78
[    1004ms] [ERROR] ErrorUtils caught an error:

Could not find element "u_1_1d_1r" [Caught in: Module "__elem_3533c634_1_1_X4"] [Caught in: Module "__inst_3533c634_1_1_t8"] [Caught in: Module "__inst_a648e52c_1_1_Ev"] [Caught in: Requiring module "__inst_3533c634_1_1_t8" which threw an exception] [Caught in: Requiring module "__inst_a648e52c_1_1_Ev" which threw an exception] [Caught in: Module "__inst_3f1e98e4_1_1_vm"] [Caught in: Requiring module "__inst_a648e52c_1_1_Ev" which threw an exception] [Caught in: Module "__inst_0bcc40a7_1_1_PG"] [Caught in: Requiring module "__inst_a648e52c_1_1_Ev" which threw an exception] [Caught in: Module "__inst_553e54ec_1_1_F0"] [Caught in: Requiring module "__inst_a648e52c_1_1_Ev" which threw an exception] [Caught in: Module "__inst_98d9a45e_1_1_pq"] [Caught in: Requiring module "__inst_a648e52c_1_1_Ev" which threw an exception] [Caught in: Module "__inst_cb5ee3f2_1_1_9c"]

Subsequent non-fatal errors won't be logged; see https://fburl.com/debugjs. {column: 180, clientTime: 1785705811, extra: Object, guardList: Array(4), hash: jxzjvr} @ https://static.xx.fbcdn.net/rsrc.php/v4/yQ/r/zLDa5Re8dUc.js:78
[    1005ms] [ERROR] ErrorUtils caught an error:

Could not find element "u_1_10_1K" [Caught in: Module "__elem_a648e52c_1_2_TA"]

Subsequent non-fatal errors won't be logged; see https://fburl.com/debugjs. {column: 180, clientTime: 1785705811, extra: Object, guardList: Array(4), hash: ewhffp} @ https://static.xx.fbcdn.net/rsrc.php/v4/yQ/r/zLDa5Re8dUc.js:78
[    1006ms] [ERROR] ErrorUtils caught an error:

Could not find element "u_1_13_af" [Caught in: Module "__elem_3533c634_1_2_WO"] [Caught in: Module "__inst_3533c634_1_2_tq"] [Caught in: Module "__inst_a648e52c_1_2_Xo"]

Subsequent non-fatal errors won't be logged; see https://fburl.com/debugjs. {column: 180, clientTime: 1785705811, extra: Object, guardList: Array(4), hash: jxzjvr} @ https://static.xx.fbcdn.net/rsrc.php/v4/yQ/r/zLDa5Re8dUc.js:78
[    1007ms] [ERROR] ErrorUtils caught an error:

Could not find element "u_1_13_af" [Caught in: Module "__elem_3533c634_1_2_WO"] [Caught in: Module "__inst_3533c634_1_2_tq"] [Caught in: Module "__inst_a648e52c_1_2_Xo"] [Caught in: Requiring module "__inst_3533c634_1_2_tq" which threw an exception]

Subsequent non-fatal errors won't be logged; see https://fburl.com/debugjs. {column: 180, clientTime: 1785705811, extra: Object, guardList: Array(4), hash: jxzjvr} @ https://static.xx.fbcdn.net/rsrc.php/v4/yQ/r/zLDa5Re8dUc.js:78
[    1007ms] [ERROR] ErrorUtils caught an error:

Could not find element "u_1_14_6B" [Caught in: Module "__elem_2223e126_1_2_aw"] [Caught in: Module "__inst_2223e126_1_2_NO"]

Subsequent non-fatal errors won't be logged; see https://fburl.com/debugjs. {column: 180, clientTime: 1785705811, extra: Object, guardList: Array(4), hash: cvdoyv} @ https://static.xx.fbcdn.net/rsrc.php/v4/yQ/r/zLDa5Re8dUc.js:78
[    1008ms] [ERROR] ErrorUtils caught an error:

Could not find element "u_1_y_Kx" [Caught in: Module "__elem_8937e029_1_2_SG"]

Subsequent non-fatal errors won't be logged; see https://fburl.com/debugjs. {column: 180, clientTime: 1785705811, extra: Object, guardList: Array(4), hash: ewhffp} @ https://static.xx.fbcdn.net/rsrc.php/v4/yQ/r/zLDa5Re8dUc.js:78
[    1010ms] [ERROR] ErrorUtils caught an error:

Could not find element "u_1_13_af" [Caught in: Module "__elem_3533c634_1_2_WO"] [Caught in: Module "__inst_3533c634_1_2_tq"] [Caught in: Module "__inst_a648e52c_1_2_Xo"] [Caught in: Requiring module "__inst_3533c634_1_2_tq" which threw an exception] [Caught in: Requiring module "__inst_a648e52c_1_2_Xo" which threw an exception] [Caught in: Module "__inst_3f1e98e4_1_2_3A"]

Subsequent non-fatal errors won't be logged; see https://fburl.com/debugjs. {column: 180, clientTime: 1785705811, extra: Object, guardList: Array(4), hash: jxzjvr} @ https://static.xx.fbcdn.net/rsrc.php/v4/yQ/r/zLDa5Re8dUc.js:78
[    1011ms] [ERROR] ErrorUtils caught an error:

Could not find element "u_1_13_af" [Caught in: Module "__elem_3533c634_1_2_WO"] [Caught in: Module "__inst_3533c634_1_2_tq"] [Caught in: Module "__inst_a648e52c_1_2_Xo"] [Caught in: Requiring module "__inst_3533c634_1_2_tq" which threw an exception] [Caught in: Requiring module "__inst_a648e52c_1_2_Xo" which threw an exception] [Caught in: Module "__inst_3f1e98e4_1_2_3A"] [Caught in: Requiring module "__inst_a648e52c_1_2_Xo" which threw an exception] [Caught in: Module "__inst_0bcc40a7_1_2_uW"]

Subsequent non-fatal errors won't be logged; see https://fburl.com/debugjs. {column: 180, clientTime: 1785705811, extra: Object, guardList: Array(4), hash: jxzjvr} @ https://static.xx.fbcdn.net/rsrc.php/v4/yQ/r/zLDa5Re8dUc.js:78
[    1012ms] [ERROR] ErrorUtils caught an error:

Could not find element "u_1_13_af" [Caught in: Module "__elem_3533c634_1_2_WO"] [Caught in: Module "__inst_3533c634_1_2_tq"] [Caught in: Module "__inst_a648e52c_1_2_Xo"] [Caught in: Requiring module "__inst_3533c634_1_2_tq" which threw an exception] [Caught in: Requiring module "__inst_a648e52c_1_2_Xo" which threw an exception] [Caught in: Module "__inst_3f1e98e4_1_2_3A"] [Caught in: Requiring module "__inst_a648e52c_1_2_Xo" which threw an exception] [Caught in: Module "__inst_0bcc40a7_1_2_uW"] [Caught in: Requiring module "__inst_a648e52c_1_2_Xo" which threw an exception] [Caught in: Module "__inst_553e54ec_1_2_Uj"]

Subsequent non-fatal errors won't be logged; see https://fburl.com/debugjs. {column: 180, clientTime: 1785705811, extra: Object, guardList: Array(4), hash: jxzjvr} @ https://static.xx.fbcdn.net/rsrc.php/v4/yQ/r/zLDa5Re8dUc.js:78
[    1013ms] [ERROR] ErrorUtils caught an error:

Could not find element "u_1_13_af" [Caught in: Module "__elem_3533c634_1_2_WO"] [Caught in: Module "__inst_3533c634_1_2_tq"] [Caught in: Module "__inst_a648e52c_1_2_Xo"] [Caught in: Requiring module "__inst_3533c634_1_2_tq" which threw an exception] [Caught in: Requiring module "__inst_a648e52c_1_2_Xo" which threw an exception] [Caught in: Module "__inst_3f1e98e4_1_2_3A"] [Caught in: Requiring module "__inst_a648e52c_1_2_Xo" which threw an exception] [Caught in: Module "__inst_0bcc40a7_1_2_uW"] [Caught in: Requiring module "__inst_a648e52c_1_2_Xo" which threw an exception] [Caught in: Module "__inst_553e54ec_1_2_Uj"] [Caught in: Requiring module "__inst_a648e52c_1_2_Xo" which threw an exception] [Caught in: Module "__inst_98d9a45e_1_2_pk"]

Subsequent non-fatal errors won't be logged; see https://fburl.com/debugjs. {column: 180, clientTime: 1785705811, extra: Object, guardList: Array(4), hash: jxzjvr} @ https://static.xx.fbcdn.net/rsrc.php/v4/yQ/r/zLDa5Re8dUc.js:78
[    1014ms] [ERROR] ErrorUtils caught an error:

Could not find element "u_1_13_af" [Caught in: Module "__elem_3533c634_1_2_WO"] [Caught in: Module "__inst_3533c634_1_2_tq"] [Caught in: Module "__inst_a648e52c_1_2_Xo"] [Caught in: Requiring module "__inst_3533c634_1_2_tq" which threw an exception] [Caught in: Requiring module "__inst_a648e52c_1_2_Xo" which threw an exception] [Caught in: Module "__inst_3f1e98e4_1_2_3A"] [Caught in: Requiring module "__inst_a648e52c_1_2_Xo" which threw an exception] [Caught in: Module "__inst_0bcc40a7_1_2_uW"] [Caught in: Requiring module "__inst_a648e52c_1_2_Xo" which threw an exception] [Caught in: Module "__inst_553e54ec_1_2_Uj"] [Caught in: Requiring module "__inst_a648e52c_1_2_Xo" which threw an exception] [Caught in: Module "__inst_98d9a45e_1_2_pk"] [Caught in: Requiring module "__inst_a648e52c_1_2_Xo" which threw an exception] [Caught in: Module "__inst_cb5ee3f2_1_2_My"]

Subsequent non-fatal errors won't be logged; see https://fburl.com/debugjs. {column: 180, clientTime: 1785705811, extra: Object, guardList: Array(4), hash: jxzjvr} @ https://static.xx.fbcdn.net/rsrc.php/v4/yQ/r/zLDa5Re8dUc.js:78
[    1016ms] [ERROR] ErrorUtils caught an error:

Could not find element "u_1_1d_1r" [Caught in: Module "__elem_3533c634_1_1_X4"] [Caught in: Module "__inst_3533c634_1_1_t8"] [Caught in: Module "__inst_a648e52c_1_1_Ev"] [Caught in: Requiring module "__inst_3533c634_1_1_t8" which threw an exception] [Caught in: Requiring module "__inst_a648e52c_1_1_Ev" which threw an exception] [Caught in: Module "__inst_3f1e98e4_1_1_vm"] [Caught in: Requiring module "__inst_a648e52c_1_1_Ev" which threw an exception] [Caught in: Module "__inst_0bcc40a7_1_1_PG"] [Caught in: Requiring module "__inst_a648e52c_1_1_Ev" which threw an exception] [Caught in: Module "__inst_553e54ec_1_1_F0"] [Caught in: Requiring module "__inst_a648e52c_1_1_Ev" which threw an exception] [Caught in: Module "__inst_98d9a45e_1_1_pq"] [Caught in: Requiring module "__inst_a648e52c_1_1_Ev" which threw an exception] [Caught in: Module "__inst_cb5ee3f2_1_1_9c"] [Caught in: Requiring module "__inst_a648e52c_1_1_Ev" which threw an exception] [Caught in: Module "__inst_70dbca80_1_0_2J"]

Subsequent non-fatal errors won't be logged; see https://fburl.com/debugjs. {column: 180, clientTime: 1785705811, extra: Object, guardList: Array(4), hash: jxzjvr} @ https://static.xx.fbcdn.net/rsrc.php/v4/yQ/r/zLDa5Re8dUc.js:78
[    1017ms] [ERROR] ErrorUtils caught an error:

Could not find element "u_1_1n_Qx" [Caught in: Module "__elem_3533c634_1_0_GH"] [Caught in: Module "__inst_3533c634_1_0_jU"] [Caught in: Module "__inst_a648e52c_1_0_Au"] [Caught in: Requiring module "__inst_3533c634_1_0_jU" which threw an exception] [Caught in: Requiring module "__inst_a648e52c_1_0_Au" which threw an exception] [Caught in: Module "__inst_3f1e98e4_1_0_ou"] [Caught in: Requiring module "__inst_a648e52c_1_0_Au" which threw an exception] [Caught in: Module "__inst_0bcc40a7_1_0_qq"] [Caught in: Requiring module "__inst_a648e52c_1_0_Au" which threw an exception] [Caught in: Module "__inst_553e54ec_1_0_cZ"] [Caught in: Requiring module "__inst_a648e52c_1_0_Au" which threw an exception] [Caught in: Module "__inst_98d9a45e_1_0_80"] [Caught in: Requiring module "__inst_a648e52c_1_0_Au" which threw an exception] [Caught in: Module "__inst_cb5ee3f2_1_0_LY"] [Caught in: Requiring module "__inst_a648e52c_1_0_Au" which threw an exception] [Caught in: Module "__inst_70dbca80_1_1_Zj"]

Subsequent non-fatal errors won't be logged; see https://fburl.com/debugjs. {column: 180, clientTime: 1785705811, extra: Object, guardList: Array(4), hash: jxzjvr} @ https://static.xx.fbcdn.net/rsrc.php/v4/yQ/r/zLDa5Re8dUc.js:78
[    1018ms] [ERROR] ErrorUtils caught an error:

Could not find element "u_1_13_af" [Caught in: Module "__elem_3533c634_1_2_WO"] [Caught in: Module "__inst_3533c634_1_2_tq"] [Caught in: Module "__inst_a648e52c_1_2_Xo"] [Caught in: Requiring module "__inst_3533c634_1_2_tq" which threw an exception] [Caught in: Requiring module "__inst_a648e52c_1_2_Xo" which threw an exception] [Caught in: Module "__inst_3f1e98e4_1_2_3A"] [Caught in: Requiring module "__inst_a648e52c_1_2_Xo" which threw an exception] [Caught in: Module "__inst_0bcc40a7_1_2_uW"] [Caught in: Requiring module "__inst_a648e52c_1_2_Xo" which threw an exception] [Caught in: Module "__inst_553e54ec_1_2_Uj"] [Caught in: Requiring module "__inst_a648e52c_1_2_Xo" which threw an exception] [Caught in: Module "__inst_98d9a45e_1_2_pk"] [Caught in: Requiring module "__inst_a648e52c_1_2_Xo" which threw an exception] [Caught in: Module "__inst_cb5ee3f2_1_2_My"] [Caught in: Requiring module "__inst_a648e52c_1_2_Xo" which threw an exception] [Caught in: Module "__inst_70dbca80_1_2_bs"]

Subsequent non-fatal errors won't be logged; see https://fburl.com/debugjs. {column: 180, clientTime: 1785705811, extra: Object, guardList: Array(4), hash: jxzjvr} @ https://static.xx.fbcdn.net/rsrc.php/v4/yQ/r/zLDa5Re8dUc.js:78
[    1064ms] [ERROR] ErrorUtils caught an error:

Could not find element "u_1_1x_/H" [Caught in: Module "__elem_a648e52c_1_3_7l"]

Subsequent non-fatal errors won't be logged; see https://fburl.com/debugjs. {column: 180, clientTime: 1785705812, extra: Object, guardList: Array(4), hash: ewhffp} @ https://static.xx.fbcdn.net/rsrc.php/v4/yQ/r/zLDa5Re8dUc.js:78
[    1067ms] [ERROR] ErrorUtils caught an error:

Could not find element "u_1_20_y5" [Caught in: Module "__elem_3533c634_1_3_Xz"] [Caught in: Module "__inst_3533c634_1_3_eq"] [Caught in: Module "__inst_a648e52c_1_3_bt"]

Subsequent non-fatal errors won't be logged; see https://fburl.com/debugjs. {column: 180, clientTime: 1785705812, extra: Object, guardList: Array(4), hash: jxzjvr} @ https://static.xx.fbcdn.net/rsrc.php/v4/yQ/r/zLDa5Re8dUc.js:78
[    1068ms] [ERROR] ErrorUtils caught an error:

Could not find element "u_1_20_y5" [Caught in: Module "__elem_3533c634_1_3_Xz"] [Caught in: Module "__inst_3533c634_1_3_eq"] [Caught in: Module "__inst_a648e52c_1_3_bt"] [Caught in: Requiring module "__inst_3533c634_1_3_eq" which threw an exception]

Subsequent non-fatal errors won't be logged; see https://fburl.com/debugjs. {column: 180, clientTime: 1785705812, extra: Object, guardList: Array(4), hash: jxzjvr} @ https://static.xx.fbcdn.net/rsrc.php/v4/yQ/r/zLDa5Re8dUc.js:78
[    1069ms] [ERROR] ErrorUtils caught an error:

Could not find element "u_1_21_y5" [Caught in: Module "__elem_2223e126_1_3_RK"] [Caught in: Module "__inst_2223e126_1_3_sy"]

Subsequent non-fatal errors won't be logged; see https://fburl.com/debugjs. {column: 180, clientTime: 1785705812, extra: Object, guardList: Array(4), hash: cvdoyv} @ https://static.xx.fbcdn.net/rsrc.php/v4/yQ/r/zLDa5Re8dUc.js:78
[    1072ms] [ERROR] ErrorUtils caught an error:

Could not find element "u_1_1v_My" [Caught in: Module "__elem_8937e029_1_3_iv"]

Subsequent non-fatal errors won't be logged; see https://fburl.com/debugjs. {column: 180, clientTime: 1785705812, extra: Object, guardList: Array(4), hash: ewhffp} @ https://static.xx.fbcdn.net/rsrc.php/v4/yQ/r/zLDa5Re8dUc.js:78
[    1076ms] [ERROR] ErrorUtils caught an error:

Could not find element "u_1_20_y5" [Caught in: Module "__elem_3533c634_1_3_Xz"] [Caught in: Module "__inst_3533c634_1_3_eq"] [Caught in: Module "__inst_a648e52c_1_3_bt"] [Caught in: Requiring module "__inst_3533c634_1_3_eq" which threw an exception] [Caught in: Requiring module "__inst_a648e52c_1_3_bt" which threw an exception] [Caught in: Module "__inst_3f1e98e4_1_3_hN"]

Subsequent non-fatal errors won't be logged; see https://fburl.com/debugjs. {column: 180, clientTime: 1785705812, extra: Object, guardList: Array(4), hash: jxzjvr} @ https://static.xx.fbcdn.net/rsrc.php/v4/yQ/r/zLDa5Re8dUc.js:78
[    1078ms] [ERROR] ErrorUtils caught an error:

Could not find element "u_1_20_y5" [Caught in: Module "__elem_3533c634_1_3_Xz"] [Caught in: Module "__inst_3533c634_1_3_eq"] [Caught in: Module "__inst_a648e52c_1_3_bt"] [Caught in: Requiring module "__inst_3533c634_1_3_eq" which threw an exception] [Caught in: Requiring module "__inst_a648e52c_1_3_bt" which threw an exception] [Caught in: Module "__inst_3f1e98e4_1_3_hN"] [Caught in: Requiring module "__inst_a648e52c_1_3_bt" which threw an exception] [Caught in: Module "__inst_0bcc40a7_1_3_ME"]

Subsequent non-fatal errors won't be logged; see https://fburl.com/debugjs. {column: 180, clientTime: 1785705812, extra: Object, guardList: Array(4), hash: jxzjvr} @ https://static.xx.fbcdn.net/rsrc.php/v4/yQ/r/zLDa5Re8dUc.js:78
[    1079ms] [ERROR] ErrorUtils caught an error:

Could not find element "u_1_20_y5" [Caught in: Module "__elem_3533c634_1_3_Xz"] [Caught in: Module "__inst_3533c634_1_3_eq"] [Caught in: Module "__inst_a648e52c_1_3_bt"] [Caught in: Requiring module "__inst_3533c634_1_3_eq" which threw an exception] [Caught in: Requiring module "__inst_a648e52c_1_3_bt" which threw an exception] [Caught in: Module "__inst_3f1e98e4_1_3_hN"] [Caught in: Requiring module "__inst_a648e52c_1_3_bt" which threw an exception] [Caught in: Module "__inst_0bcc40a7_1_3_ME"] [Caught in: Requiring module "__inst_a648e52c_1_3_bt" which threw an exception] [Caught in: Module "__inst_553e54ec_1_3_gV"]

Subsequent non-fatal errors won't be logged; see https://fburl.com/debugjs. {column: 180, clientTime: 1785705812, extra: Object, guardList: Array(4), hash: jxzjvr} @ https://static.xx.fbcdn.net/rsrc.php/v4/yQ/r/zLDa5Re8dUc.js:78
[    1080ms] [ERROR] ErrorUtils caught an error:

Could not find element "u_1_20_y5" [Caught in: Module "__elem_3533c634_1_3_Xz"] [Caught in: Module "__inst_3533c634_1_3_eq"] [Caught in: Module "__inst_a648e52c_1_3_bt"] [Caught in: Requiring module "__inst_3533c634_1_3_eq" which threw an exception] [Caught in: Requiring module "__inst_a648e52c_1_3_bt" which threw an exception] [Caught in: Module "__inst_3f1e98e4_1_3_hN"] [Caught in: Requiring module "__inst_a648e52c_1_3_bt" which threw an exception] [Caught in: Module "__inst_0bcc40a7_1_3_ME"] [Caught in: Requiring module "__inst_a648e52c_1_3_bt" which threw an exception] [Caught in: Module "__inst_553e54ec_1_3_gV"] [Caught in: Requiring module "__inst_a648e52c_1_3_bt" which threw an exception] [Caught in: Module "__inst_98d9a45e_1_3_2d"]

Subsequent non-fatal errors won't be logged; see https://fburl.com/debugjs. {column: 180, clientTime: 1785705812, extra: Object, guardList: Array(4), hash: jxzjvr} @ https://static.xx.fbcdn.net/rsrc.php/v4/yQ/r/zLDa5Re8dUc.js:78
[    1081ms] [ERROR] ErrorUtils caught an error:

Could not find element "u_1_20_y5" [Caught in: Module "__elem_3533c634_1_3_Xz"] [Caught in: Module "__inst_3533c634_1_3_eq"] [Caught in: Module "__inst_a648e52c_1_3_bt"] [Caught in: Requiring module "__inst_3533c634_1_3_eq" which threw an exception] [Caught in: Requiring module "__inst_a648e52c_1_3_bt" which threw an exception] [Caught in: Module "__inst_3f1e98e4_1_3_hN"] [Caught in: Requiring module "__inst_a648e52c_1_3_bt" which threw an exception] [Caught in: Module "__inst_0bcc40a7_1_3_ME"] [Caught in: Requiring module "__inst_a648e52c_1_3_bt" which threw an exception] [Caught in: Module "__inst_553e54ec_1_3_gV"] [Caught in: Requiring module "__inst_a648e52c_1_3_bt" which threw an exception] [Caught in: Module "__inst_98d9a45e_1_3_2d"] [Caught in: Requiring module "__inst_a648e52c_1_3_bt" which threw an exception] [Caught in: Module "__inst_cb5ee3f2_1_3_4P"]

Subsequent non-fatal errors won't be logged; see https://fburl.com/debugjs. {column: 180, clientTime: 1785705812, extra: Object, guardList: Array(4), hash: jxzjvr} @ https://static.xx.fbcdn.net/rsrc.php/v4/yQ/r/zLDa5Re8dUc.js:78
[    1083ms] [ERROR] ErrorUtils caught an error:

Could not find element "u_1_20_y5" [Caught in: Module "__elem_3533c634_1_3_Xz"] [Caught in: Module "__inst_3533c634_1_3_eq"] [Caught in: Module "__inst_a648e52c_1_3_bt"] [Caught in: Requiring module "__inst_3533c634_1_3_eq" which threw an exception] [Caught in: Requiring module "__inst_a648e52c_1_3_bt" which threw an exception] [Caught in: Module "__inst_3f1e98e4_1_3_hN"] [Caught in: Requiring module "__inst_a648e52c_1_3_bt" which threw an exception] [Caught in: Module "__inst_0bcc40a7_1_3_ME"] [Caught in: Requiring module "__inst_a648e52c_1_3_bt" which threw an exception] [Caught in: Module "__inst_553e54ec_1_3_gV"] [Caught in: Requiring module "__inst_a648e52c_1_3_bt" which threw an exception] [Caught in: Module "__inst_98d9a45e_1_3_2d"] [Caught in: Requiring module "__inst_a648e52c_1_3_bt" which threw an exception] [Caught in: Module "__inst_cb5ee3f2_1_3_4P"] [Caught in: Requiring module "__inst_a648e52c_1_3_bt" which threw an exception] [Caught in: Module "__inst_70dbca80_1_3_91"]

Subsequent non-fatal errors won't be logged; see https://fburl.com/debugjs. {column: 180, clientTime: 1785705812, extra: Object, guardList: Array(4), hash: jxzjvr} @ https://static.xx.fbcdn.net/rsrc.php/v4/yQ/r/zLDa5Re8dUc.js:78
