[     755ms] [INFO] . @ https://sf16-website-login.neutral.ttwstatic.com/obj/tiktok_web_login_static/webmssdk/1.0.0.223/webmssdk.js:0
[    1005ms] [ERROR] Executing inline script violates the following Content Security Policy directive 'script-src 'self' blob: https://story.snapchat.com https://www.google-analytics.com https://*.googletagmanager.com https://static.snapchat.com'. Either the 'unsafe-inline' keyword, a hash ('sha256-x63VpzGo4edCOz5G/8kRnL3Ml+nCT850mDUIbVAQrTM='), or a nonce ('nonce-...') is required to enable inline execution. The action has been blocked. @ https://www.snapchat.com/spotlight/W7_EDlXWTBiXAEEniNoMPwAAYc2ltcGhhbWxlAZQfyE_QAZQfyEd6AAAAAQ/embed:0
[    1977ms] [INFO] . @ https://sf16-website-login.neutral.ttwstatic.com/obj/tiktok_web_login_static/webmssdk/1.0.0.223/webmssdk.js:0
[    3945ms] [LOG] Navigation listeners online @ https://www.redditstatic.com/js/concat?prefix=es-MX/&chunks=1bSilD7uds,23NsYANDn4,B-GbtPjoVT,BAiDjzbirE,BBUPi1GI03,BEdgppye7g,BTGKWEy3O-,BTzpuZbTMK,BdH2sWCuz2,BdnS_PtKVO,Bg68_5LEMO,BoEE2EKz8f,BvTwo8HqG1,C02Xhu2NIQ,C0rAcP6aMM,C6EebI0UvV,C7q8zv_0oI,CAoQYJfvJj,CE0Wk_azMF,CFA9Yvgxnu,CHE_tjjEfa,CHKCkEa8sq,CL6OeZUGUY,CSBTQxBJyP,CZyD3uI_Aj,C_9UlV5v2E,CgBvNNpxda,CgDk6C8q4Z,CmYrShAZYY,Czpmf5jUlS,D7F5ZaqCNi,DAjOodpyac,DN7FGCKmcS,DQGtvdaHN0,DTOLnHLB8t,D_l7kMNyPz,DbO95WhXXx,Duh6w4QHAk,DvmpX5XcfJ,GmXBwRAnBD,MHL-8O38ml,NLAkc9ECVR,acWVWxiVAm,cH_VGUwDEW,ezWdHTT4IH,krKe57IjLk,lXmtgL270o,lrGp8aI2xV,rFB7YrYAu-,rUhgdOssfQ,sWpHXhseDf,upkG3B7Q6W,y0gPwdxs-e:112
[    7198ms] [ERROR] ErrorUtils caught an error:

Could not find element "u_1_1k_m8" [Caught in: Module "__elem_a588f507_1_0_Ss"]

Subsequent non-fatal errors won't be logged; see https://fburl.com/debugjs. {column: 180, clientTime: 1785705349, extra: Object, guardList: Array(4), hash: ewhffp} @ https://static.xx.fbcdn.net/rsrc.php/v4/yQ/r/zLDa5Re8dUc.js:78
[    7202ms] [ERROR] ErrorUtils caught an error:

DataStore.get: namespace is required, got undefined

Subsequent non-fatal errors won't be logged; see https://fburl.com/debugjs. {column: 712, clientTime: 1785705349, extra: Object, guardList: Array(4), hash: ima00y} @ https://static.xx.fbcdn.net/rsrc.php/v4/yQ/r/zLDa5Re8dUc.js:78
[    7208ms] [ERROR] ErrorUtils caught an error:

Could not find element "u_1_4_GJ" [Caught in: Module "__elem_9fc087ed_1_0_dA"]

Subsequent non-fatal errors won't be logged; see https://fburl.com/debugjs. {column: 180, clientTime: 1785705349, extra: Object, guardList: Array(4), hash: ewhffp} @ https://static.xx.fbcdn.net/rsrc.php/v4/yQ/r/zLDa5Re8dUc.js:78
[    7210ms] [ERROR] ErrorUtils caught an error:

Could not find element "u_1_1_/w" [Caught in: Module "__elem_9fc087ed_1_1_xc"]

Subsequent non-fatal errors won't be logged; see https://fburl.com/debugjs. {column: 180, clientTime: 1785705349, extra: Object, guardList: Array(4), hash: ewhffp} @ https://static.xx.fbcdn.net/rsrc.php/v4/yQ/r/zLDa5Re8dUc.js:78
[    7230ms] [ERROR] ErrorUtils caught an error:

Could not find element "u_1_4_GJ" [Caught in: Module "__elem_9fc087ed_1_0_dA"] [Caught in: Requiring module "__elem_9fc087ed_1_0_dA" which threw an exception]

Subsequent non-fatal errors won't be logged; see https://fburl.com/debugjs. {column: 180, clientTime: 1785705349, extra: Object, guardList: Array(4), hash: ewhffp} @ https://static.xx.fbcdn.net/rsrc.php/v4/yQ/r/zLDa5Re8dUc.js:78
[    7232ms] [ERROR] ErrorUtils caught an error:

Could not find element "u_1_1_/w" [Caught in: Module "__elem_9fc087ed_1_1_xc"] [Caught in: Requiring module "__elem_9fc087ed_1_1_xc" which threw an exception]

Subsequent non-fatal errors won't be logged; see https://fburl.com/debugjs. {column: 180, clientTime: 1785705349, extra: Object, guardList: Array(4), hash: ewhffp} @ https://static.xx.fbcdn.net/rsrc.php/v4/yQ/r/zLDa5Re8dUc.js:78
[    7237ms] [ERROR] ErrorUtils caught an error:

Could not find element "u_1_0_86" [Caught in: Module "__elem_9fc087ed_1_2_gs"]

Subsequent non-fatal errors won't be logged; see https://fburl.com/debugjs. {column: 180, clientTime: 1785705349, extra: Object, guardList: Array(4), hash: ewhffp} @ https://static.xx.fbcdn.net/rsrc.php/v4/yQ/r/zLDa5Re8dUc.js:78
[    7250ms] [ERROR] ErrorUtils caught an error:

Could not find element "u_1_0_86" [Caught in: Module "__elem_9fc087ed_1_2_gs"] [Caught in: Requiring module "__elem_9fc087ed_1_2_gs" which threw an exception]

Subsequent non-fatal errors won't be logged; see https://fburl.com/debugjs. {column: 180, clientTime: 1785705349, extra: Object, guardList: Array(4), hash: ewhffp} @ https://static.xx.fbcdn.net/rsrc.php/v4/yQ/r/zLDa5Re8dUc.js:78
[    7253ms] [ERROR] ErrorUtils caught an error:

Could not find element "u_1_3_x6" [Caught in: Module "__elem_9fc087ed_1_3_Ye"]

Subsequent non-fatal errors won't be logged; see https://fburl.com/debugjs. {column: 180, clientTime: 1785705349, extra: Object, guardList: Array(4), hash: ewhffp} @ https://static.xx.fbcdn.net/rsrc.php/v4/yQ/r/zLDa5Re8dUc.js:78
[    7254ms] [ERROR] ErrorUtils caught an error:

Could not find element "u_1_3_x6" [Caught in: Module "__elem_9fc087ed_1_3_Ye"] [Caught in: Requiring module "__elem_9fc087ed_1_3_Ye" which threw an exception]

Subsequent non-fatal errors won't be logged; see https://fburl.com/debugjs. {column: 180, clientTime: 1785705349, extra: Object, guardList: Array(4), hash: ewhffp} @ https://static.xx.fbcdn.net/rsrc.php/v4/yQ/r/zLDa5Re8dUc.js:78
[    7256ms] [ERROR] ErrorUtils caught an error:

Could not find element "u_1_2_ca" [Caught in: Module "__elem_9fc087ed_1_4_Bl"]

Subsequent non-fatal errors won't be logged; see https://fburl.com/debugjs. {column: 180, clientTime: 1785705349, extra: Object, guardList: Array(4), hash: ewhffp} @ https://static.xx.fbcdn.net/rsrc.php/v4/yQ/r/zLDa5Re8dUc.js:78
[    7258ms] [ERROR] ErrorUtils caught an error:

Could not find element "u_1_2_ca" [Caught in: Module "__elem_9fc087ed_1_4_Bl"] [Caught in: Requiring module "__elem_9fc087ed_1_4_Bl" which threw an exception]

Subsequent non-fatal errors won't be logged; see https://fburl.com/debugjs. {column: 180, clientTime: 1785705349, extra: Object, guardList: Array(4), hash: ewhffp} @ https://static.xx.fbcdn.net/rsrc.php/v4/yQ/r/zLDa5Re8dUc.js:78
[    7262ms] [ERROR] ErrorUtils caught an error:

Could not find element "u_1_u_uW" [Caught in: Module "__elem_fc9f538f_1_0_/C"]

Subsequent non-fatal errors won't be logged; see https://fburl.com/debugjs. {column: 180, clientTime: 1785705349, extra: Object, guardList: Array(4), hash: jqshpt} @ https://static.xx.fbcdn.net/rsrc.php/v4/yQ/r/zLDa5Re8dUc.js:78
[    7265ms] [ERROR] ErrorUtils caught an error:

Could not find element "u_1_v_/8" [Caught in: Module "__elem_fc9f538f_1_1_ZJ"]

Subsequent non-fatal errors won't be logged; see https://fburl.com/debugjs. {column: 180, clientTime: 1785705349, extra: Object, guardList: Array(4), hash: jqshpt} @ https://static.xx.fbcdn.net/rsrc.php/v4/yQ/r/zLDa5Re8dUc.js:78
[    7268ms] [ERROR] ErrorUtils caught an error:

Could not find element "u_1_t_TX" [Caught in: Module "__elem_fc9f538f_1_2_BZ"]

Subsequent non-fatal errors won't be logged; see https://fburl.com/debugjs. {column: 180, clientTime: 1785705349, extra: Object, guardList: Array(4), hash: jqshpt} @ https://static.xx.fbcdn.net/rsrc.php/v4/yQ/r/zLDa5Re8dUc.js:78
[    7271ms] [ERROR] ErrorUtils caught an error:

Could not find element "u_1_1j_V8" [Caught in: Module "__elem_fc9f538f_1_3_nY"]

Subsequent non-fatal errors won't be logged; see https://fburl.com/debugjs. {column: 180, clientTime: 1785705349, extra: Object, guardList: Array(4), hash: jqshpt} @ https://static.xx.fbcdn.net/rsrc.php/v4/yQ/r/zLDa5Re8dUc.js:78
[    7276ms] [ERROR] ErrorUtils caught an error:

Could not find element "u_1_19_NC" [Caught in: Module "__elem_fc9f538f_1_4_H9"]

Subsequent non-fatal errors won't be logged; see https://fburl.com/debugjs. {column: 180, clientTime: 1785705349, extra: Object, guardList: Array(4), hash: jqshpt} @ https://static.xx.fbcdn.net/rsrc.php/v4/yQ/r/zLDa5Re8dUc.js:78
[    7279ms] [ERROR] ErrorUtils caught an error:

Could not find element "u_1_j_PW" [Caught in: Module "__elem_a588f507_1_2_Lw"]

Subsequent non-fatal errors won't be logged; see https://fburl.com/debugjs. {column: 180, clientTime: 1785705349, extra: Object, guardList: Array(4), hash: ewhffp} @ https://static.xx.fbcdn.net/rsrc.php/v4/yQ/r/zLDa5Re8dUc.js:78
[    7282ms] [ERROR] ErrorUtils caught an error:

Could not find element "u_1_g_kg" [Caught in: Module "__elem_a588f507_1_3_e/"]

Subsequent non-fatal errors won't be logged; see https://fburl.com/debugjs. {column: 180, clientTime: 1785705349, extra: Object, guardList: Array(4), hash: ewhffp} @ https://static.xx.fbcdn.net/rsrc.php/v4/yQ/r/zLDa5Re8dUc.js:78
[    7283ms] [ERROR] ErrorUtils caught an error:

Could not find element "u_1_d_+p" [Caught in: Module "__elem_a588f507_1_4_pK"]

Subsequent non-fatal errors won't be logged; see https://fburl.com/debugjs. {column: 180, clientTime: 1785705349, extra: Object, guardList: Array(4), hash: ewhffp} @ https://static.xx.fbcdn.net/rsrc.php/v4/yQ/r/zLDa5Re8dUc.js:78
[    7285ms] [ERROR] ErrorUtils caught an error:

Could not find element "u_1_e_N6" [Caught in: Module "__elem_de92090e_1_0_Ns"]

Subsequent non-fatal errors won't be logged; see https://fburl.com/debugjs. {column: 180, clientTime: 1785705349, extra: Object, guardList: Array(4), hash: ewhffp} @ https://static.xx.fbcdn.net/rsrc.php/v4/yQ/r/zLDa5Re8dUc.js:78
[    7298ms] [ERROR] ErrorUtils caught an error:

Could not find element "u_1_f_uX" [Caught in: Module "__elem_072b8e64_1_0_6Z"]

Subsequent non-fatal errors won't be logged; see https://fburl.com/debugjs. {column: 180, clientTime: 1785705349, extra: Object, guardList: Array(4), hash: ewhffp} @ https://static.xx.fbcdn.net/rsrc.php/v4/yQ/r/zLDa5Re8dUc.js:78
[    7300ms] [ERROR] ErrorUtils caught an error:

Could not find element "u_1_h_C2" [Caught in: Module "__elem_de92090e_1_1_kY"]

Subsequent non-fatal errors won't be logged; see https://fburl.com/debugjs. {column: 180, clientTime: 1785705349, extra: Object, guardList: Array(4), hash: ewhffp} @ https://static.xx.fbcdn.net/rsrc.php/v4/yQ/r/zLDa5Re8dUc.js:78
[    7304ms] [ERROR] ErrorUtils caught an error:

Could not find element "u_1_i_np" [Caught in: Module "__elem_072b8e64_1_1_ej"]

Subsequent non-fatal errors won't be logged; see https://fburl.com/debugjs. {column: 180, clientTime: 1785705349, extra: Object, guardList: Array(4), hash: ewhffp} @ https://static.xx.fbcdn.net/rsrc.php/v4/yQ/r/zLDa5Re8dUc.js:78
[    7306ms] [ERROR] ErrorUtils caught an error:

Could not find element "u_1_k_BI" [Caught in: Module "__elem_de92090e_1_2_Ex"]

Subsequent non-fatal errors won't be logged; see https://fburl.com/debugjs. {column: 180, clientTime: 1785705349, extra: Object, guardList: Array(4), hash: ewhffp} @ https://static.xx.fbcdn.net/rsrc.php/v4/yQ/r/zLDa5Re8dUc.js:78
[    7310ms] [ERROR] ErrorUtils caught an error:

Could not find element "u_1_l_Qy" [Caught in: Module "__elem_072b8e64_1_2_U8"]

Subsequent non-fatal errors won't be logged; see https://fburl.com/debugjs. {column: 180, clientTime: 1785705349, extra: Object, guardList: Array(4), hash: ewhffp} @ https://static.xx.fbcdn.net/rsrc.php/v4/yQ/r/zLDa5Re8dUc.js:78
[    7313ms] [ERROR] ErrorUtils caught an error:

Could not find element "u_1_n_2D" [Caught in: Module "__elem_a588f507_1_5_wi"]

Subsequent non-fatal errors won't be logged; see https://fburl.com/debugjs. {column: 180, clientTime: 1785705349, extra: Object, guardList: Array(4), hash: ewhffp} @ https://static.xx.fbcdn.net/rsrc.php/v4/yQ/r/zLDa5Re8dUc.js:78
[    7315ms] [ERROR] ErrorUtils caught an error:

Could not find element "u_1_o_Sh" [Caught in: Module "__elem_de92090e_1_3_mD"]

Subsequent non-fatal errors won't be logged; see https://fburl.com/debugjs. {column: 180, clientTime: 1785705349, extra: Object, guardList: Array(4), hash: ewhffp} @ https://static.xx.fbcdn.net/rsrc.php/v4/yQ/r/zLDa5Re8dUc.js:78
[    7316ms] [ERROR] ErrorUtils caught an error:

Could not find element "u_1_p_hf" [Caught in: Module "__elem_072b8e64_1_3_IR"]

Subsequent non-fatal errors won't be logged; see https://fburl.com/debugjs. {column: 180, clientTime: 1785705349, extra: Object, guardList: Array(4), hash: ewhffp} @ https://static.xx.fbcdn.net/rsrc.php/v4/yQ/r/zLDa5Re8dUc.js:78
[    7318ms] [ERROR] ErrorUtils caught an error:

Could not find element "u_1_q_ct" [Caught in: Module "__elem_a588f507_1_6_kX"]

Subsequent non-fatal errors won't be logged; see https://fburl.com/debugjs. {column: 180, clientTime: 1785705349, extra: Object, guardList: Array(4), hash: ewhffp} @ https://static.xx.fbcdn.net/rsrc.php/v4/yQ/r/zLDa5Re8dUc.js:78
[    7320ms] [ERROR] ErrorUtils caught an error:

Could not find element "u_1_r_yG" [Caught in: Module "__elem_de92090e_1_4_xP"]

Subsequent non-fatal errors won't be logged; see https://fburl.com/debugjs. {column: 180, clientTime: 1785705349, extra: Object, guardList: Array(4), hash: ewhffp} @ https://static.xx.fbcdn.net/rsrc.php/v4/yQ/r/zLDa5Re8dUc.js:78
[    7321ms] [ERROR] ErrorUtils caught an error:

Could not find element "u_1_s_p1" [Caught in: Module "__elem_072b8e64_1_4_5V"]

Subsequent non-fatal errors won't be logged; see https://fburl.com/debugjs. {column: 180, clientTime: 1785705349, extra: Object, guardList: Array(4), hash: ewhffp} @ https://static.xx.fbcdn.net/rsrc.php/v4/yQ/r/zLDa5Re8dUc.js:78
[    7324ms] [ERROR] ErrorUtils caught an error:

Could not find element "u_1_10_cZ" [Caught in: Module "__elem_a648e52c_1_0_pv"]

Subsequent non-fatal errors won't be logged; see https://fburl.com/debugjs. {column: 180, clientTime: 1785705349, extra: Object, guardList: Array(4), hash: ewhffp} @ https://static.xx.fbcdn.net/rsrc.php/v4/yQ/r/zLDa5Re8dUc.js:78
[    7332ms] [ERROR] ErrorUtils caught an error:

Could not find element "u_1_13_5L" [Caught in: Module "__elem_3533c634_1_1_sd"] [Caught in: Module "__inst_3533c634_1_1_gN"] [Caught in: Module "__inst_a648e52c_1_0_e7"]

Subsequent non-fatal errors won't be logged; see https://fburl.com/debugjs. {column: 180, clientTime: 1785705349, extra: Object, guardList: Array(4), hash: jxzjvr} @ https://static.xx.fbcdn.net/rsrc.php/v4/yQ/r/zLDa5Re8dUc.js:78
[    7340ms] [ERROR] ErrorUtils caught an error:

Could not find element "u_1_1a_81" [Caught in: Module "__elem_a648e52c_1_1_Bj"]

Subsequent non-fatal errors won't be logged; see https://fburl.com/debugjs. {column: 180, clientTime: 1785705349, extra: Object, guardList: Array(4), hash: ewhffp} @ https://static.xx.fbcdn.net/rsrc.php/v4/yQ/r/zLDa5Re8dUc.js:78
[    7344ms] [ERROR] ErrorUtils caught an error:

Could not find element "u_1_1d_zd" [Caught in: Module "__elem_3533c634_1_0_gL"] [Caught in: Module "__inst_3533c634_1_0_9k"] [Caught in: Module "__inst_a648e52c_1_1_IM"]

Subsequent non-fatal errors won't be logged; see https://fburl.com/debugjs. {column: 180, clientTime: 1785705349, extra: Object, guardList: Array(4), hash: jxzjvr} @ https://static.xx.fbcdn.net/rsrc.php/v4/yQ/r/zLDa5Re8dUc.js:78
[    7345ms] [ERROR] ErrorUtils caught an error:

Could not find element "u_1_1d_zd" [Caught in: Module "__elem_3533c634_1_0_gL"] [Caught in: Module "__inst_3533c634_1_0_9k"] [Caught in: Module "__inst_a648e52c_1_1_IM"] [Caught in: Requiring module "__inst_3533c634_1_0_9k" which threw an exception]

Subsequent non-fatal errors won't be logged; see https://fburl.com/debugjs. {column: 180, clientTime: 1785705349, extra: Object, guardList: Array(4), hash: jxzjvr} @ https://static.xx.fbcdn.net/rsrc.php/v4/yQ/r/zLDa5Re8dUc.js:78
[    7348ms] [ERROR] ErrorUtils caught an error:

Could not find element "u_1_1e_MH" [Caught in: Module "__elem_2223e126_1_0_T+"] [Caught in: Module "__inst_2223e126_1_0_fK"]

Subsequent non-fatal errors won't be logged; see https://fburl.com/debugjs. {column: 180, clientTime: 1785705349, extra: Object, guardList: Array(4), hash: cvdoyv} @ https://static.xx.fbcdn.net/rsrc.php/v4/yQ/r/zLDa5Re8dUc.js:78
[    7350ms] [ERROR] ErrorUtils caught an error:

Could not find element "u_1_w_Yr" [Caught in: Module "__elem_8937e029_1_0_2k"]

Subsequent non-fatal errors won't be logged; see https://fburl.com/debugjs. {column: 180, clientTime: 1785705349, extra: Object, guardList: Array(4), hash: ewhffp} @ https://static.xx.fbcdn.net/rsrc.php/v4/yQ/r/zLDa5Re8dUc.js:78
[    7353ms] [ERROR] ErrorUtils caught an error:

Could not find element "u_1_1d_zd" [Caught in: Module "__elem_3533c634_1_0_gL"] [Caught in: Module "__inst_3533c634_1_0_9k"] [Caught in: Module "__inst_a648e52c_1_1_IM"] [Caught in: Requiring module "__inst_3533c634_1_0_9k" which threw an exception] [Caught in: Requiring module "__inst_a648e52c_1_1_IM" which threw an exception] [Caught in: Module "__inst_3f1e98e4_1_0_9u"]

Subsequent non-fatal errors won't be logged; see https://fburl.com/debugjs. {column: 180, clientTime: 1785705349, extra: Object, guardList: Array(4), hash: jxzjvr} @ https://static.xx.fbcdn.net/rsrc.php/v4/yQ/r/zLDa5Re8dUc.js:78
[    7356ms] [ERROR] ErrorUtils caught an error:

Could not find element "u_1_1d_zd" [Caught in: Module "__elem_3533c634_1_0_gL"] [Caught in: Module "__inst_3533c634_1_0_9k"] [Caught in: Module "__inst_a648e52c_1_1_IM"] [Caught in: Requiring module "__inst_3533c634_1_0_9k" which threw an exception] [Caught in: Requiring module "__inst_a648e52c_1_1_IM" which threw an exception] [Caught in: Module "__inst_3f1e98e4_1_0_9u"] [Caught in: Requiring module "__inst_a648e52c_1_1_IM" which threw an exception] [Caught in: Module "__inst_0bcc40a7_1_0_OS"]

Subsequent non-fatal errors won't be logged; see https://fburl.com/debugjs. {column: 180, clientTime: 1785705349, extra: Object, guardList: Array(4), hash: jxzjvr} @ https://static.xx.fbcdn.net/rsrc.php/v4/yQ/r/zLDa5Re8dUc.js:78
[    7360ms] [ERROR] ErrorUtils caught an error:

Could not find element "u_1_1d_zd" [Caught in: Module "__elem_3533c634_1_0_gL"] [Caught in: Module "__inst_3533c634_1_0_9k"] [Caught in: Module "__inst_a648e52c_1_1_IM"] [Caught in: Requiring module "__inst_3533c634_1_0_9k" which threw an exception] [Caught in: Requiring module "__inst_a648e52c_1_1_IM" which threw an exception] [Caught in: Module "__inst_3f1e98e4_1_0_9u"] [Caught in: Requiring module "__inst_a648e52c_1_1_IM" which threw an exception] [Caught in: Module "__inst_0bcc40a7_1_0_OS"] [Caught in: Requiring module "__inst_a648e52c_1_1_IM" which threw an exception] [Caught in: Module "__inst_553e54ec_1_0_UY"]

Subsequent non-fatal errors won't be logged; see https://fburl.com/debugjs. {column: 180, clientTime: 1785705349, extra: Object, guardList: Array(4), hash: jxzjvr} @ https://static.xx.fbcdn.net/rsrc.php/v4/yQ/r/zLDa5Re8dUc.js:78
[    7363ms] [ERROR] ErrorUtils caught an error:

Could not find element "u_1_1d_zd" [Caught in: Module "__elem_3533c634_1_0_gL"] [Caught in: Module "__inst_3533c634_1_0_9k"] [Caught in: Module "__inst_a648e52c_1_1_IM"] [Caught in: Requiring module "__inst_3533c634_1_0_9k" which threw an exception] [Caught in: Requiring module "__inst_a648e52c_1_1_IM" which threw an exception] [Caught in: Module "__inst_3f1e98e4_1_0_9u"] [Caught in: Requiring module "__inst_a648e52c_1_1_IM" which threw an exception] [Caught in: Module "__inst_0bcc40a7_1_0_OS"] [Caught in: Requiring module "__inst_a648e52c_1_1_IM" which threw an exception] [Caught in: Module "__inst_553e54ec_1_0_UY"] [Caught in: Requiring module "__inst_a648e52c_1_1_IM" which threw an exception] [Caught in: Module "__inst_98d9a45e_1_0_Sk"]

Subsequent non-fatal errors won't be logged; see https://fburl.com/debugjs. {column: 180, clientTime: 1785705349, extra: Object, guardList: Array(4), hash: jxzjvr} @ https://static.xx.fbcdn.net/rsrc.php/v4/yQ/r/zLDa5Re8dUc.js:78
[    7372ms] [ERROR] ErrorUtils caught an error:

Could not find element "u_1_1d_zd" [Caught in: Module "__elem_3533c634_1_0_gL"] [Caught in: Module "__inst_3533c634_1_0_9k"] [Caught in: Module "__inst_a648e52c_1_1_IM"] [Caught in: Requiring module "__inst_3533c634_1_0_9k" which threw an exception] [Caught in: Requiring module "__inst_a648e52c_1_1_IM" which threw an exception] [Caught in: Module "__inst_3f1e98e4_1_0_9u"] [Caught in: Requiring module "__inst_a648e52c_1_1_IM" which threw an exception] [Caught in: Module "__inst_0bcc40a7_1_0_OS"] [Caught in: Requiring module "__inst_a648e52c_1_1_IM" which threw an exception] [Caught in: Module "__inst_553e54ec_1_0_UY"] [Caught in: Requiring module "__inst_a648e52c_1_1_IM" which threw an exception] [Caught in: Module "__inst_98d9a45e_1_0_Sk"] [Caught in: Requiring module "__inst_a648e52c_1_1_IM" which threw an exception] [Caught in: Module "__inst_cb5ee3f2_1_0_4F"]

Subsequent non-fatal errors won't be logged; see https://fburl.com/debugjs. {column: 180, clientTime: 1785705349, extra: Object, guardList: Array(4), hash: jxzjvr} @ https://static.xx.fbcdn.net/rsrc.php/v4/yQ/r/zLDa5Re8dUc.js:78
[    7374ms] [ERROR] ErrorUtils caught an error:

Could not find element "u_1_13_5L" [Caught in: Module "__elem_3533c634_1_1_sd"] [Caught in: Module "__inst_3533c634_1_1_gN"] [Caught in: Module "__inst_a648e52c_1_0_e7"] [Caught in: Requiring module "__inst_3533c634_1_1_gN" which threw an exception]

Subsequent non-fatal errors won't be logged; see https://fburl.com/debugjs. {column: 180, clientTime: 1785705349, extra: Object, guardList: Array(4), hash: jxzjvr} @ https://static.xx.fbcdn.net/rsrc.php/v4/yQ/r/zLDa5Re8dUc.js:78
[    7376ms] [ERROR] ErrorUtils caught an error:

Could not find element "u_1_14_nZ" [Caught in: Module "__elem_2223e126_1_1_dw"] [Caught in: Module "__inst_2223e126_1_1_Lk"]

Subsequent non-fatal errors won't be logged; see https://fburl.com/debugjs. {column: 180, clientTime: 1785705349, extra: Object, guardList: Array(4), hash: cvdoyv} @ https://static.xx.fbcdn.net/rsrc.php/v4/yQ/r/zLDa5Re8dUc.js:78
[    7377ms] [ERROR] ErrorUtils caught an error:

Could not find element "u_1_y_GU" [Caught in: Module "__elem_8937e029_1_1_5c"]

Subsequent non-fatal errors won't be logged; see https://fburl.com/debugjs. {column: 180, clientTime: 1785705349, extra: Object, guardList: Array(4), hash: ewhffp} @ https://static.xx.fbcdn.net/rsrc.php/v4/yQ/r/zLDa5Re8dUc.js:78
[    7378ms] [ERROR] ErrorUtils caught an error:

Could not find element "u_1_13_5L" [Caught in: Module "__elem_3533c634_1_1_sd"] [Caught in: Module "__inst_3533c634_1_1_gN"] [Caught in: Module "__inst_a648e52c_1_0_e7"] [Caught in: Requiring module "__inst_3533c634_1_1_gN" which threw an exception] [Caught in: Requiring module "__inst_a648e52c_1_0_e7" which threw an exception] [Caught in: Module "__inst_3f1e98e4_1_1_D4"]

Subsequent non-fatal errors won't be logged; see https://fburl.com/debugjs. {column: 180, clientTime: 1785705349, extra: Object, guardList: Array(4), hash: jxzjvr} @ https://static.xx.fbcdn.net/rsrc.php/v4/yQ/r/zLDa5Re8dUc.js:78
[    7402ms] [ERROR] ErrorUtils caught an error:

Could not find element "u_1_13_5L" [Caught in: Module "__elem_3533c634_1_1_sd"] [Caught in: Module "__inst_3533c634_1_1_gN"] [Caught in: Module "__inst_a648e52c_1_0_e7"] [Caught in: Requiring module "__inst_3533c634_1_1_gN" which threw an exception] [Caught in: Requiring module "__inst_a648e52c_1_0_e7" which threw an exception] [Caught in: Module "__inst_3f1e98e4_1_1_D4"] [Caught in: Requiring module "__inst_a648e52c_1_0_e7" which threw an exception] [Caught in: Module "__inst_0bcc40a7_1_1_cz"]

Subsequent non-fatal errors won't be logged; see https://fburl.com/debugjs. {column: 180, clientTime: 1785705349, extra: Object, guardList: Array(4), hash: jxzjvr} @ https://static.xx.fbcdn.net/rsrc.php/v4/yQ/r/zLDa5Re8dUc.js:78
[    7415ms] [ERROR] ErrorUtils caught an error:

Could not find element "u_1_13_5L" [Caught in: Module "__elem_3533c634_1_1_sd"] [Caught in: Module "__inst_3533c634_1_1_gN"] [Caught in: Module "__inst_a648e52c_1_0_e7"] [Caught in: Requiring module "__inst_3533c634_1_1_gN" which threw an exception] [Caught in: Requiring module "__inst_a648e52c_1_0_e7" which threw an exception] [Caught in: Module "__inst_3f1e98e4_1_1_D4"] [Caught in: Requiring module "__inst_a648e52c_1_0_e7" which threw an exception] [Caught in: Module "__inst_0bcc40a7_1_1_cz"] [Caught in: Requiring module "__inst_a648e52c_1_0_e7" which threw an exception] [Caught in: Module "__inst_553e54ec_1_1_Ev"]

Subsequent non-fatal errors won't be logged; see https://fburl.com/debugjs. {column: 180, clientTime: 1785705349, extra: Object, guardList: Array(4), hash: jxzjvr} @ https://static.xx.fbcdn.net/rsrc.php/v4/yQ/r/zLDa5Re8dUc.js:78
[    7420ms] [ERROR] ErrorUtils caught an error:

Could not find element "u_1_13_5L" [Caught in: Module "__elem_3533c634_1_1_sd"] [Caught in: Module "__inst_3533c634_1_1_gN"] [Caught in: Module "__inst_a648e52c_1_0_e7"] [Caught in: Requiring module "__inst_3533c634_1_1_gN" which threw an exception] [Caught in: Requiring module "__inst_a648e52c_1_0_e7" which threw an exception] [Caught in: Module "__inst_3f1e98e4_1_1_D4"] [Caught in: Requiring module "__inst_a648e52c_1_0_e7" which threw an exception] [Caught in: Module "__inst_0bcc40a7_1_1_cz"] [Caught in: Requiring module "__inst_a648e52c_1_0_e7" which threw an exception] [Caught in: Module "__inst_553e54ec_1_1_Ev"] [Caught in: Requiring module "__inst_a648e52c_1_0_e7" which threw an exception] [Caught in: Module "__inst_98d9a45e_1_1_in"]

Subsequent non-fatal errors won't be logged; see https://fburl.com/debugjs. {column: 180, clientTime: 1785705349, extra: Object, guardList: Array(4), hash: jxzjvr} @ https://static.xx.fbcdn.net/rsrc.php/v4/yQ/r/zLDa5Re8dUc.js:78
[    7424ms] [ERROR] ErrorUtils caught an error:

Could not find element "u_1_13_5L" [Caught in: Module "__elem_3533c634_1_1_sd"] [Caught in: Module "__inst_3533c634_1_1_gN"] [Caught in: Module "__inst_a648e52c_1_0_e7"] [Caught in: Requiring module "__inst_3533c634_1_1_gN" which threw an exception] [Caught in: Requiring module "__inst_a648e52c_1_0_e7" which threw an exception] [Caught in: Module "__inst_3f1e98e4_1_1_D4"] [Caught in: Requiring module "__inst_a648e52c_1_0_e7" which threw an exception] [Caught in: Module "__inst_0bcc40a7_1_1_cz"] [Caught in: Requiring module "__inst_a648e52c_1_0_e7" which threw an exception] [Caught in: Module "__inst_553e54ec_1_1_Ev"] [Caught in: Requiring module "__inst_a648e52c_1_0_e7" which threw an exception] [Caught in: Module "__inst_98d9a45e_1_1_in"] [Caught in: Requiring module "__inst_a648e52c_1_0_e7" which threw an exception] [Caught in: Module "__inst_cb5ee3f2_1_1_Yi"]

Subsequent non-fatal errors won't be logged; see https://fburl.com/debugjs. {column: 180, clientTime: 1785705349, extra: Object, guardList: Array(4), hash: jxzjvr} @ https://static.xx.fbcdn.net/rsrc.php/v4/yQ/r/zLDa5Re8dUc.js:78
[    7427ms] [ERROR] ErrorUtils caught an error:

Could not find element "u_1_13_5L" [Caught in: Module "__elem_3533c634_1_1_sd"] [Caught in: Module "__inst_3533c634_1_1_gN"] [Caught in: Module "__inst_a648e52c_1_0_e7"] [Caught in: Requiring module "__inst_3533c634_1_1_gN" which threw an exception] [Caught in: Requiring module "__inst_a648e52c_1_0_e7" which threw an exception] [Caught in: Module "__inst_3f1e98e4_1_1_D4"] [Caught in: Requiring module "__inst_a648e52c_1_0_e7" which threw an exception] [Caught in: Module "__inst_0bcc40a7_1_1_cz"] [Caught in: Requiring module "__inst_a648e52c_1_0_e7" which threw an exception] [Caught in: Module "__inst_553e54ec_1_1_Ev"] [Caught in: Requiring module "__inst_a648e52c_1_0_e7" which threw an exception] [Caught in: Module "__inst_98d9a45e_1_1_in"] [Caught in: Requiring module "__inst_a648e52c_1_0_e7" which threw an exception] [Caught in: Module "__inst_cb5ee3f2_1_1_Yi"] [Caught in: Requiring module "__inst_a648e52c_1_0_e7" which threw an exception] [Caught in: Module "__inst_70dbca80_1_0_eP"]

Subsequent non-fatal errors won't be logged; see https://fburl.com/debugjs. {column: 180, clientTime: 1785705349, extra: Object, guardList: Array(4), hash: jxzjvr} @ https://static.xx.fbcdn.net/rsrc.php/v4/yQ/r/zLDa5Re8dUc.js:78
[    7430ms] [ERROR] ErrorUtils caught an error:

Could not find element "u_1_1d_zd" [Caught in: Module "__elem_3533c634_1_0_gL"] [Caught in: Module "__inst_3533c634_1_0_9k"] [Caught in: Module "__inst_a648e52c_1_1_IM"] [Caught in: Requiring module "__inst_3533c634_1_0_9k" which threw an exception] [Caught in: Requiring module "__inst_a648e52c_1_1_IM" which threw an exception] [Caught in: Module "__inst_3f1e98e4_1_0_9u"] [Caught in: Requiring module "__inst_a648e52c_1_1_IM" which threw an exception] [Caught in: Module "__inst_0bcc40a7_1_0_OS"] [Caught in: Requiring module "__inst_a648e52c_1_1_IM" which threw an exception] [Caught in: Module "__inst_553e54ec_1_0_UY"] [Caught in: Requiring module "__inst_a648e52c_1_1_IM" which threw an exception] [Caught in: Module "__inst_98d9a45e_1_0_Sk"] [Caught in: Requiring module "__inst_a648e52c_1_1_IM" which threw an exception] [Caught in: Module "__inst_cb5ee3f2_1_0_4F"] [Caught in: Requiring module "__inst_a648e52c_1_1_IM" which threw an exception] [Caught in: Module "__inst_70dbca80_1_1_o8"]

Subsequent non-fatal errors won't be logged; see https://fburl.com/debugjs. {column: 180, clientTime: 1785705349, extra: Object, guardList: Array(4), hash: jxzjvr} @ https://static.xx.fbcdn.net/rsrc.php/v4/yQ/r/zLDa5Re8dUc.js:78
[    8408ms] [ERROR] Permissions policy violation: accelerometer is not allowed in this document. @ https://sf16-website-login.neutral.ttwstatic.com/obj/tiktok_web_login_static/tiktok_privacy_protection_framework/loader/1.0.0.951/index.js:3
[    8409ms] [WARNING] The devicemotion events are blocked by permissions policy. See https://github.com/w3c/webappsec-permissions-policy/blob/master/features.md#sensor-features @ https://sf16-website-login.neutral.ttwstatic.com/obj/tiktok_web_login_static/tiktok_privacy_protection_framework/loader/1.0.0.951/index.js:3
[    8545ms] [ERROR] Permissions policy violation: accelerometer is not allowed in this document. @ https://sf16-website-login.neutral.ttwstatic.com/obj/tiktok_web_login_static/tiktok_privacy_protection_framework/loader/1.0.0.951/index.js:3
[    8546ms] [WARNING] The devicemotion events are blocked by permissions policy. See https://github.com/w3c/webappsec-permissions-policy/blob/master/features.md#sensor-features @ https://sf16-website-login.neutral.ttwstatic.com/obj/tiktok_web_login_static/tiktok_privacy_protection_framework/loader/1.0.0.951/index.js:3
[    8998ms] Uncaught Error: Minified React error #425; visit https://reactjs.org/docs/error-decoder.html?invariant=425 for the full message or use the non-minified dev environment for full errors and additional helpful warnings.
    at rh (https://static.snapchat.com/snapchat-dot-com/_next/static/chunks/framework-41b02394b273386f.js:0:40257)
    at <anonymous> (https://static.snapchat.com/snapchat-dot-com/_next/static/chunks/framework-41b02394b273386f.js:0:100768)
    at oI (https://static.snapchat.com/snapchat-dot-com/_next/static/chunks/framework-41b02394b273386f.js:0:106279)
    at oD (https://static.snapchat.com/snapchat-dot-com/_next/static/chunks/framework-41b02394b273386f.js:0:99227)
    at <anonymous> (https://static.snapchat.com/snapchat-dot-com/_next/static/chunks/framework-41b02394b273386f.js:0:94216)
    at ox (https://static.snapchat.com/snapchat-dot-com/_next/static/chunks/framework-41b02394b273386f.js:0:94223)
    at x (https://static.snapchat.com/snapchat-dot-com/_next/static/chunks/framework-41b02394b273386f.js:0:130543)
    at T (https://static.snapchat.com/snapchat-dot-com/_next/static/chunks/framework-41b02394b273386f.js:0:131073)
[    9002ms] Uncaught Error: Minified React error #425; visit https://reactjs.org/docs/error-decoder.html?invariant=425 for the full message or use the non-minified dev environment for full errors and additional helpful warnings.
    at rh (https://static.snapchat.com/snapchat-dot-com/_next/static/chunks/framework-41b02394b273386f.js:0:40257)
    at <anonymous> (https://static.snapchat.com/snapchat-dot-com/_next/static/chunks/framework-41b02394b273386f.js:0:100768)
    at oI (https://static.snapchat.com/snapchat-dot-com/_next/static/chunks/framework-41b02394b273386f.js:0:106279)
    at oD (https://static.snapchat.com/snapchat-dot-com/_next/static/chunks/framework-41b02394b273386f.js:0:99227)
    at <anonymous> (https://static.snapchat.com/snapchat-dot-com/_next/static/chunks/framework-41b02394b273386f.js:0:94216)
    at ox (https://static.snapchat.com/snapchat-dot-com/_next/static/chunks/framework-41b02394b273386f.js:0:94223)
    at x (https://static.snapchat.com/snapchat-dot-com/_next/static/chunks/framework-41b02394b273386f.js:0:130543)
    at T (https://static.snapchat.com/snapchat-dot-com/_next/static/chunks/framework-41b02394b273386f.js:0:131073)
[    9002ms] Uncaught Error: Minified React error #425; visit https://reactjs.org/docs/error-decoder.html?invariant=425 for the full message or use the non-minified dev environment for full errors and additional helpful warnings.
    at rh (https://static.snapchat.com/snapchat-dot-com/_next/static/chunks/framework-41b02394b273386f.js:0:40257)
    at <anonymous> (https://static.snapchat.com/snapchat-dot-com/_next/static/chunks/framework-41b02394b273386f.js:0:100768)
    at oI (https://static.snapchat.com/snapchat-dot-com/_next/static/chunks/framework-41b02394b273386f.js:0:106279)
    at oD (https://static.snapchat.com/snapchat-dot-com/_next/static/chunks/framework-41b02394b273386f.js:0:99227)
    at <anonymous> (https://static.snapchat.com/snapchat-dot-com/_next/static/chunks/framework-41b02394b273386f.js:0:94216)
    at ox (https://static.snapchat.com/snapchat-dot-com/_next/static/chunks/framework-41b02394b273386f.js:0:94223)
    at x (https://static.snapchat.com/snapchat-dot-com/_next/static/chunks/framework-41b02394b273386f.js:0:130543)
    at T (https://static.snapchat.com/snapchat-dot-com/_next/static/chunks/framework-41b02394b273386f.js:0:131073)
[    9002ms] Uncaught Error: Minified React error #425; visit https://reactjs.org/docs/error-decoder.html?invariant=425 for the full message or use the non-minified dev environment for full errors and additional helpful warnings.
    at rh (https://static.snapchat.com/snapchat-dot-com/_next/static/chunks/framework-41b02394b273386f.js:0:40257)
    at <anonymous> (https://static.snapchat.com/snapchat-dot-com/_next/static/chunks/framework-41b02394b273386f.js:0:100768)
    at oI (https://static.snapchat.com/snapchat-dot-com/_next/static/chunks/framework-41b02394b273386f.js:0:106279)
    at oD (https://static.snapchat.com/snapchat-dot-com/_next/static/chunks/framework-41b02394b273386f.js:0:99227)
    at <anonymous> (https://static.snapchat.com/snapchat-dot-com/_next/static/chunks/framework-41b02394b273386f.js:0:94216)
    at ox (https://static.snapchat.com/snapchat-dot-com/_next/static/chunks/framework-41b02394b273386f.js:0:94223)
    at x (https://static.snapchat.com/snapchat-dot-com/_next/static/chunks/framework-41b02394b273386f.js:0:130543)
    at T (https://static.snapchat.com/snapchat-dot-com/_next/static/chunks/framework-41b02394b273386f.js:0:131073)
[    9002ms] Uncaught Error: Minified React error #418; visit https://reactjs.org/docs/error-decoder.html?invariant=418 for the full message or use the non-minified dev environment for full errors and additional helpful warnings.
    at lg (https://static.snapchat.com/snapchat-dot-com/_next/static/chunks/framework-41b02394b273386f.js:0:46553)
    at i (https://static.snapchat.com/snapchat-dot-com/_next/static/chunks/framework-41b02394b273386f.js:0:121200)
    at oD (https://static.snapchat.com/snapchat-dot-com/_next/static/chunks/framework-41b02394b273386f.js:0:99167)
    at <anonymous> (https://static.snapchat.com/snapchat-dot-com/_next/static/chunks/framework-41b02394b273386f.js:0:94216)
    at ox (https://static.snapchat.com/snapchat-dot-com/_next/static/chunks/framework-41b02394b273386f.js:0:94223)
    at x (https://static.snapchat.com/snapchat-dot-com/_next/static/chunks/framework-41b02394b273386f.js:0:130543)
    at T (https://static.snapchat.com/snapchat-dot-com/_next/static/chunks/framework-41b02394b273386f.js:0:131073)
[    9002ms] Uncaught Error: Minified React error #418; visit https://reactjs.org/docs/error-decoder.html?invariant=418 for the full message or use the non-minified dev environment for full errors and additional helpful warnings.
    at lg (https://static.snapchat.com/snapchat-dot-com/_next/static/chunks/framework-41b02394b273386f.js:0:46553)
    at i (https://static.snapchat.com/snapchat-dot-com/_next/static/chunks/framework-41b02394b273386f.js:0:121200)
    at oD (https://static.snapchat.com/snapchat-dot-com/_next/static/chunks/framework-41b02394b273386f.js:0:99167)
    at <anonymous> (https://static.snapchat.com/snapchat-dot-com/_next/static/chunks/framework-41b02394b273386f.js:0:94216)
    at ox (https://static.snapchat.com/snapchat-dot-com/_next/static/chunks/framework-41b02394b273386f.js:0:94223)
    at x (https://static.snapchat.com/snapchat-dot-com/_next/static/chunks/framework-41b02394b273386f.js:0:130543)
    at T (https://static.snapchat.com/snapchat-dot-com/_next/static/chunks/framework-41b02394b273386f.js:0:131073)
[    9003ms] Uncaught Error: Minified React error #418; visit https://reactjs.org/docs/error-decoder.html?invariant=418 for the full message or use the non-minified dev environment for full errors and additional helpful warnings.
    at lg (https://static.snapchat.com/snapchat-dot-com/_next/static/chunks/framework-41b02394b273386f.js:0:46553)
    at i (https://static.snapchat.com/snapchat-dot-com/_next/static/chunks/framework-41b02394b273386f.js:0:121200)
    at oD (https://static.snapchat.com/snapchat-dot-com/_next/static/chunks/framework-41b02394b273386f.js:0:99167)
    at <anonymous> (https://static.snapchat.com/snapchat-dot-com/_next/static/chunks/framework-41b02394b273386f.js:0:94216)
    at ox (https://static.snapchat.com/snapchat-dot-com/_next/static/chunks/framework-41b02394b273386f.js:0:94223)
    at x (https://static.snapchat.com/snapchat-dot-com/_next/static/chunks/framework-41b02394b273386f.js:0:130543)
    at T (https://static.snapchat.com/snapchat-dot-com/_next/static/chunks/framework-41b02394b273386f.js:0:131073)
[    9003ms] Uncaught Error: Minified React error #418; visit https://reactjs.org/docs/error-decoder.html?invariant=418 for the full message or use the non-minified dev environment for full errors and additional helpful warnings.
    at lg (https://static.snapchat.com/snapchat-dot-com/_next/static/chunks/framework-41b02394b273386f.js:0:46553)
    at i (https://static.snapchat.com/snapchat-dot-com/_next/static/chunks/framework-41b02394b273386f.js:0:121200)
    at oD (https://static.snapchat.com/snapchat-dot-com/_next/static/chunks/framework-41b02394b273386f.js:0:99167)
    at <anonymous> (https://static.snapchat.com/snapchat-dot-com/_next/static/chunks/framework-41b02394b273386f.js:0:94216)
    at ox (https://static.snapchat.com/snapchat-dot-com/_next/static/chunks/framework-41b02394b273386f.js:0:94223)
    at x (https://static.snapchat.com/snapchat-dot-com/_next/static/chunks/framework-41b02394b273386f.js:0:130543)
    at T (https://static.snapchat.com/snapchat-dot-com/_next/static/chunks/framework-41b02394b273386f.js:0:131073)
[    9003ms] Uncaught Error: Minified React error #418; visit https://reactjs.org/docs/error-decoder.html?invariant=418 for the full message or use the non-minified dev environment for full errors and additional helpful warnings.
    at lg (https://static.snapchat.com/snapchat-dot-com/_next/static/chunks/framework-41b02394b273386f.js:0:46553)
    at i (https://static.snapchat.com/snapchat-dot-com/_next/static/chunks/framework-41b02394b273386f.js:0:121200)
    at oD (https://static.snapchat.com/snapchat-dot-com/_next/static/chunks/framework-41b02394b273386f.js:0:99167)
    at <anonymous> (https://static.snapchat.com/snapchat-dot-com/_next/static/chunks/framework-41b02394b273386f.js:0:94216)
    at ox (https://static.snapchat.com/snapchat-dot-com/_next/static/chunks/framework-41b02394b273386f.js:0:94223)
    at x (https://static.snapchat.com/snapchat-dot-com/_next/static/chunks/framework-41b02394b273386f.js:0:130543)
    at T (https://static.snapchat.com/snapchat-dot-com/_next/static/chunks/framework-41b02394b273386f.js:0:131073)
[    9003ms] Uncaught Error: Minified React error #418; visit https://reactjs.org/docs/error-decoder.html?invariant=418 for the full message or use the non-minified dev environment for full errors and additional helpful warnings.
    at lg (https://static.snapchat.com/snapchat-dot-com/_next/static/chunks/framework-41b02394b273386f.js:0:46553)
    at i (https://static.snapchat.com/snapchat-dot-com/_next/static/chunks/framework-41b02394b273386f.js:0:121200)
    at oD (https://static.snapchat.com/snapchat-dot-com/_next/static/chunks/framework-41b02394b273386f.js:0:99167)
    at <anonymous> (https://static.snapchat.com/snapchat-dot-com/_next/static/chunks/framework-41b02394b273386f.js:0:94216)
    at ox (https://static.snapchat.com/snapchat-dot-com/_next/static/chunks/framework-41b02394b273386f.js:0:94223)
    at x (https://static.snapchat.com/snapchat-dot-com/_next/static/chunks/framework-41b02394b273386f.js:0:130543)
    at T (https://static.snapchat.com/snapchat-dot-com/_next/static/chunks/framework-41b02394b273386f.js:0:131073)
[    9003ms] Uncaught Error: Minified React error #418; visit https://reactjs.org/docs/error-decoder.html?invariant=418 for the full message or use the non-minified dev environment for full errors and additional helpful warnings.
    at lg (https://static.snapchat.com/snapchat-dot-com/_next/static/chunks/framework-41b02394b273386f.js:0:46553)
    at i (https://static.snapchat.com/snapchat-dot-com/_next/static/chunks/framework-41b02394b273386f.js:0:121200)
    at oD (https://static.snapchat.com/snapchat-dot-com/_next/static/chunks/framework-41b02394b273386f.js:0:99167)
    at <anonymous> (https://static.snapchat.com/snapchat-dot-com/_next/static/chunks/framework-41b02394b273386f.js:0:94216)
    at ox (https://static.snapchat.com/snapchat-dot-com/_next/static/chunks/framework-41b02394b273386f.js:0:94223)
    at x (https://static.snapchat.com/snapchat-dot-com/_next/static/chunks/framework-41b02394b273386f.js:0:130543)
    at T (https://static.snapchat.com/snapchat-dot-com/_next/static/chunks/framework-41b02394b273386f.js:0:131073)
[    9004ms] Uncaught Error: Minified React error #418; visit https://reactjs.org/docs/error-decoder.html?invariant=418 for the full message or use the non-minified dev environment for full errors and additional helpful warnings.
    at lg (https://static.snapchat.com/snapchat-dot-com/_next/static/chunks/framework-41b02394b273386f.js:0:46553)
    at i (https://static.snapchat.com/snapchat-dot-com/_next/static/chunks/framework-41b02394b273386f.js:0:121200)
    at oD (https://static.snapchat.com/snapchat-dot-com/_next/static/chunks/framework-41b02394b273386f.js:0:99167)
    at <anonymous> (https://static.snapchat.com/snapchat-dot-com/_next/static/chunks/framework-41b02394b273386f.js:0:94216)
    at ox (https://static.snapchat.com/snapchat-dot-com/_next/static/chunks/framework-41b02394b273386f.js:0:94223)
    at x (https://static.snapchat.com/snapchat-dot-com/_next/static/chunks/framework-41b02394b273386f.js:0:130543)
    at T (https://static.snapchat.com/snapchat-dot-com/_next/static/chunks/framework-41b02394b273386f.js:0:131073)
[    9004ms] Uncaught Error: Minified React error #422; visit https://reactjs.org/docs/error-decoder.html?invariant=422 for the full message or use the non-minified dev environment for full errors and additional helpful warnings.
    at <anonymous> (https://static.snapchat.com/snapchat-dot-com/_next/static/chunks/framework-41b02394b273386f.js:0:77178)
    at uk (https://static.snapchat.com/snapchat-dot-com/_next/static/chunks/framework-41b02394b273386f.js:0:78438)
    at i (https://static.snapchat.com/snapchat-dot-com/_next/static/chunks/framework-41b02394b273386f.js:0:121403)
    at oD (https://static.snapchat.com/snapchat-dot-com/_next/static/chunks/framework-41b02394b273386f.js:0:99167)
    at <anonymous> (https://static.snapchat.com/snapchat-dot-com/_next/static/chunks/framework-41b02394b273386f.js:0:94216)
    at ox (https://static.snapchat.com/snapchat-dot-com/_next/static/chunks/framework-41b02394b273386f.js:0:94223)
    at x (https://static.snapchat.com/snapchat-dot-com/_next/static/chunks/framework-41b02394b273386f.js:0:130543)
    at T (https://static.snapchat.com/snapchat-dot-com/_next/static/chunks/framework-41b02394b273386f.js:0:131073)
[   10355ms] [LOG] %c¡ADVERTENCIA! font-size: 30px; color: #F61F1F; background-color: #FFFF00; @ https://static.snapchat.com/snapchat-dot-com/_next/static/chunks/pages/_app-f8f9c98a5971c2c4.js:12
[   10357ms] [LOG] %cNo introduzcas ni pegues códigos que no comprendas.
Si usas esta consola, los atacantes podrían suplantar tu identidad y robar tu información mediante un ataque llamado Self-XSS. font-size: 16px; color: #464656; background-color: #FFF; @ https://static.snapchat.com/snapchat-dot-com/_next/static/chunks/pages/_app-f8f9c98a5971c2c4.js:12
[   10368ms] [LOG] %c¡ADVERTENCIA! font-size: 30px; color: #F61F1F; background-color: #FFFF00; @ https://static.snapchat.com/snapchat-dot-com/_next/static/chunks/pages/_app-f8f9c98a5971c2c4.js:12
[   10369ms] [LOG] %cNo introduzcas ni pegues códigos que no comprendas.
Si usas esta consola, los atacantes podrían suplantar tu identidad y robar tu información mediante un ataque llamado Self-XSS. font-size: 16px; color: #464656; background-color: #FFF; @ https://static.snapchat.com/snapchat-dot-com/_next/static/chunks/pages/_app-f8f9c98a5971c2c4.js:12
[   10474ms] [LOG] %c¡ADVERTENCIA! font-size: 30px; color: #F61F1F; background-color: #FFFF00; @ https://static.snapchat.com/snapchat-dot-com/_next/static/chunks/pages/_app-f8f9c98a5971c2c4.js:12
[   10475ms] [LOG] %cNo introduzcas ni pegues códigos que no comprendas.
Si usas esta consola, los atacantes podrían suplantar tu identidad y robar tu información mediante un ataque llamado Self-XSS. font-size: 16px; color: #464656; background-color: #FFF; @ https://static.snapchat.com/snapchat-dot-com/_next/static/chunks/pages/_app-f8f9c98a5971c2c4.js:12
[   10504ms] [LOG] %c¡ADVERTENCIA! font-size: 30px; color: #F61F1F; background-color: #FFFF00; @ https://static.snapchat.com/snapchat-dot-com/_next/static/chunks/pages/_app-f8f9c98a5971c2c4.js:12
[   10505ms] [LOG] %cNo escribas o pegues código que no entiendas.
Usar esta consola podría permitir que personas malintencionadas roben tu identidad y tu información usando un ataque llamado Self-XSS. font-size: 16px; color: #464656; background-color: #FFF; @ https://static.snapchat.com/snapchat-dot-com/_next/static/chunks/pages/_app-f8f9c98a5971c2c4.js:12
[   10509ms] [LOG] %c¡ADVERTENCIA! font-size: 30px; color: #F61F1F; background-color: #FFFF00; @ https://static.snapchat.com/snapchat-dot-com/_next/static/chunks/pages/_app-f8f9c98a5971c2c4.js:12
[   10510ms] [LOG] %cNo introduzcas ni pegues códigos que no comprendas.
Si usas esta consola, los atacantes podrían suplantar tu identidad y robar tu información mediante un ataque llamado Self-XSS. font-size: 16px; color: #464656; background-color: #FFF; @ https://static.snapchat.com/snapchat-dot-com/_next/static/chunks/pages/_app-f8f9c98a5971c2c4.js:12
[   10516ms] [LOG] %cWARNING! font-size: 30px; color: #F61F1F; background-color: #FFFF00; @ https://static.snapchat.com/snapchat-dot-com/_next/static/chunks/pages/_app-f8f9c98a5971c2c4.js:12
[   10517ms] [LOG] %cDo not enter or paste code that you do not understand.
Using this console may allow attackers to impersonate you and steal your information using an attack called Self-XSS. font-size: 16px; color: #464656; background-color: #FFF; @ https://static.snapchat.com/snapchat-dot-com/_next/static/chunks/pages/_app-f8f9c98a5971c2c4.js:12
[   10523ms] [ERROR] Connecting to 'https://growth-web-dev-tool.mesh.sc-corp.net/api/open-sesame' violates the following Content Security Policy directive: "connect-src 'self' blob: https://storysharing.snapchat.com https://cf-st.sc-cdn.net https://app.snapchat.com https://s.sc-cdn.net https://bolt-gcdn.sc-cdn.net https://gcp.api.snapchat.com https://web-frontend-dot-sc-analytics.appspot.com https://aws.api.snapchat.com https://*.google-analytics.com https://*.analytics.google.com https://stats.g.doubleclick.net https://*.googletagmanager.com https://www.snapchat.com https://sentry.sc-prod.net https://story.snapchat.com https://us-central1-gcp.api.snapchat.com https://staging-us-central1-gcp.api.snapchat.com https://accounts.snapchat.com ws: wss:". The action has been blocked. @ https://static.snapchat.com/snapchat-dot-com/_next/static/chunks/pages/_app-f8f9c98a5971c2c4.js:12
[   10526ms] [ERROR] Fetch API cannot load https://growth-web-dev-tool.mesh.sc-corp.net/api/open-sesame. Refused to connect because it violates the document's Content Security Policy. @ https://static.snapchat.com/snapchat-dot-com/_next/static/chunks/pages/_app-f8f9c98a5971c2c4.js:12
[   10564ms] [ERROR] Connecting to 'https://growth-web-dev-tool.mesh.sc-corp.net/api/open-sesame' violates the following Content Security Policy directive: "connect-src 'self' blob: https://storysharing.snapchat.com https://cf-st.sc-cdn.net https://app.snapchat.com https://s.sc-cdn.net https://bolt-gcdn.sc-cdn.net https://gcp.api.snapchat.com https://web-frontend-dot-sc-analytics.appspot.com https://aws.api.snapchat.com https://*.google-analytics.com https://*.analytics.google.com https://stats.g.doubleclick.net https://*.googletagmanager.com https://www.snapchat.com https://sentry.sc-prod.net https://story.snapchat.com https://us-central1-gcp.api.snapchat.com https://staging-us-central1-gcp.api.snapchat.com https://accounts.snapchat.com ws: wss:". The action has been blocked. @ https://static.snapchat.com/snapchat-dot-com/_next/static/chunks/pages/_app-f8f9c98a5971c2c4.js:12
[   10565ms] [ERROR] Fetch API cannot load https://growth-web-dev-tool.mesh.sc-corp.net/api/open-sesame. Refused to connect because it violates the document's Content Security Policy. @ https://static.snapchat.com/snapchat-dot-com/_next/static/chunks/pages/_app-f8f9c98a5971c2c4.js:12
[   11266ms] [LOG] %c¡ADVERTENCIA! font-size: 30px; color: #F61F1F; background-color: #FFFF00; @ https://static.snapchat.com/snapchat-dot-com/_next/static/chunks/pages/_app-f8f9c98a5971c2c4.js:12
[   11267ms] [LOG] %cNo introduzcas ni pegues códigos que no comprendas.
Si usas esta consola, los atacantes podrían suplantar tu identidad y robar tu información mediante un ataque llamado Self-XSS. font-size: 16px; color: #464656; background-color: #FFF; @ https://static.snapchat.com/snapchat-dot-com/_next/static/chunks/pages/_app-f8f9c98a5971c2c4.js:12
[   11270ms] [LOG] %c¡ADVERTENCIA! font-size: 30px; color: #F61F1F; background-color: #FFFF00; @ https://static.snapchat.com/snapchat-dot-com/_next/static/chunks/pages/_app-f8f9c98a5971c2c4.js:12
[   11271ms] [LOG] %cNo introduzcas ni pegues códigos que no comprendas.
Si usas esta consola, los atacantes podrían suplantar tu identidad y robar tu información mediante un ataque llamado Self-XSS. font-size: 16px; color: #464656; background-color: #FFF; @ https://static.snapchat.com/snapchat-dot-com/_next/static/chunks/pages/_app-f8f9c98a5971c2c4.js:12
[   11276ms] [LOG] %c¡ADVERTENCIA! font-size: 30px; color: #F61F1F; background-color: #FFFF00; @ https://static.snapchat.com/snapchat-dot-com/_next/static/chunks/pages/_app-f8f9c98a5971c2c4.js:12
[   11278ms] [LOG] %cNo introduzcas ni pegues códigos que no comprendas.
Si usas esta consola, los atacantes podrían suplantar tu identidad y robar tu información mediante un ataque llamado Self-XSS. font-size: 16px; color: #464656; background-color: #FFF; @ https://static.snapchat.com/snapchat-dot-com/_next/static/chunks/pages/_app-f8f9c98a5971c2c4.js:12
[   11283ms] [LOG] %c¡ADVERTENCIA! font-size: 30px; color: #F61F1F; background-color: #FFFF00; @ https://static.snapchat.com/snapchat-dot-com/_next/static/chunks/pages/_app-f8f9c98a5971c2c4.js:12
[   11284ms] [LOG] %cNo introduzcas ni pegues códigos que no comprendas.
Si usas esta consola, los atacantes podrían suplantar tu identidad y robar tu información mediante un ataque llamado Self-XSS. font-size: 16px; color: #464656; background-color: #FFF; @ https://static.snapchat.com/snapchat-dot-com/_next/static/chunks/pages/_app-f8f9c98a5971c2c4.js:12
[   11290ms] [LOG] %c¡ADVERTENCIA! font-size: 30px; color: #F61F1F; background-color: #FFFF00; @ https://static.snapchat.com/snapchat-dot-com/_next/static/chunks/pages/_app-f8f9c98a5971c2c4.js:12
[   11292ms] [LOG] %cNo introduzcas ni pegues códigos que no comprendas.
Si usas esta consola, los atacantes podrían suplantar tu identidad y robar tu información mediante un ataque llamado Self-XSS. font-size: 16px; color: #464656; background-color: #FFF; @ https://static.snapchat.com/snapchat-dot-com/_next/static/chunks/pages/_app-f8f9c98a5971c2c4.js:12
