[     638ms] [ERROR] Failed to load resource: the server responded with a status of 429 () @ https://syndication.twitter.com/srv/timeline-profile/screen-name/x:0
[     895ms] [ERROR] Executing inline script violates the following Content Security Policy directive 'script-src 'self' blob: https://story.snapchat.com https://www.google-analytics.com https://*.googletagmanager.com https://static.snapchat.com'. Either the 'unsafe-inline' keyword, a hash ('sha256-x63VpzGo4edCOz5G/8kRnL3Ml+nCT850mDUIbVAQrTM='), or a nonce ('nonce-...') is required to enable inline execution. The action has been blocked. @ https://www.snapchat.com/spotlight/W7_EDlXWTBiXAEEniNoMPwAAYc2ltcGhhbWxlAZQfyE_QAZQfyEd6AAAAAQ/embed:0
[    2452ms] [LOG] Navigation listeners online @ https://www.redditstatic.com/js/concat?prefix=es-MX/&chunks=1bSilD7uds,23NsYANDn4,B-GbtPjoVT,BAiDjzbirE,BBUPi1GI03,BEdgppye7g,BTGKWEy3O-,BTzpuZbTMK,BdH2sWCuz2,BdnS_PtKVO,Bg68_5LEMO,BoEE2EKz8f,BvTwo8HqG1,C02Xhu2NIQ,C0rAcP6aMM,C6EebI0UvV,C7q8zv_0oI,CAoQYJfvJj,CE0Wk_azMF,CFA9Yvgxnu,CHE_tjjEfa,CHKCkEa8sq,CL6OeZUGUY,CSBTQxBJyP,CZyD3uI_Aj,C_9UlV5v2E,CgBvNNpxda,CgDk6C8q4Z,CmYrShAZYY,Czpmf5jUlS,D7F5ZaqCNi,DAjOodpyac,DN7FGCKmcS,DQGtvdaHN0,DTOLnHLB8t,D_l7kMNyPz,DbO95WhXXx,Duh6w4QHAk,DvmpX5XcfJ,GmXBwRAnBD,MHL-8O38ml,NLAkc9ECVR,acWVWxiVAm,cH_VGUwDEW,ezWdHTT4IH,krKe57IjLk,lXmtgL270o,lrGp8aI2xV,rFB7YrYAu-,rUhgdOssfQ,sWpHXhseDf,upkG3B7Q6W,y0gPwdxs-e:112
[    2672ms] [INFO] . @ https://sf16-website-login.neutral.ttwstatic.com/obj/tiktok_web_login_static/webmssdk/1.0.0.223/webmssdk.js:0
[    2735ms] [ERROR] ErrorUtils caught an error:

Got unexpected null or undefined

Subsequent non-fatal errors won't be logged; see https://fburl.com/debugjs. {column: 137, clientTime: 1785705220, extra: Object, guardList: Array(2), hash: ener0h} @ https://static.cdninstagram.com/rsrc.php/v4/yQ/r/zLDa5Re8dUc.js:78
[    2973ms] [INFO] . @ https://sf16-website-login.neutral.ttwstatic.com/obj/tiktok_web_login_static/webmssdk/1.0.0.223/webmssdk.js:0
[    3991ms] [ERROR] ErrorUtils caught an error:

Could not find element "u_1_1k_QC" [Caught in: Module "__elem_a588f507_1_0_9I"]

Subsequent non-fatal errors won't be logged; see https://fburl.com/debugjs. {column: 180, clientTime: 1785705221, extra: Object, guardList: Array(4), hash: ewhffp} @ https://static.xx.fbcdn.net/rsrc.php/v4/yQ/r/zLDa5Re8dUc.js:78
[    3994ms] [ERROR] ErrorUtils caught an error:

DataStore.get: namespace is required, got undefined

Subsequent non-fatal errors won't be logged; see https://fburl.com/debugjs. {column: 712, clientTime: 1785705221, extra: Object, guardList: Array(4), hash: ima00y} @ https://static.xx.fbcdn.net/rsrc.php/v4/yQ/r/zLDa5Re8dUc.js:78
[    4001ms] [ERROR] ErrorUtils caught an error:

Could not find element "u_1_4_DC" [Caught in: Module "__elem_9fc087ed_1_0_cH"]

Subsequent non-fatal errors won't be logged; see https://fburl.com/debugjs. {column: 180, clientTime: 1785705221, extra: Object, guardList: Array(4), hash: ewhffp} @ https://static.xx.fbcdn.net/rsrc.php/v4/yQ/r/zLDa5Re8dUc.js:78
[    4003ms] [ERROR] ErrorUtils caught an error:

Could not find element "u_1_4_DC" [Caught in: Module "__elem_9fc087ed_1_0_cH"] [Caught in: Requiring module "__elem_9fc087ed_1_0_cH" which threw an exception]

Subsequent non-fatal errors won't be logged; see https://fburl.com/debugjs. {column: 180, clientTime: 1785705221, extra: Object, guardList: Array(4), hash: ewhffp} @ https://static.xx.fbcdn.net/rsrc.php/v4/yQ/r/zLDa5Re8dUc.js:78
[    4005ms] [ERROR] ErrorUtils caught an error:

Could not find element "u_1_1_QK" [Caught in: Module "__elem_9fc087ed_1_1_c9"]

Subsequent non-fatal errors won't be logged; see https://fburl.com/debugjs. {column: 180, clientTime: 1785705221, extra: Object, guardList: Array(4), hash: ewhffp} @ https://static.xx.fbcdn.net/rsrc.php/v4/yQ/r/zLDa5Re8dUc.js:78
[    4008ms] [ERROR] ErrorUtils caught an error:

Could not find element "u_1_1_QK" [Caught in: Module "__elem_9fc087ed_1_1_c9"] [Caught in: Requiring module "__elem_9fc087ed_1_1_c9" which threw an exception]

Subsequent non-fatal errors won't be logged; see https://fburl.com/debugjs. {column: 180, clientTime: 1785705221, extra: Object, guardList: Array(4), hash: ewhffp} @ https://static.xx.fbcdn.net/rsrc.php/v4/yQ/r/zLDa5Re8dUc.js:78
[    4010ms] [ERROR] ErrorUtils caught an error:

Could not find element "u_1_0_FX" [Caught in: Module "__elem_9fc087ed_1_2_BY"]

Subsequent non-fatal errors won't be logged; see https://fburl.com/debugjs. {column: 180, clientTime: 1785705221, extra: Object, guardList: Array(4), hash: ewhffp} @ https://static.xx.fbcdn.net/rsrc.php/v4/yQ/r/zLDa5Re8dUc.js:78
[    4011ms] [ERROR] ErrorUtils caught an error:

Could not find element "u_1_0_FX" [Caught in: Module "__elem_9fc087ed_1_2_BY"] [Caught in: Requiring module "__elem_9fc087ed_1_2_BY" which threw an exception]

Subsequent non-fatal errors won't be logged; see https://fburl.com/debugjs. {column: 180, clientTime: 1785705221, extra: Object, guardList: Array(4), hash: ewhffp} @ https://static.xx.fbcdn.net/rsrc.php/v4/yQ/r/zLDa5Re8dUc.js:78
[    4012ms] [ERROR] ErrorUtils caught an error:

Could not find element "u_1_3_Vr" [Caught in: Module "__elem_9fc087ed_1_3_97"]

Subsequent non-fatal errors won't be logged; see https://fburl.com/debugjs. {column: 180, clientTime: 1785705221, extra: Object, guardList: Array(4), hash: ewhffp} @ https://static.xx.fbcdn.net/rsrc.php/v4/yQ/r/zLDa5Re8dUc.js:78
[    4013ms] [ERROR] ErrorUtils caught an error:

Could not find element "u_1_3_Vr" [Caught in: Module "__elem_9fc087ed_1_3_97"] [Caught in: Requiring module "__elem_9fc087ed_1_3_97" which threw an exception]

Subsequent non-fatal errors won't be logged; see https://fburl.com/debugjs. {column: 180, clientTime: 1785705221, extra: Object, guardList: Array(4), hash: ewhffp} @ https://static.xx.fbcdn.net/rsrc.php/v4/yQ/r/zLDa5Re8dUc.js:78
[    4015ms] [ERROR] ErrorUtils caught an error:

Could not find element "u_1_2_um" [Caught in: Module "__elem_9fc087ed_1_4_bg"]

Subsequent non-fatal errors won't be logged; see https://fburl.com/debugjs. {column: 180, clientTime: 1785705221, extra: Object, guardList: Array(4), hash: ewhffp} @ https://static.xx.fbcdn.net/rsrc.php/v4/yQ/r/zLDa5Re8dUc.js:78
[    4016ms] [ERROR] ErrorUtils caught an error:

Could not find element "u_1_2_um" [Caught in: Module "__elem_9fc087ed_1_4_bg"] [Caught in: Requiring module "__elem_9fc087ed_1_4_bg" which threw an exception]

Subsequent non-fatal errors won't be logged; see https://fburl.com/debugjs. {column: 180, clientTime: 1785705221, extra: Object, guardList: Array(4), hash: ewhffp} @ https://static.xx.fbcdn.net/rsrc.php/v4/yQ/r/zLDa5Re8dUc.js:78
[    4018ms] [ERROR] ErrorUtils caught an error:

Could not find element "u_1_m_Kd" [Caught in: Module "__elem_fc9f538f_1_0_9E"]

Subsequent non-fatal errors won't be logged; see https://fburl.com/debugjs. {column: 180, clientTime: 1785705221, extra: Object, guardList: Array(4), hash: jqshpt} @ https://static.xx.fbcdn.net/rsrc.php/v4/yQ/r/zLDa5Re8dUc.js:78
[    4019ms] [ERROR] ErrorUtils caught an error:

Could not find element "u_1_n_RE" [Caught in: Module "__elem_fc9f538f_1_1_DM"]

Subsequent non-fatal errors won't be logged; see https://fburl.com/debugjs. {column: 180, clientTime: 1785705221, extra: Object, guardList: Array(4), hash: jqshpt} @ https://static.xx.fbcdn.net/rsrc.php/v4/yQ/r/zLDa5Re8dUc.js:78
[    4020ms] [ERROR] ErrorUtils caught an error:

Could not find element "u_1_o_CD" [Caught in: Module "__elem_fc9f538f_1_2_z4"]

Subsequent non-fatal errors won't be logged; see https://fburl.com/debugjs. {column: 180, clientTime: 1785705221, extra: Object, guardList: Array(4), hash: jqshpt} @ https://static.xx.fbcdn.net/rsrc.php/v4/yQ/r/zLDa5Re8dUc.js:78
[    4022ms] [ERROR] ErrorUtils caught an error:

Could not find element "u_1_c_ko" [Caught in: Module "__elem_a588f507_1_2_HE"]

Subsequent non-fatal errors won't be logged; see https://fburl.com/debugjs. {column: 180, clientTime: 1785705221, extra: Object, guardList: Array(4), hash: ewhffp} @ https://static.xx.fbcdn.net/rsrc.php/v4/yQ/r/zLDa5Re8dUc.js:78
[    4023ms] [ERROR] ErrorUtils caught an error:

Could not find element "u_1_d_kY" [Caught in: Module "__elem_de92090e_1_0_pK"]

Subsequent non-fatal errors won't be logged; see https://fburl.com/debugjs. {column: 180, clientTime: 1785705221, extra: Object, guardList: Array(4), hash: ewhffp} @ https://static.xx.fbcdn.net/rsrc.php/v4/yQ/r/zLDa5Re8dUc.js:78
[    4024ms] [ERROR] ErrorUtils caught an error:

Could not find element "u_1_e_6V" [Caught in: Module "__elem_072b8e64_1_0_px"]

Subsequent non-fatal errors won't be logged; see https://fburl.com/debugjs. {column: 180, clientTime: 1785705221, extra: Object, guardList: Array(4), hash: ewhffp} @ https://static.xx.fbcdn.net/rsrc.php/v4/yQ/r/zLDa5Re8dUc.js:78
[    4026ms] [ERROR] ErrorUtils caught an error:

Could not find element "u_1_f_N7" [Caught in: Module "__elem_a588f507_1_3_kC"]

Subsequent non-fatal errors won't be logged; see https://fburl.com/debugjs. {column: 180, clientTime: 1785705221, extra: Object, guardList: Array(4), hash: ewhffp} @ https://static.xx.fbcdn.net/rsrc.php/v4/yQ/r/zLDa5Re8dUc.js:78
[    4028ms] [ERROR] ErrorUtils caught an error:

Could not find element "u_1_g_EJ" [Caught in: Module "__elem_de92090e_1_1_7g"]

Subsequent non-fatal errors won't be logged; see https://fburl.com/debugjs. {column: 180, clientTime: 1785705221, extra: Object, guardList: Array(4), hash: ewhffp} @ https://static.xx.fbcdn.net/rsrc.php/v4/yQ/r/zLDa5Re8dUc.js:78
[    4029ms] [ERROR] ErrorUtils caught an error:

Could not find element "u_1_h_/z" [Caught in: Module "__elem_072b8e64_1_1_ik"]

Subsequent non-fatal errors won't be logged; see https://fburl.com/debugjs. {column: 180, clientTime: 1785705221, extra: Object, guardList: Array(4), hash: ewhffp} @ https://static.xx.fbcdn.net/rsrc.php/v4/yQ/r/zLDa5Re8dUc.js:78
[    4030ms] [ERROR] ErrorUtils caught an error:

Could not find element "u_1_i_wG" [Caught in: Module "__elem_a588f507_1_4_Or"]

Subsequent non-fatal errors won't be logged; see https://fburl.com/debugjs. {column: 180, clientTime: 1785705221, extra: Object, guardList: Array(4), hash: ewhffp} @ https://static.xx.fbcdn.net/rsrc.php/v4/yQ/r/zLDa5Re8dUc.js:78
[    4032ms] [ERROR] ErrorUtils caught an error:

Could not find element "u_1_j_/b" [Caught in: Module "__elem_de92090e_1_2_+n"]

Subsequent non-fatal errors won't be logged; see https://fburl.com/debugjs. {column: 180, clientTime: 1785705221, extra: Object, guardList: Array(4), hash: ewhffp} @ https://static.xx.fbcdn.net/rsrc.php/v4/yQ/r/zLDa5Re8dUc.js:78
[    4034ms] [ERROR] ErrorUtils caught an error:

Could not find element "u_1_k_c4" [Caught in: Module "__elem_072b8e64_1_2_F2"]

Subsequent non-fatal errors won't be logged; see https://fburl.com/debugjs. {column: 180, clientTime: 1785705221, extra: Object, guardList: Array(4), hash: ewhffp} @ https://static.xx.fbcdn.net/rsrc.php/v4/yQ/r/zLDa5Re8dUc.js:78
[    4036ms] [ERROR] ErrorUtils caught an error:

Could not find element "u_1_1j_ZT" [Caught in: Module "__elem_fc9f538f_1_3_ft"]

Subsequent non-fatal errors won't be logged; see https://fburl.com/debugjs. {column: 180, clientTime: 1785705221, extra: Object, guardList: Array(4), hash: jqshpt} @ https://static.xx.fbcdn.net/rsrc.php/v4/yQ/r/zLDa5Re8dUc.js:78
[    4037ms] [ERROR] ErrorUtils caught an error:

Could not find element "u_1_19_8X" [Caught in: Module "__elem_fc9f538f_1_4_DA"]

Subsequent non-fatal errors won't be logged; see https://fburl.com/debugjs. {column: 180, clientTime: 1785705221, extra: Object, guardList: Array(4), hash: jqshpt} @ https://static.xx.fbcdn.net/rsrc.php/v4/yQ/r/zLDa5Re8dUc.js:78
[    4039ms] [ERROR] ErrorUtils caught an error:

Could not find element "u_1_q_ST" [Caught in: Module "__elem_a588f507_1_5_pX"]

Subsequent non-fatal errors won't be logged; see https://fburl.com/debugjs. {column: 180, clientTime: 1785705221, extra: Object, guardList: Array(4), hash: ewhffp} @ https://static.xx.fbcdn.net/rsrc.php/v4/yQ/r/zLDa5Re8dUc.js:78
[    4041ms] [ERROR] ErrorUtils caught an error:

Could not find element "u_1_r_dx" [Caught in: Module "__elem_de92090e_1_3_/w"]

Subsequent non-fatal errors won't be logged; see https://fburl.com/debugjs. {column: 180, clientTime: 1785705221, extra: Object, guardList: Array(4), hash: ewhffp} @ https://static.xx.fbcdn.net/rsrc.php/v4/yQ/r/zLDa5Re8dUc.js:78
[    4043ms] [ERROR] ErrorUtils caught an error:

Could not find element "u_1_s_xa" [Caught in: Module "__elem_072b8e64_1_3_BV"]

Subsequent non-fatal errors won't be logged; see https://fburl.com/debugjs. {column: 180, clientTime: 1785705221, extra: Object, guardList: Array(4), hash: ewhffp} @ https://static.xx.fbcdn.net/rsrc.php/v4/yQ/r/zLDa5Re8dUc.js:78
[    4044ms] [ERROR] ErrorUtils caught an error:

Could not find element "u_1_t_aV" [Caught in: Module "__elem_a588f507_1_6_kS"]

Subsequent non-fatal errors won't be logged; see https://fburl.com/debugjs. {column: 180, clientTime: 1785705221, extra: Object, guardList: Array(4), hash: ewhffp} @ https://static.xx.fbcdn.net/rsrc.php/v4/yQ/r/zLDa5Re8dUc.js:78
[    4046ms] [ERROR] ErrorUtils caught an error:

Could not find element "u_1_u_i7" [Caught in: Module "__elem_de92090e_1_4_AP"]

Subsequent non-fatal errors won't be logged; see https://fburl.com/debugjs. {column: 180, clientTime: 1785705221, extra: Object, guardList: Array(4), hash: ewhffp} @ https://static.xx.fbcdn.net/rsrc.php/v4/yQ/r/zLDa5Re8dUc.js:78
[    4048ms] [ERROR] ErrorUtils caught an error:

Could not find element "u_1_v_3c" [Caught in: Module "__elem_072b8e64_1_4_Ki"]

Subsequent non-fatal errors won't be logged; see https://fburl.com/debugjs. {column: 180, clientTime: 1785705221, extra: Object, guardList: Array(4), hash: ewhffp} @ https://static.xx.fbcdn.net/rsrc.php/v4/yQ/r/zLDa5Re8dUc.js:78
[    4049ms] [ERROR] ErrorUtils caught an error:

Could not find element "u_1_1a_uy" [Caught in: Module "__elem_a648e52c_1_0_MU"]

Subsequent non-fatal errors won't be logged; see https://fburl.com/debugjs. {column: 180, clientTime: 1785705221, extra: Object, guardList: Array(4), hash: ewhffp} @ https://static.xx.fbcdn.net/rsrc.php/v4/yQ/r/zLDa5Re8dUc.js:78
[    4056ms] [ERROR] ErrorUtils caught an error:

Could not find element "u_1_1d_MZ" [Caught in: Module "__elem_3533c634_1_0_/B"] [Caught in: Module "__inst_3533c634_1_0_uo"] [Caught in: Module "__inst_a648e52c_1_0_Da"]

Subsequent non-fatal errors won't be logged; see https://fburl.com/debugjs. {column: 180, clientTime: 1785705221, extra: Object, guardList: Array(4), hash: jxzjvr} @ https://static.xx.fbcdn.net/rsrc.php/v4/yQ/r/zLDa5Re8dUc.js:78
[    4057ms] [ERROR] ErrorUtils caught an error:

Could not find element "u_1_1d_MZ" [Caught in: Module "__elem_3533c634_1_0_/B"] [Caught in: Module "__inst_3533c634_1_0_uo"] [Caught in: Module "__inst_a648e52c_1_0_Da"] [Caught in: Requiring module "__inst_3533c634_1_0_uo" which threw an exception]

Subsequent non-fatal errors won't be logged; see https://fburl.com/debugjs. {column: 180, clientTime: 1785705221, extra: Object, guardList: Array(4), hash: jxzjvr} @ https://static.xx.fbcdn.net/rsrc.php/v4/yQ/r/zLDa5Re8dUc.js:78
[    4059ms] [ERROR] ErrorUtils caught an error:

Could not find element "u_1_1e_AS" [Caught in: Module "__elem_2223e126_1_0_Wj"] [Caught in: Module "__inst_2223e126_1_0_79"]

Subsequent non-fatal errors won't be logged; see https://fburl.com/debugjs. {column: 180, clientTime: 1785705221, extra: Object, guardList: Array(4), hash: cvdoyv} @ https://static.xx.fbcdn.net/rsrc.php/v4/yQ/r/zLDa5Re8dUc.js:78
[    4061ms] [ERROR] ErrorUtils caught an error:

Could not find element "u_1_w_QG" [Caught in: Module "__elem_8937e029_1_0_53"]

Subsequent non-fatal errors won't be logged; see https://fburl.com/debugjs. {column: 180, clientTime: 1785705221, extra: Object, guardList: Array(4), hash: ewhffp} @ https://static.xx.fbcdn.net/rsrc.php/v4/yQ/r/zLDa5Re8dUc.js:78
[    4062ms] [ERROR] ErrorUtils caught an error:

Could not find element "u_1_1d_MZ" [Caught in: Module "__elem_3533c634_1_0_/B"] [Caught in: Module "__inst_3533c634_1_0_uo"] [Caught in: Module "__inst_a648e52c_1_0_Da"] [Caught in: Requiring module "__inst_3533c634_1_0_uo" which threw an exception] [Caught in: Requiring module "__inst_a648e52c_1_0_Da" which threw an exception] [Caught in: Module "__inst_3f1e98e4_1_0_Rd"]

Subsequent non-fatal errors won't be logged; see https://fburl.com/debugjs. {column: 180, clientTime: 1785705221, extra: Object, guardList: Array(4), hash: jxzjvr} @ https://static.xx.fbcdn.net/rsrc.php/v4/yQ/r/zLDa5Re8dUc.js:78
[    4063ms] [ERROR] ErrorUtils caught an error:

Could not find element "u_1_1d_MZ" [Caught in: Module "__elem_3533c634_1_0_/B"] [Caught in: Module "__inst_3533c634_1_0_uo"] [Caught in: Module "__inst_a648e52c_1_0_Da"] [Caught in: Requiring module "__inst_3533c634_1_0_uo" which threw an exception] [Caught in: Requiring module "__inst_a648e52c_1_0_Da" which threw an exception] [Caught in: Module "__inst_3f1e98e4_1_0_Rd"] [Caught in: Requiring module "__inst_a648e52c_1_0_Da" which threw an exception] [Caught in: Module "__inst_0bcc40a7_1_0_Se"]

Subsequent non-fatal errors won't be logged; see https://fburl.com/debugjs. {column: 180, clientTime: 1785705221, extra: Object, guardList: Array(4), hash: jxzjvr} @ https://static.xx.fbcdn.net/rsrc.php/v4/yQ/r/zLDa5Re8dUc.js:78
[    4064ms] [ERROR] ErrorUtils caught an error:

Could not find element "u_1_1d_MZ" [Caught in: Module "__elem_3533c634_1_0_/B"] [Caught in: Module "__inst_3533c634_1_0_uo"] [Caught in: Module "__inst_a648e52c_1_0_Da"] [Caught in: Requiring module "__inst_3533c634_1_0_uo" which threw an exception] [Caught in: Requiring module "__inst_a648e52c_1_0_Da" which threw an exception] [Caught in: Module "__inst_3f1e98e4_1_0_Rd"] [Caught in: Requiring module "__inst_a648e52c_1_0_Da" which threw an exception] [Caught in: Module "__inst_0bcc40a7_1_0_Se"] [Caught in: Requiring module "__inst_a648e52c_1_0_Da" which threw an exception] [Caught in: Module "__inst_553e54ec_1_0_y+"]

Subsequent non-fatal errors won't be logged; see https://fburl.com/debugjs. {column: 180, clientTime: 1785705221, extra: Object, guardList: Array(4), hash: jxzjvr} @ https://static.xx.fbcdn.net/rsrc.php/v4/yQ/r/zLDa5Re8dUc.js:78
[    4066ms] [ERROR] ErrorUtils caught an error:

Could not find element "u_1_1d_MZ" [Caught in: Module "__elem_3533c634_1_0_/B"] [Caught in: Module "__inst_3533c634_1_0_uo"] [Caught in: Module "__inst_a648e52c_1_0_Da"] [Caught in: Requiring module "__inst_3533c634_1_0_uo" which threw an exception] [Caught in: Requiring module "__inst_a648e52c_1_0_Da" which threw an exception] [Caught in: Module "__inst_3f1e98e4_1_0_Rd"] [Caught in: Requiring module "__inst_a648e52c_1_0_Da" which threw an exception] [Caught in: Module "__inst_0bcc40a7_1_0_Se"] [Caught in: Requiring module "__inst_a648e52c_1_0_Da" which threw an exception] [Caught in: Module "__inst_553e54ec_1_0_y+"] [Caught in: Requiring module "__inst_a648e52c_1_0_Da" which threw an exception] [Caught in: Module "__inst_98d9a45e_1_0_UO"]

Subsequent non-fatal errors won't be logged; see https://fburl.com/debugjs. {column: 180, clientTime: 1785705221, extra: Object, guardList: Array(4), hash: jxzjvr} @ https://static.xx.fbcdn.net/rsrc.php/v4/yQ/r/zLDa5Re8dUc.js:78
[    4067ms] [ERROR] ErrorUtils caught an error:

Could not find element "u_1_1d_MZ" [Caught in: Module "__elem_3533c634_1_0_/B"] [Caught in: Module "__inst_3533c634_1_0_uo"] [Caught in: Module "__inst_a648e52c_1_0_Da"] [Caught in: Requiring module "__inst_3533c634_1_0_uo" which threw an exception] [Caught in: Requiring module "__inst_a648e52c_1_0_Da" which threw an exception] [Caught in: Module "__inst_3f1e98e4_1_0_Rd"] [Caught in: Requiring module "__inst_a648e52c_1_0_Da" which threw an exception] [Caught in: Module "__inst_0bcc40a7_1_0_Se"] [Caught in: Requiring module "__inst_a648e52c_1_0_Da" which threw an exception] [Caught in: Module "__inst_553e54ec_1_0_y+"] [Caught in: Requiring module "__inst_a648e52c_1_0_Da" which threw an exception] [Caught in: Module "__inst_98d9a45e_1_0_UO"] [Caught in: Requiring module "__inst_a648e52c_1_0_Da" which threw an exception] [Caught in: Module "__inst_cb5ee3f2_1_0_bU"]

Subsequent non-fatal errors won't be logged; see https://fburl.com/debugjs. {column: 180, clientTime: 1785705221, extra: Object, guardList: Array(4), hash: jxzjvr} @ https://static.xx.fbcdn.net/rsrc.php/v4/yQ/r/zLDa5Re8dUc.js:78
[    4069ms] [ERROR] ErrorUtils caught an error:

Could not find element "u_1_10_tE" [Caught in: Module "__elem_a648e52c_1_1_I6"]

Subsequent non-fatal errors won't be logged; see https://fburl.com/debugjs. {column: 180, clientTime: 1785705221, extra: Object, guardList: Array(4), hash: ewhffp} @ https://static.xx.fbcdn.net/rsrc.php/v4/yQ/r/zLDa5Re8dUc.js:78
[    4070ms] [ERROR] ErrorUtils caught an error:

Could not find element "u_1_13_qX" [Caught in: Module "__elem_3533c634_1_1_3v"] [Caught in: Module "__inst_3533c634_1_1_E9"] [Caught in: Module "__inst_a648e52c_1_1_KO"]

Subsequent non-fatal errors won't be logged; see https://fburl.com/debugjs. {column: 180, clientTime: 1785705221, extra: Object, guardList: Array(4), hash: jxzjvr} @ https://static.xx.fbcdn.net/rsrc.php/v4/yQ/r/zLDa5Re8dUc.js:78
[    4075ms] [ERROR] ErrorUtils caught an error:

Could not find element "u_1_13_qX" [Caught in: Module "__elem_3533c634_1_1_3v"] [Caught in: Module "__inst_3533c634_1_1_E9"] [Caught in: Module "__inst_a648e52c_1_1_KO"] [Caught in: Requiring module "__inst_3533c634_1_1_E9" which threw an exception]

Subsequent non-fatal errors won't be logged; see https://fburl.com/debugjs. {column: 180, clientTime: 1785705221, extra: Object, guardList: Array(4), hash: jxzjvr} @ https://static.xx.fbcdn.net/rsrc.php/v4/yQ/r/zLDa5Re8dUc.js:78
[    4076ms] [ERROR] ErrorUtils caught an error:

Could not find element "u_1_14_99" [Caught in: Module "__elem_2223e126_1_1_2H"] [Caught in: Module "__inst_2223e126_1_1_75"]

Subsequent non-fatal errors won't be logged; see https://fburl.com/debugjs. {column: 180, clientTime: 1785705221, extra: Object, guardList: Array(4), hash: cvdoyv} @ https://static.xx.fbcdn.net/rsrc.php/v4/yQ/r/zLDa5Re8dUc.js:78
[    4077ms] [ERROR] ErrorUtils caught an error:

Could not find element "u_1_y_0Y" [Caught in: Module "__elem_8937e029_1_1_4q"]

Subsequent non-fatal errors won't be logged; see https://fburl.com/debugjs. {column: 180, clientTime: 1785705221, extra: Object, guardList: Array(4), hash: ewhffp} @ https://static.xx.fbcdn.net/rsrc.php/v4/yQ/r/zLDa5Re8dUc.js:78
[    4078ms] [ERROR] ErrorUtils caught an error:

Could not find element "u_1_13_qX" [Caught in: Module "__elem_3533c634_1_1_3v"] [Caught in: Module "__inst_3533c634_1_1_E9"] [Caught in: Module "__inst_a648e52c_1_1_KO"] [Caught in: Requiring module "__inst_3533c634_1_1_E9" which threw an exception] [Caught in: Requiring module "__inst_a648e52c_1_1_KO" which threw an exception] [Caught in: Module "__inst_3f1e98e4_1_1_pg"]

Subsequent non-fatal errors won't be logged; see https://fburl.com/debugjs. {column: 180, clientTime: 1785705221, extra: Object, guardList: Array(4), hash: jxzjvr} @ https://static.xx.fbcdn.net/rsrc.php/v4/yQ/r/zLDa5Re8dUc.js:78
[    4079ms] [ERROR] ErrorUtils caught an error:

Could not find element "u_1_13_qX" [Caught in: Module "__elem_3533c634_1_1_3v"] [Caught in: Module "__inst_3533c634_1_1_E9"] [Caught in: Module "__inst_a648e52c_1_1_KO"] [Caught in: Requiring module "__inst_3533c634_1_1_E9" which threw an exception] [Caught in: Requiring module "__inst_a648e52c_1_1_KO" which threw an exception] [Caught in: Module "__inst_3f1e98e4_1_1_pg"] [Caught in: Requiring module "__inst_a648e52c_1_1_KO" which threw an exception] [Caught in: Module "__inst_0bcc40a7_1_1_z+"]

Subsequent non-fatal errors won't be logged; see https://fburl.com/debugjs. {column: 180, clientTime: 1785705221, extra: Object, guardList: Array(4), hash: jxzjvr} @ https://static.xx.fbcdn.net/rsrc.php/v4/yQ/r/zLDa5Re8dUc.js:78
[    4080ms] [ERROR] ErrorUtils caught an error:

Could not find element "u_1_13_qX" [Caught in: Module "__elem_3533c634_1_1_3v"] [Caught in: Module "__inst_3533c634_1_1_E9"] [Caught in: Module "__inst_a648e52c_1_1_KO"] [Caught in: Requiring module "__inst_3533c634_1_1_E9" which threw an exception] [Caught in: Requiring module "__inst_a648e52c_1_1_KO" which threw an exception] [Caught in: Module "__inst_3f1e98e4_1_1_pg"] [Caught in: Requiring module "__inst_a648e52c_1_1_KO" which threw an exception] [Caught in: Module "__inst_0bcc40a7_1_1_z+"] [Caught in: Requiring module "__inst_a648e52c_1_1_KO" which threw an exception] [Caught in: Module "__inst_553e54ec_1_1_2D"]

Subsequent non-fatal errors won't be logged; see https://fburl.com/debugjs. {column: 180, clientTime: 1785705221, extra: Object, guardList: Array(4), hash: jxzjvr} @ https://static.xx.fbcdn.net/rsrc.php/v4/yQ/r/zLDa5Re8dUc.js:78
[    4081ms] [ERROR] ErrorUtils caught an error:

Could not find element "u_1_13_qX" [Caught in: Module "__elem_3533c634_1_1_3v"] [Caught in: Module "__inst_3533c634_1_1_E9"] [Caught in: Module "__inst_a648e52c_1_1_KO"] [Caught in: Requiring module "__inst_3533c634_1_1_E9" which threw an exception] [Caught in: Requiring module "__inst_a648e52c_1_1_KO" which threw an exception] [Caught in: Module "__inst_3f1e98e4_1_1_pg"] [Caught in: Requiring module "__inst_a648e52c_1_1_KO" which threw an exception] [Caught in: Module "__inst_0bcc40a7_1_1_z+"] [Caught in: Requiring module "__inst_a648e52c_1_1_KO" which threw an exception] [Caught in: Module "__inst_553e54ec_1_1_2D"] [Caught in: Requiring module "__inst_a648e52c_1_1_KO" which threw an exception] [Caught in: Module "__inst_98d9a45e_1_1_+Y"]

Subsequent non-fatal errors won't be logged; see https://fburl.com/debugjs. {column: 180, clientTime: 1785705221, extra: Object, guardList: Array(4), hash: jxzjvr} @ https://static.xx.fbcdn.net/rsrc.php/v4/yQ/r/zLDa5Re8dUc.js:78
[    4082ms] [ERROR] ErrorUtils caught an error:

Could not find element "u_1_13_qX" [Caught in: Module "__elem_3533c634_1_1_3v"] [Caught in: Module "__inst_3533c634_1_1_E9"] [Caught in: Module "__inst_a648e52c_1_1_KO"] [Caught in: Requiring module "__inst_3533c634_1_1_E9" which threw an exception] [Caught in: Requiring module "__inst_a648e52c_1_1_KO" which threw an exception] [Caught in: Module "__inst_3f1e98e4_1_1_pg"] [Caught in: Requiring module "__inst_a648e52c_1_1_KO" which threw an exception] [Caught in: Module "__inst_0bcc40a7_1_1_z+"] [Caught in: Requiring module "__inst_a648e52c_1_1_KO" which threw an exception] [Caught in: Module "__inst_553e54ec_1_1_2D"] [Caught in: Requiring module "__inst_a648e52c_1_1_KO" which threw an exception] [Caught in: Module "__inst_98d9a45e_1_1_+Y"] [Caught in: Requiring module "__inst_a648e52c_1_1_KO" which threw an exception] [Caught in: Module "__inst_cb5ee3f2_1_1_ZP"]

Subsequent non-fatal errors won't be logged; see https://fburl.com/debugjs. {column: 180, clientTime: 1785705221, extra: Object, guardList: Array(4), hash: jxzjvr} @ https://static.xx.fbcdn.net/rsrc.php/v4/yQ/r/zLDa5Re8dUc.js:78
[    4083ms] [ERROR] ErrorUtils caught an error:

Could not find element "u_1_13_qX" [Caught in: Module "__elem_3533c634_1_1_3v"] [Caught in: Module "__inst_3533c634_1_1_E9"] [Caught in: Module "__inst_a648e52c_1_1_KO"] [Caught in: Requiring module "__inst_3533c634_1_1_E9" which threw an exception] [Caught in: Requiring module "__inst_a648e52c_1_1_KO" which threw an exception] [Caught in: Module "__inst_3f1e98e4_1_1_pg"] [Caught in: Requiring module "__inst_a648e52c_1_1_KO" which threw an exception] [Caught in: Module "__inst_0bcc40a7_1_1_z+"] [Caught in: Requiring module "__inst_a648e52c_1_1_KO" which threw an exception] [Caught in: Module "__inst_553e54ec_1_1_2D"] [Caught in: Requiring module "__inst_a648e52c_1_1_KO" which threw an exception] [Caught in: Module "__inst_98d9a45e_1_1_+Y"] [Caught in: Requiring module "__inst_a648e52c_1_1_KO" which threw an exception] [Caught in: Module "__inst_cb5ee3f2_1_1_ZP"] [Caught in: Requiring module "__inst_a648e52c_1_1_KO" which threw an exception] [Caught in: Module "__inst_70dbca80_1_0_56"]

Subsequent non-fatal errors won't be logged; see https://fburl.com/debugjs. {column: 180, clientTime: 1785705221, extra: Object, guardList: Array(4), hash: jxzjvr} @ https://static.xx.fbcdn.net/rsrc.php/v4/yQ/r/zLDa5Re8dUc.js:78
[    4084ms] [ERROR] ErrorUtils caught an error:

Could not find element "u_1_1d_MZ" [Caught in: Module "__elem_3533c634_1_0_/B"] [Caught in: Module "__inst_3533c634_1_0_uo"] [Caught in: Module "__inst_a648e52c_1_0_Da"] [Caught in: Requiring module "__inst_3533c634_1_0_uo" which threw an exception] [Caught in: Requiring module "__inst_a648e52c_1_0_Da" which threw an exception] [Caught in: Module "__inst_3f1e98e4_1_0_Rd"] [Caught in: Requiring module "__inst_a648e52c_1_0_Da" which threw an exception] [Caught in: Module "__inst_0bcc40a7_1_0_Se"] [Caught in: Requiring module "__inst_a648e52c_1_0_Da" which threw an exception] [Caught in: Module "__inst_553e54ec_1_0_y+"] [Caught in: Requiring module "__inst_a648e52c_1_0_Da" which threw an exception] [Caught in: Module "__inst_98d9a45e_1_0_UO"] [Caught in: Requiring module "__inst_a648e52c_1_0_Da" which threw an exception] [Caught in: Module "__inst_cb5ee3f2_1_0_bU"] [Caught in: Requiring module "__inst_a648e52c_1_0_Da" which threw an exception] [Caught in: Module "__inst_70dbca80_1_1_7L"]

Subsequent non-fatal errors won't be logged; see https://fburl.com/debugjs. {column: 180, clientTime: 1785705221, extra: Object, guardList: Array(4), hash: jxzjvr} @ https://static.xx.fbcdn.net/rsrc.php/v4/yQ/r/zLDa5Re8dUc.js:78
[    6344ms] Uncaught Error: Minified React error #425; visit https://reactjs.org/docs/error-decoder.html?invariant=425 for the full message or use the non-minified dev environment for full errors and additional helpful warnings.
    at rh (https://static.snapchat.com/snapchat-dot-com/_next/static/chunks/framework-41b02394b273386f.js:0:40257)
    at <anonymous> (https://static.snapchat.com/snapchat-dot-com/_next/static/chunks/framework-41b02394b273386f.js:0:100768)
    at oI (https://static.snapchat.com/snapchat-dot-com/_next/static/chunks/framework-41b02394b273386f.js:0:106279)
    at oD (https://static.snapchat.com/snapchat-dot-com/_next/static/chunks/framework-41b02394b273386f.js:0:99227)
    at <anonymous> (https://static.snapchat.com/snapchat-dot-com/_next/static/chunks/framework-41b02394b273386f.js:0:94216)
    at ox (https://static.snapchat.com/snapchat-dot-com/_next/static/chunks/framework-41b02394b273386f.js:0:94223)
    at x (https://static.snapchat.com/snapchat-dot-com/_next/static/chunks/framework-41b02394b273386f.js:0:130543)
    at T (https://static.snapchat.com/snapchat-dot-com/_next/static/chunks/framework-41b02394b273386f.js:0:131073)
[    6345ms] Uncaught Error: Minified React error #425; visit https://reactjs.org/docs/error-decoder.html?invariant=425 for the full message or use the non-minified dev environment for full errors and additional helpful warnings.
    at rh (https://static.snapchat.com/snapchat-dot-com/_next/static/chunks/framework-41b02394b273386f.js:0:40257)
    at <anonymous> (https://static.snapchat.com/snapchat-dot-com/_next/static/chunks/framework-41b02394b273386f.js:0:100768)
    at oI (https://static.snapchat.com/snapchat-dot-com/_next/static/chunks/framework-41b02394b273386f.js:0:106279)
    at oD (https://static.snapchat.com/snapchat-dot-com/_next/static/chunks/framework-41b02394b273386f.js:0:99227)
    at <anonymous> (https://static.snapchat.com/snapchat-dot-com/_next/static/chunks/framework-41b02394b273386f.js:0:94216)
    at ox (https://static.snapchat.com/snapchat-dot-com/_next/static/chunks/framework-41b02394b273386f.js:0:94223)
    at x (https://static.snapchat.com/snapchat-dot-com/_next/static/chunks/framework-41b02394b273386f.js:0:130543)
    at T (https://static.snapchat.com/snapchat-dot-com/_next/static/chunks/framework-41b02394b273386f.js:0:131073)
[    6345ms] Uncaught Error: Minified React error #425; visit https://reactjs.org/docs/error-decoder.html?invariant=425 for the full message or use the non-minified dev environment for full errors and additional helpful warnings.
    at rh (https://static.snapchat.com/snapchat-dot-com/_next/static/chunks/framework-41b02394b273386f.js:0:40257)
    at <anonymous> (https://static.snapchat.com/snapchat-dot-com/_next/static/chunks/framework-41b02394b273386f.js:0:100768)
    at oI (https://static.snapchat.com/snapchat-dot-com/_next/static/chunks/framework-41b02394b273386f.js:0:106279)
    at oD (https://static.snapchat.com/snapchat-dot-com/_next/static/chunks/framework-41b02394b273386f.js:0:99227)
    at <anonymous> (https://static.snapchat.com/snapchat-dot-com/_next/static/chunks/framework-41b02394b273386f.js:0:94216)
    at ox (https://static.snapchat.com/snapchat-dot-com/_next/static/chunks/framework-41b02394b273386f.js:0:94223)
    at x (https://static.snapchat.com/snapchat-dot-com/_next/static/chunks/framework-41b02394b273386f.js:0:130543)
    at T (https://static.snapchat.com/snapchat-dot-com/_next/static/chunks/framework-41b02394b273386f.js:0:131073)
[    6345ms] Uncaught Error: Minified React error #425; visit https://reactjs.org/docs/error-decoder.html?invariant=425 for the full message or use the non-minified dev environment for full errors and additional helpful warnings.
    at rh (https://static.snapchat.com/snapchat-dot-com/_next/static/chunks/framework-41b02394b273386f.js:0:40257)
    at <anonymous> (https://static.snapchat.com/snapchat-dot-com/_next/static/chunks/framework-41b02394b273386f.js:0:100768)
    at oI (https://static.snapchat.com/snapchat-dot-com/_next/static/chunks/framework-41b02394b273386f.js:0:106279)
    at oD (https://static.snapchat.com/snapchat-dot-com/_next/static/chunks/framework-41b02394b273386f.js:0:99227)
    at <anonymous> (https://static.snapchat.com/snapchat-dot-com/_next/static/chunks/framework-41b02394b273386f.js:0:94216)
    at ox (https://static.snapchat.com/snapchat-dot-com/_next/static/chunks/framework-41b02394b273386f.js:0:94223)
    at x (https://static.snapchat.com/snapchat-dot-com/_next/static/chunks/framework-41b02394b273386f.js:0:130543)
    at T (https://static.snapchat.com/snapchat-dot-com/_next/static/chunks/framework-41b02394b273386f.js:0:131073)
[    6346ms] Uncaught Error: Minified React error #418; visit https://reactjs.org/docs/error-decoder.html?invariant=418 for the full message or use the non-minified dev environment for full errors and additional helpful warnings.
    at lg (https://static.snapchat.com/snapchat-dot-com/_next/static/chunks/framework-41b02394b273386f.js:0:46553)
    at i (https://static.snapchat.com/snapchat-dot-com/_next/static/chunks/framework-41b02394b273386f.js:0:121200)
    at oD (https://static.snapchat.com/snapchat-dot-com/_next/static/chunks/framework-41b02394b273386f.js:0:99167)
    at <anonymous> (https://static.snapchat.com/snapchat-dot-com/_next/static/chunks/framework-41b02394b273386f.js:0:94216)
    at ox (https://static.snapchat.com/snapchat-dot-com/_next/static/chunks/framework-41b02394b273386f.js:0:94223)
    at x (https://static.snapchat.com/snapchat-dot-com/_next/static/chunks/framework-41b02394b273386f.js:0:130543)
    at T (https://static.snapchat.com/snapchat-dot-com/_next/static/chunks/framework-41b02394b273386f.js:0:131073)
[    6346ms] Uncaught Error: Minified React error #418; visit https://reactjs.org/docs/error-decoder.html?invariant=418 for the full message or use the non-minified dev environment for full errors and additional helpful warnings.
    at lg (https://static.snapchat.com/snapchat-dot-com/_next/static/chunks/framework-41b02394b273386f.js:0:46553)
    at i (https://static.snapchat.com/snapchat-dot-com/_next/static/chunks/framework-41b02394b273386f.js:0:121200)
    at oD (https://static.snapchat.com/snapchat-dot-com/_next/static/chunks/framework-41b02394b273386f.js:0:99167)
    at <anonymous> (https://static.snapchat.com/snapchat-dot-com/_next/static/chunks/framework-41b02394b273386f.js:0:94216)
    at ox (https://static.snapchat.com/snapchat-dot-com/_next/static/chunks/framework-41b02394b273386f.js:0:94223)
    at x (https://static.snapchat.com/snapchat-dot-com/_next/static/chunks/framework-41b02394b273386f.js:0:130543)
    at T (https://static.snapchat.com/snapchat-dot-com/_next/static/chunks/framework-41b02394b273386f.js:0:131073)
[    6346ms] Uncaught Error: Minified React error #418; visit https://reactjs.org/docs/error-decoder.html?invariant=418 for the full message or use the non-minified dev environment for full errors and additional helpful warnings.
    at lg (https://static.snapchat.com/snapchat-dot-com/_next/static/chunks/framework-41b02394b273386f.js:0:46553)
    at i (https://static.snapchat.com/snapchat-dot-com/_next/static/chunks/framework-41b02394b273386f.js:0:121200)
    at oD (https://static.snapchat.com/snapchat-dot-com/_next/static/chunks/framework-41b02394b273386f.js:0:99167)
    at <anonymous> (https://static.snapchat.com/snapchat-dot-com/_next/static/chunks/framework-41b02394b273386f.js:0:94216)
    at ox (https://static.snapchat.com/snapchat-dot-com/_next/static/chunks/framework-41b02394b273386f.js:0:94223)
    at x (https://static.snapchat.com/snapchat-dot-com/_next/static/chunks/framework-41b02394b273386f.js:0:130543)
    at T (https://static.snapchat.com/snapchat-dot-com/_next/static/chunks/framework-41b02394b273386f.js:0:131073)
[    6346ms] Uncaught Error: Minified React error #418; visit https://reactjs.org/docs/error-decoder.html?invariant=418 for the full message or use the non-minified dev environment for full errors and additional helpful warnings.
    at lg (https://static.snapchat.com/snapchat-dot-com/_next/static/chunks/framework-41b02394b273386f.js:0:46553)
    at i (https://static.snapchat.com/snapchat-dot-com/_next/static/chunks/framework-41b02394b273386f.js:0:121200)
    at oD (https://static.snapchat.com/snapchat-dot-com/_next/static/chunks/framework-41b02394b273386f.js:0:99167)
    at <anonymous> (https://static.snapchat.com/snapchat-dot-com/_next/static/chunks/framework-41b02394b273386f.js:0:94216)
    at ox (https://static.snapchat.com/snapchat-dot-com/_next/static/chunks/framework-41b02394b273386f.js:0:94223)
    at x (https://static.snapchat.com/snapchat-dot-com/_next/static/chunks/framework-41b02394b273386f.js:0:130543)
    at T (https://static.snapchat.com/snapchat-dot-com/_next/static/chunks/framework-41b02394b273386f.js:0:131073)
[    6347ms] Uncaught Error: Minified React error #418; visit https://reactjs.org/docs/error-decoder.html?invariant=418 for the full message or use the non-minified dev environment for full errors and additional helpful warnings.
    at lg (https://static.snapchat.com/snapchat-dot-com/_next/static/chunks/framework-41b02394b273386f.js:0:46553)
    at i (https://static.snapchat.com/snapchat-dot-com/_next/static/chunks/framework-41b02394b273386f.js:0:121200)
    at oD (https://static.snapchat.com/snapchat-dot-com/_next/static/chunks/framework-41b02394b273386f.js:0:99167)
    at <anonymous> (https://static.snapchat.com/snapchat-dot-com/_next/static/chunks/framework-41b02394b273386f.js:0:94216)
    at ox (https://static.snapchat.com/snapchat-dot-com/_next/static/chunks/framework-41b02394b273386f.js:0:94223)
    at x (https://static.snapchat.com/snapchat-dot-com/_next/static/chunks/framework-41b02394b273386f.js:0:130543)
    at T (https://static.snapchat.com/snapchat-dot-com/_next/static/chunks/framework-41b02394b273386f.js:0:131073)
[    6347ms] Uncaught Error: Minified React error #418; visit https://reactjs.org/docs/error-decoder.html?invariant=418 for the full message or use the non-minified dev environment for full errors and additional helpful warnings.
    at lg (https://static.snapchat.com/snapchat-dot-com/_next/static/chunks/framework-41b02394b273386f.js:0:46553)
    at i (https://static.snapchat.com/snapchat-dot-com/_next/static/chunks/framework-41b02394b273386f.js:0:121200)
    at oD (https://static.snapchat.com/snapchat-dot-com/_next/static/chunks/framework-41b02394b273386f.js:0:99167)
    at <anonymous> (https://static.snapchat.com/snapchat-dot-com/_next/static/chunks/framework-41b02394b273386f.js:0:94216)
    at ox (https://static.snapchat.com/snapchat-dot-com/_next/static/chunks/framework-41b02394b273386f.js:0:94223)
    at x (https://static.snapchat.com/snapchat-dot-com/_next/static/chunks/framework-41b02394b273386f.js:0:130543)
    at T (https://static.snapchat.com/snapchat-dot-com/_next/static/chunks/framework-41b02394b273386f.js:0:131073)
[    6347ms] Uncaught Error: Minified React error #418; visit https://reactjs.org/docs/error-decoder.html?invariant=418 for the full message or use the non-minified dev environment for full errors and additional helpful warnings.
    at lg (https://static.snapchat.com/snapchat-dot-com/_next/static/chunks/framework-41b02394b273386f.js:0:46553)
    at i (https://static.snapchat.com/snapchat-dot-com/_next/static/chunks/framework-41b02394b273386f.js:0:121200)
    at oD (https://static.snapchat.com/snapchat-dot-com/_next/static/chunks/framework-41b02394b273386f.js:0:99167)
    at <anonymous> (https://static.snapchat.com/snapchat-dot-com/_next/static/chunks/framework-41b02394b273386f.js:0:94216)
    at ox (https://static.snapchat.com/snapchat-dot-com/_next/static/chunks/framework-41b02394b273386f.js:0:94223)
    at x (https://static.snapchat.com/snapchat-dot-com/_next/static/chunks/framework-41b02394b273386f.js:0:130543)
    at T (https://static.snapchat.com/snapchat-dot-com/_next/static/chunks/framework-41b02394b273386f.js:0:131073)
[    6347ms] Uncaught Error: Minified React error #418; visit https://reactjs.org/docs/error-decoder.html?invariant=418 for the full message or use the non-minified dev environment for full errors and additional helpful warnings.
    at lg (https://static.snapchat.com/snapchat-dot-com/_next/static/chunks/framework-41b02394b273386f.js:0:46553)
    at i (https://static.snapchat.com/snapchat-dot-com/_next/static/chunks/framework-41b02394b273386f.js:0:121200)
    at oD (https://static.snapchat.com/snapchat-dot-com/_next/static/chunks/framework-41b02394b273386f.js:0:99167)
    at <anonymous> (https://static.snapchat.com/snapchat-dot-com/_next/static/chunks/framework-41b02394b273386f.js:0:94216)
    at ox (https://static.snapchat.com/snapchat-dot-com/_next/static/chunks/framework-41b02394b273386f.js:0:94223)
    at x (https://static.snapchat.com/snapchat-dot-com/_next/static/chunks/framework-41b02394b273386f.js:0:130543)
    at T (https://static.snapchat.com/snapchat-dot-com/_next/static/chunks/framework-41b02394b273386f.js:0:131073)
[    6347ms] Uncaught Error: Minified React error #422; visit https://reactjs.org/docs/error-decoder.html?invariant=422 for the full message or use the non-minified dev environment for full errors and additional helpful warnings.
    at <anonymous> (https://static.snapchat.com/snapchat-dot-com/_next/static/chunks/framework-41b02394b273386f.js:0:77178)
    at uk (https://static.snapchat.com/snapchat-dot-com/_next/static/chunks/framework-41b02394b273386f.js:0:78438)
    at i (https://static.snapchat.com/snapchat-dot-com/_next/static/chunks/framework-41b02394b273386f.js:0:121403)
    at oD (https://static.snapchat.com/snapchat-dot-com/_next/static/chunks/framework-41b02394b273386f.js:0:99167)
    at <anonymous> (https://static.snapchat.com/snapchat-dot-com/_next/static/chunks/framework-41b02394b273386f.js:0:94216)
    at ox (https://static.snapchat.com/snapchat-dot-com/_next/static/chunks/framework-41b02394b273386f.js:0:94223)
    at x (https://static.snapchat.com/snapchat-dot-com/_next/static/chunks/framework-41b02394b273386f.js:0:130543)
    at T (https://static.snapchat.com/snapchat-dot-com/_next/static/chunks/framework-41b02394b273386f.js:0:131073)
[    6448ms] [LOG] %c¡ADVERTENCIA! font-size: 30px; color: #F61F1F; background-color: #FFFF00; @ https://static.snapchat.com/snapchat-dot-com/_next/static/chunks/pages/_app-f8f9c98a5971c2c4.js:12
[    6449ms] [LOG] %cNo introduzcas ni pegues códigos que no comprendas.
Si usas esta consola, los atacantes podrían suplantar tu identidad y robar tu información mediante un ataque llamado Self-XSS. font-size: 16px; color: #464656; background-color: #FFF; @ https://static.snapchat.com/snapchat-dot-com/_next/static/chunks/pages/_app-f8f9c98a5971c2c4.js:12
[    6453ms] [LOG] %c¡ADVERTENCIA! font-size: 30px; color: #F61F1F; background-color: #FFFF00; @ https://static.snapchat.com/snapchat-dot-com/_next/static/chunks/pages/_app-f8f9c98a5971c2c4.js:12
[    6454ms] [LOG] %cNo introduzcas ni pegues códigos que no comprendas.
Si usas esta consola, los atacantes podrían suplantar tu identidad y robar tu información mediante un ataque llamado Self-XSS. font-size: 16px; color: #464656; background-color: #FFF; @ https://static.snapchat.com/snapchat-dot-com/_next/static/chunks/pages/_app-f8f9c98a5971c2c4.js:12
[    6515ms] [LOG] %c¡ADVERTENCIA! font-size: 30px; color: #F61F1F; background-color: #FFFF00; @ https://static.snapchat.com/snapchat-dot-com/_next/static/chunks/pages/_app-f8f9c98a5971c2c4.js:12
[    6516ms] [LOG] %cNo introduzcas ni pegues códigos que no comprendas.
Si usas esta consola, los atacantes podrían suplantar tu identidad y robar tu información mediante un ataque llamado Self-XSS. font-size: 16px; color: #464656; background-color: #FFF; @ https://static.snapchat.com/snapchat-dot-com/_next/static/chunks/pages/_app-f8f9c98a5971c2c4.js:12
[    6545ms] [LOG] %c¡ADVERTENCIA! font-size: 30px; color: #F61F1F; background-color: #FFFF00; @ https://static.snapchat.com/snapchat-dot-com/_next/static/chunks/pages/_app-f8f9c98a5971c2c4.js:12
[    6546ms] [LOG] %cNo escribas o pegues código que no entiendas.
Usar esta consola podría permitir que personas malintencionadas roben tu identidad y tu información usando un ataque llamado Self-XSS. font-size: 16px; color: #464656; background-color: #FFF; @ https://static.snapchat.com/snapchat-dot-com/_next/static/chunks/pages/_app-f8f9c98a5971c2c4.js:12
[    6547ms] [LOG] %c¡ADVERTENCIA! font-size: 30px; color: #F61F1F; background-color: #FFFF00; @ https://static.snapchat.com/snapchat-dot-com/_next/static/chunks/pages/_app-f8f9c98a5971c2c4.js:12
[    6548ms] [LOG] %cNo introduzcas ni pegues códigos que no comprendas.
Si usas esta consola, los atacantes podrían suplantar tu identidad y robar tu información mediante un ataque llamado Self-XSS. font-size: 16px; color: #464656; background-color: #FFF; @ https://static.snapchat.com/snapchat-dot-com/_next/static/chunks/pages/_app-f8f9c98a5971c2c4.js:12
[    6550ms] [LOG] %cWARNING! font-size: 30px; color: #F61F1F; background-color: #FFFF00; @ https://static.snapchat.com/snapchat-dot-com/_next/static/chunks/pages/_app-f8f9c98a5971c2c4.js:12
[    6550ms] [LOG] %cDo not enter or paste code that you do not understand.
Using this console may allow attackers to impersonate you and steal your information using an attack called Self-XSS. font-size: 16px; color: #464656; background-color: #FFF; @ https://static.snapchat.com/snapchat-dot-com/_next/static/chunks/pages/_app-f8f9c98a5971c2c4.js:12
[    6554ms] [ERROR] Connecting to 'https://growth-web-dev-tool.mesh.sc-corp.net/api/open-sesame' violates the following Content Security Policy directive: "connect-src 'self' blob: https://storysharing.snapchat.com https://cf-st.sc-cdn.net https://app.snapchat.com https://s.sc-cdn.net https://bolt-gcdn.sc-cdn.net https://gcp.api.snapchat.com https://web-frontend-dot-sc-analytics.appspot.com https://aws.api.snapchat.com https://*.google-analytics.com https://*.analytics.google.com https://stats.g.doubleclick.net https://*.googletagmanager.com https://www.snapchat.com https://sentry.sc-prod.net https://story.snapchat.com https://us-central1-gcp.api.snapchat.com https://staging-us-central1-gcp.api.snapchat.com https://accounts.snapchat.com ws: wss:". The action has been blocked. @ https://static.snapchat.com/snapchat-dot-com/_next/static/chunks/pages/_app-f8f9c98a5971c2c4.js:12
[    6555ms] [ERROR] Fetch API cannot load https://growth-web-dev-tool.mesh.sc-corp.net/api/open-sesame. Refused to connect because it violates the document's Content Security Policy. @ https://static.snapchat.com/snapchat-dot-com/_next/static/chunks/pages/_app-f8f9c98a5971c2c4.js:12
[    6581ms] [ERROR] Connecting to 'https://growth-web-dev-tool.mesh.sc-corp.net/api/open-sesame' violates the following Content Security Policy directive: "connect-src 'self' blob: https://storysharing.snapchat.com https://cf-st.sc-cdn.net https://app.snapchat.com https://s.sc-cdn.net https://bolt-gcdn.sc-cdn.net https://gcp.api.snapchat.com https://web-frontend-dot-sc-analytics.appspot.com https://aws.api.snapchat.com https://*.google-analytics.com https://*.analytics.google.com https://stats.g.doubleclick.net https://*.googletagmanager.com https://www.snapchat.com https://sentry.sc-prod.net https://story.snapchat.com https://us-central1-gcp.api.snapchat.com https://staging-us-central1-gcp.api.snapchat.com https://accounts.snapchat.com ws: wss:". The action has been blocked. @ https://static.snapchat.com/snapchat-dot-com/_next/static/chunks/pages/_app-f8f9c98a5971c2c4.js:12
[    6582ms] [ERROR] Fetch API cannot load https://growth-web-dev-tool.mesh.sc-corp.net/api/open-sesame. Refused to connect because it violates the document's Content Security Policy. @ https://static.snapchat.com/snapchat-dot-com/_next/static/chunks/pages/_app-f8f9c98a5971c2c4.js:12
[    6864ms] [LOG] %c¡ADVERTENCIA! font-size: 30px; color: #F61F1F; background-color: #FFFF00; @ https://static.snapchat.com/snapchat-dot-com/_next/static/chunks/pages/_app-f8f9c98a5971c2c4.js:12
[    6864ms] [LOG] %cNo introduzcas ni pegues códigos que no comprendas.
Si usas esta consola, los atacantes podrían suplantar tu identidad y robar tu información mediante un ataque llamado Self-XSS. font-size: 16px; color: #464656; background-color: #FFF; @ https://static.snapchat.com/snapchat-dot-com/_next/static/chunks/pages/_app-f8f9c98a5971c2c4.js:12
[    6866ms] [LOG] %c¡ADVERTENCIA! font-size: 30px; color: #F61F1F; background-color: #FFFF00; @ https://static.snapchat.com/snapchat-dot-com/_next/static/chunks/pages/_app-f8f9c98a5971c2c4.js:12
[    6866ms] [LOG] %cNo introduzcas ni pegues códigos que no comprendas.
Si usas esta consola, los atacantes podrían suplantar tu identidad y robar tu información mediante un ataque llamado Self-XSS. font-size: 16px; color: #464656; background-color: #FFF; @ https://static.snapchat.com/snapchat-dot-com/_next/static/chunks/pages/_app-f8f9c98a5971c2c4.js:12
[    6875ms] [LOG] %c¡ADVERTENCIA! font-size: 30px; color: #F61F1F; background-color: #FFFF00; @ https://static.snapchat.com/snapchat-dot-com/_next/static/chunks/pages/_app-f8f9c98a5971c2c4.js:12
[    6876ms] [LOG] %cNo introduzcas ni pegues códigos que no comprendas.
Si usas esta consola, los atacantes podrían suplantar tu identidad y robar tu información mediante un ataque llamado Self-XSS. font-size: 16px; color: #464656; background-color: #FFF; @ https://static.snapchat.com/snapchat-dot-com/_next/static/chunks/pages/_app-f8f9c98a5971c2c4.js:12
[    6878ms] [LOG] %c¡ADVERTENCIA! font-size: 30px; color: #F61F1F; background-color: #FFFF00; @ https://static.snapchat.com/snapchat-dot-com/_next/static/chunks/pages/_app-f8f9c98a5971c2c4.js:12
[    6878ms] [LOG] %cNo introduzcas ni pegues códigos que no comprendas.
Si usas esta consola, los atacantes podrían suplantar tu identidad y robar tu información mediante un ataque llamado Self-XSS. font-size: 16px; color: #464656; background-color: #FFF; @ https://static.snapchat.com/snapchat-dot-com/_next/static/chunks/pages/_app-f8f9c98a5971c2c4.js:12
[    6881ms] [LOG] %c¡ADVERTENCIA! font-size: 30px; color: #F61F1F; background-color: #FFFF00; @ https://static.snapchat.com/snapchat-dot-com/_next/static/chunks/pages/_app-f8f9c98a5971c2c4.js:12
[    6881ms] [LOG] %cNo introduzcas ni pegues códigos que no comprendas.
Si usas esta consola, los atacantes podrían suplantar tu identidad y robar tu información mediante un ataque llamado Self-XSS. font-size: 16px; color: #464656; background-color: #FFF; @ https://static.snapchat.com/snapchat-dot-com/_next/static/chunks/pages/_app-f8f9c98a5971c2c4.js:12
[   14507ms] [ERROR] Permissions policy violation: accelerometer is not allowed in this document. @ https://sf16-website-login.neutral.ttwstatic.com/obj/tiktok_web_login_static/tiktok_privacy_protection_framework/loader/1.0.0.951/index.js:3
[   14508ms] [WARNING] The devicemotion events are blocked by permissions policy. See https://github.com/w3c/webappsec-permissions-policy/blob/master/features.md#sensor-features @ https://sf16-website-login.neutral.ttwstatic.com/obj/tiktok_web_login_static/tiktok_privacy_protection_framework/loader/1.0.0.951/index.js:3
[   14634ms] [ERROR] Permissions policy violation: accelerometer is not allowed in this document. @ https://sf16-website-login.neutral.ttwstatic.com/obj/tiktok_web_login_static/tiktok_privacy_protection_framework/loader/1.0.0.951/index.js:3
[   14635ms] [WARNING] The devicemotion events are blocked by permissions policy. See https://github.com/w3c/webappsec-permissions-policy/blob/master/features.md#sensor-features @ https://sf16-website-login.neutral.ttwstatic.com/obj/tiktok_web_login_static/tiktok_privacy_protection_framework/loader/1.0.0.951/index.js:3
