[    1507ms] Error: Minified React error #418; visit https://reactjs.org/docs/error-decoder.html?invariant=418 for the full message or use the non-minified dev environment for full errors and additional helpful warnings.
    at lg (https://static.pexels.com/1/_next/static/chunks/framework-f601d7b14b2dcb46.js:1:53940)
    at i (https://static.pexels.com/1/_next/static/chunks/framework-f601d7b14b2dcb46.js:1:128615)
    at oD (https://static.pexels.com/1/_next/static/chunks/framework-f601d7b14b2dcb46.js:1:106599)
    at oO (https://static.pexels.com/1/_next/static/chunks/framework-f601d7b14b2dcb46.js:1:106469)
    at ox (https://static.pexels.com/1/_next/static/chunks/framework-f601d7b14b2dcb46.js:1:101542)
    at x (https://static.pexels.com/1/_next/static/chunks/framework-f601d7b14b2dcb46.js:1:137676)
    at MessagePort.T (https://static.pexels.com/1/_next/static/chunks/framework-f601d7b14b2dcb46.js:1:138197)
[    1507ms] Error: Minified React error #418; visit https://reactjs.org/docs/error-decoder.html?invariant=418 for the full message or use the non-minified dev environment for full errors and additional helpful warnings.
    at lg (https://static.pexels.com/1/_next/static/chunks/framework-f601d7b14b2dcb46.js:1:53940)
    at i (https://static.pexels.com/1/_next/static/chunks/framework-f601d7b14b2dcb46.js:1:128615)
    at oD (https://static.pexels.com/1/_next/static/chunks/framework-f601d7b14b2dcb46.js:1:106599)
    at oO (https://static.pexels.com/1/_next/static/chunks/framework-f601d7b14b2dcb46.js:1:106469)
    at ox (https://static.pexels.com/1/_next/static/chunks/framework-f601d7b14b2dcb46.js:1:101542)
    at x (https://static.pexels.com/1/_next/static/chunks/framework-f601d7b14b2dcb46.js:1:137676)
    at MessagePort.T (https://static.pexels.com/1/_next/static/chunks/framework-f601d7b14b2dcb46.js:1:138197)
[    1507ms] Error: Minified React error #418; visit https://reactjs.org/docs/error-decoder.html?invariant=418 for the full message or use the non-minified dev environment for full errors and additional helpful warnings.
    at lg (https://static.pexels.com/1/_next/static/chunks/framework-f601d7b14b2dcb46.js:1:53940)
    at i (https://static.pexels.com/1/_next/static/chunks/framework-f601d7b14b2dcb46.js:1:128615)
    at oD (https://static.pexels.com/1/_next/static/chunks/framework-f601d7b14b2dcb46.js:1:106599)
    at oO (https://static.pexels.com/1/_next/static/chunks/framework-f601d7b14b2dcb46.js:1:106469)
    at ox (https://static.pexels.com/1/_next/static/chunks/framework-f601d7b14b2dcb46.js:1:101542)
    at x (https://static.pexels.com/1/_next/static/chunks/framework-f601d7b14b2dcb46.js:1:137676)
    at MessagePort.T (https://static.pexels.com/1/_next/static/chunks/framework-f601d7b14b2dcb46.js:1:138197)
[    1507ms] Error: Minified React error #418; visit https://reactjs.org/docs/error-decoder.html?invariant=418 for the full message or use the non-minified dev environment for full errors and additional helpful warnings.
    at lg (https://static.pexels.com/1/_next/static/chunks/framework-f601d7b14b2dcb46.js:1:53940)
    at i (https://static.pexels.com/1/_next/static/chunks/framework-f601d7b14b2dcb46.js:1:128615)
    at oD (https://static.pexels.com/1/_next/static/chunks/framework-f601d7b14b2dcb46.js:1:106599)
    at oO (https://static.pexels.com/1/_next/static/chunks/framework-f601d7b14b2dcb46.js:1:106469)
    at ox (https://static.pexels.com/1/_next/static/chunks/framework-f601d7b14b2dcb46.js:1:101542)
    at x (https://static.pexels.com/1/_next/static/chunks/framework-f601d7b14b2dcb46.js:1:137676)
    at MessagePort.T (https://static.pexels.com/1/_next/static/chunks/framework-f601d7b14b2dcb46.js:1:138197)
[    1507ms] Error: Minified React error #418; visit https://reactjs.org/docs/error-decoder.html?invariant=418 for the full message or use the non-minified dev environment for full errors and additional helpful warnings.
    at lg (https://static.pexels.com/1/_next/static/chunks/framework-f601d7b14b2dcb46.js:1:53940)
    at i (https://static.pexels.com/1/_next/static/chunks/framework-f601d7b14b2dcb46.js:1:128615)
    at oD (https://static.pexels.com/1/_next/static/chunks/framework-f601d7b14b2dcb46.js:1:106599)
    at oO (https://static.pexels.com/1/_next/static/chunks/framework-f601d7b14b2dcb46.js:1:106469)
    at ox (https://static.pexels.com/1/_next/static/chunks/framework-f601d7b14b2dcb46.js:1:101542)
    at x (https://static.pexels.com/1/_next/static/chunks/framework-f601d7b14b2dcb46.js:1:137676)
    at MessagePort.T (https://static.pexels.com/1/_next/static/chunks/framework-f601d7b14b2dcb46.js:1:138197)
[    1507ms] Error: Minified React error #418; visit https://reactjs.org/docs/error-decoder.html?invariant=418 for the full message or use the non-minified dev environment for full errors and additional helpful warnings.
    at lg (https://static.pexels.com/1/_next/static/chunks/framework-f601d7b14b2dcb46.js:1:53940)
    at i (https://static.pexels.com/1/_next/static/chunks/framework-f601d7b14b2dcb46.js:1:128615)
    at oD (https://static.pexels.com/1/_next/static/chunks/framework-f601d7b14b2dcb46.js:1:106599)
    at oO (https://static.pexels.com/1/_next/static/chunks/framework-f601d7b14b2dcb46.js:1:106469)
    at ox (https://static.pexels.com/1/_next/static/chunks/framework-f601d7b14b2dcb46.js:1:101542)
    at x (https://static.pexels.com/1/_next/static/chunks/framework-f601d7b14b2dcb46.js:1:137676)
    at MessagePort.T (https://static.pexels.com/1/_next/static/chunks/framework-f601d7b14b2dcb46.js:1:138197)
[    1507ms] Error: Minified React error #418; visit https://reactjs.org/docs/error-decoder.html?invariant=418 for the full message or use the non-minified dev environment for full errors and additional helpful warnings.
    at lg (https://static.pexels.com/1/_next/static/chunks/framework-f601d7b14b2dcb46.js:1:53940)
    at i (https://static.pexels.com/1/_next/static/chunks/framework-f601d7b14b2dcb46.js:1:128615)
    at oD (https://static.pexels.com/1/_next/static/chunks/framework-f601d7b14b2dcb46.js:1:106599)
    at oO (https://static.pexels.com/1/_next/static/chunks/framework-f601d7b14b2dcb46.js:1:106469)
    at ox (https://static.pexels.com/1/_next/static/chunks/framework-f601d7b14b2dcb46.js:1:101542)
    at x (https://static.pexels.com/1/_next/static/chunks/framework-f601d7b14b2dcb46.js:1:137676)
    at MessagePort.T (https://static.pexels.com/1/_next/static/chunks/framework-f601d7b14b2dcb46.js:1:138197)
[    1507ms] Error: Minified React error #418; visit https://reactjs.org/docs/error-decoder.html?invariant=418 for the full message or use the non-minified dev environment for full errors and additional helpful warnings.
    at lg (https://static.pexels.com/1/_next/static/chunks/framework-f601d7b14b2dcb46.js:1:53940)
    at i (https://static.pexels.com/1/_next/static/chunks/framework-f601d7b14b2dcb46.js:1:128615)
    at oD (https://static.pexels.com/1/_next/static/chunks/framework-f601d7b14b2dcb46.js:1:106599)
    at oO (https://static.pexels.com/1/_next/static/chunks/framework-f601d7b14b2dcb46.js:1:106469)
    at ox (https://static.pexels.com/1/_next/static/chunks/framework-f601d7b14b2dcb46.js:1:101542)
    at x (https://static.pexels.com/1/_next/static/chunks/framework-f601d7b14b2dcb46.js:1:137676)
    at MessagePort.T (https://static.pexels.com/1/_next/static/chunks/framework-f601d7b14b2dcb46.js:1:138197)
[    1507ms] Error: Minified React error #418; visit https://reactjs.org/docs/error-decoder.html?invariant=418 for the full message or use the non-minified dev environment for full errors and additional helpful warnings.
    at lg (https://static.pexels.com/1/_next/static/chunks/framework-f601d7b14b2dcb46.js:1:53940)
    at i (https://static.pexels.com/1/_next/static/chunks/framework-f601d7b14b2dcb46.js:1:128615)
    at oD (https://static.pexels.com/1/_next/static/chunks/framework-f601d7b14b2dcb46.js:1:106599)
    at oO (https://static.pexels.com/1/_next/static/chunks/framework-f601d7b14b2dcb46.js:1:106469)
    at ox (https://static.pexels.com/1/_next/static/chunks/framework-f601d7b14b2dcb46.js:1:101542)
    at x (https://static.pexels.com/1/_next/static/chunks/framework-f601d7b14b2dcb46.js:1:137676)
    at MessagePort.T (https://static.pexels.com/1/_next/static/chunks/framework-f601d7b14b2dcb46.js:1:138197)
[    1507ms] Error: Minified React error #418; visit https://reactjs.org/docs/error-decoder.html?invariant=418 for the full message or use the non-minified dev environment for full errors and additional helpful warnings.
    at lg (https://static.pexels.com/1/_next/static/chunks/framework-f601d7b14b2dcb46.js:1:53940)
    at i (https://static.pexels.com/1/_next/static/chunks/framework-f601d7b14b2dcb46.js:1:128615)
    at oD (https://static.pexels.com/1/_next/static/chunks/framework-f601d7b14b2dcb46.js:1:106599)
    at oO (https://static.pexels.com/1/_next/static/chunks/framework-f601d7b14b2dcb46.js:1:106469)
    at ox (https://static.pexels.com/1/_next/static/chunks/framework-f601d7b14b2dcb46.js:1:101542)
    at x (https://static.pexels.com/1/_next/static/chunks/framework-f601d7b14b2dcb46.js:1:137676)
    at MessagePort.T (https://static.pexels.com/1/_next/static/chunks/framework-f601d7b14b2dcb46.js:1:138197)
[    1507ms] Error: Minified React error #418; visit https://reactjs.org/docs/error-decoder.html?invariant=418 for the full message or use the non-minified dev environment for full errors and additional helpful warnings.
    at lg (https://static.pexels.com/1/_next/static/chunks/framework-f601d7b14b2dcb46.js:1:53940)
    at i (https://static.pexels.com/1/_next/static/chunks/framework-f601d7b14b2dcb46.js:1:128615)
    at oD (https://static.pexels.com/1/_next/static/chunks/framework-f601d7b14b2dcb46.js:1:106599)
    at oO (https://static.pexels.com/1/_next/static/chunks/framework-f601d7b14b2dcb46.js:1:106469)
    at ox (https://static.pexels.com/1/_next/static/chunks/framework-f601d7b14b2dcb46.js:1:101542)
    at x (https://static.pexels.com/1/_next/static/chunks/framework-f601d7b14b2dcb46.js:1:137676)
    at MessagePort.T (https://static.pexels.com/1/_next/static/chunks/framework-f601d7b14b2dcb46.js:1:138197)
[    1507ms] Error: Minified React error #418; visit https://reactjs.org/docs/error-decoder.html?invariant=418 for the full message or use the non-minified dev environment for full errors and additional helpful warnings.
    at lg (https://static.pexels.com/1/_next/static/chunks/framework-f601d7b14b2dcb46.js:1:53940)
    at i (https://static.pexels.com/1/_next/static/chunks/framework-f601d7b14b2dcb46.js:1:128615)
    at oD (https://static.pexels.com/1/_next/static/chunks/framework-f601d7b14b2dcb46.js:1:106599)
    at oO (https://static.pexels.com/1/_next/static/chunks/framework-f601d7b14b2dcb46.js:1:106469)
    at ox (https://static.pexels.com/1/_next/static/chunks/framework-f601d7b14b2dcb46.js:1:101542)
    at x (https://static.pexels.com/1/_next/static/chunks/framework-f601d7b14b2dcb46.js:1:137676)
    at MessagePort.T (https://static.pexels.com/1/_next/static/chunks/framework-f601d7b14b2dcb46.js:1:138197)
[    1507ms] Error: Minified React error #418; visit https://reactjs.org/docs/error-decoder.html?invariant=418 for the full message or use the non-minified dev environment for full errors and additional helpful warnings.
    at lg (https://static.pexels.com/1/_next/static/chunks/framework-f601d7b14b2dcb46.js:1:53940)
    at i (https://static.pexels.com/1/_next/static/chunks/framework-f601d7b14b2dcb46.js:1:128615)
    at oD (https://static.pexels.com/1/_next/static/chunks/framework-f601d7b14b2dcb46.js:1:106599)
    at oO (https://static.pexels.com/1/_next/static/chunks/framework-f601d7b14b2dcb46.js:1:106469)
    at ox (https://static.pexels.com/1/_next/static/chunks/framework-f601d7b14b2dcb46.js:1:101542)
    at x (https://static.pexels.com/1/_next/static/chunks/framework-f601d7b14b2dcb46.js:1:137676)
    at MessagePort.T (https://static.pexels.com/1/_next/static/chunks/framework-f601d7b14b2dcb46.js:1:138197)
[    1508ms] Error: Minified React error #418; visit https://reactjs.org/docs/error-decoder.html?invariant=418 for the full message or use the non-minified dev environment for full errors and additional helpful warnings.
    at lg (https://static.pexels.com/1/_next/static/chunks/framework-f601d7b14b2dcb46.js:1:53940)
    at i (https://static.pexels.com/1/_next/static/chunks/framework-f601d7b14b2dcb46.js:1:128615)
    at oD (https://static.pexels.com/1/_next/static/chunks/framework-f601d7b14b2dcb46.js:1:106599)
    at oO (https://static.pexels.com/1/_next/static/chunks/framework-f601d7b14b2dcb46.js:1:106469)
    at ox (https://static.pexels.com/1/_next/static/chunks/framework-f601d7b14b2dcb46.js:1:101542)
    at x (https://static.pexels.com/1/_next/static/chunks/framework-f601d7b14b2dcb46.js:1:137676)
    at MessagePort.T (https://static.pexels.com/1/_next/static/chunks/framework-f601d7b14b2dcb46.js:1:138197)
[    1508ms] Error: Minified React error #418; visit https://reactjs.org/docs/error-decoder.html?invariant=418 for the full message or use the non-minified dev environment for full errors and additional helpful warnings.
    at lg (https://static.pexels.com/1/_next/static/chunks/framework-f601d7b14b2dcb46.js:1:53940)
    at i (https://static.pexels.com/1/_next/static/chunks/framework-f601d7b14b2dcb46.js:1:128615)
    at oD (https://static.pexels.com/1/_next/static/chunks/framework-f601d7b14b2dcb46.js:1:106599)
    at oO (https://static.pexels.com/1/_next/static/chunks/framework-f601d7b14b2dcb46.js:1:106469)
    at ox (https://static.pexels.com/1/_next/static/chunks/framework-f601d7b14b2dcb46.js:1:101542)
    at x (https://static.pexels.com/1/_next/static/chunks/framework-f601d7b14b2dcb46.js:1:137676)
    at MessagePort.T (https://static.pexels.com/1/_next/static/chunks/framework-f601d7b14b2dcb46.js:1:138197)
[    1508ms] Error: Minified React error #418; visit https://reactjs.org/docs/error-decoder.html?invariant=418 for the full message or use the non-minified dev environment for full errors and additional helpful warnings.
    at lg (https://static.pexels.com/1/_next/static/chunks/framework-f601d7b14b2dcb46.js:1:53940)
    at i (https://static.pexels.com/1/_next/static/chunks/framework-f601d7b14b2dcb46.js:1:128615)
    at oD (https://static.pexels.com/1/_next/static/chunks/framework-f601d7b14b2dcb46.js:1:106599)
    at oO (https://static.pexels.com/1/_next/static/chunks/framework-f601d7b14b2dcb46.js:1:106469)
    at ox (https://static.pexels.com/1/_next/static/chunks/framework-f601d7b14b2dcb46.js:1:101542)
    at x (https://static.pexels.com/1/_next/static/chunks/framework-f601d7b14b2dcb46.js:1:137676)
    at MessagePort.T (https://static.pexels.com/1/_next/static/chunks/framework-f601d7b14b2dcb46.js:1:138197)
[    1508ms] Error: Minified React error #418; visit https://reactjs.org/docs/error-decoder.html?invariant=418 for the full message or use the non-minified dev environment for full errors and additional helpful warnings.
    at lg (https://static.pexels.com/1/_next/static/chunks/framework-f601d7b14b2dcb46.js:1:53940)
    at i (https://static.pexels.com/1/_next/static/chunks/framework-f601d7b14b2dcb46.js:1:128615)
    at oD (https://static.pexels.com/1/_next/static/chunks/framework-f601d7b14b2dcb46.js:1:106599)
    at oO (https://static.pexels.com/1/_next/static/chunks/framework-f601d7b14b2dcb46.js:1:106469)
    at ox (https://static.pexels.com/1/_next/static/chunks/framework-f601d7b14b2dcb46.js:1:101542)
    at x (https://static.pexels.com/1/_next/static/chunks/framework-f601d7b14b2dcb46.js:1:137676)
    at MessagePort.T (https://static.pexels.com/1/_next/static/chunks/framework-f601d7b14b2dcb46.js:1:138197)
[    1508ms] Error: Minified React error #418; visit https://reactjs.org/docs/error-decoder.html?invariant=418 for the full message or use the non-minified dev environment for full errors and additional helpful warnings.
    at lg (https://static.pexels.com/1/_next/static/chunks/framework-f601d7b14b2dcb46.js:1:53940)
    at i (https://static.pexels.com/1/_next/static/chunks/framework-f601d7b14b2dcb46.js:1:128615)
    at oD (https://static.pexels.com/1/_next/static/chunks/framework-f601d7b14b2dcb46.js:1:106599)
    at oO (https://static.pexels.com/1/_next/static/chunks/framework-f601d7b14b2dcb46.js:1:106469)
    at ox (https://static.pexels.com/1/_next/static/chunks/framework-f601d7b14b2dcb46.js:1:101542)
    at x (https://static.pexels.com/1/_next/static/chunks/framework-f601d7b14b2dcb46.js:1:137676)
    at MessagePort.T (https://static.pexels.com/1/_next/static/chunks/framework-f601d7b14b2dcb46.js:1:138197)
[    1508ms] Error: Minified React error #418; visit https://reactjs.org/docs/error-decoder.html?invariant=418 for the full message or use the non-minified dev environment for full errors and additional helpful warnings.
    at lg (https://static.pexels.com/1/_next/static/chunks/framework-f601d7b14b2dcb46.js:1:53940)
    at i (https://static.pexels.com/1/_next/static/chunks/framework-f601d7b14b2dcb46.js:1:128615)
    at oD (https://static.pexels.com/1/_next/static/chunks/framework-f601d7b14b2dcb46.js:1:106599)
    at oO (https://static.pexels.com/1/_next/static/chunks/framework-f601d7b14b2dcb46.js:1:106469)
    at ox (https://static.pexels.com/1/_next/static/chunks/framework-f601d7b14b2dcb46.js:1:101542)
    at x (https://static.pexels.com/1/_next/static/chunks/framework-f601d7b14b2dcb46.js:1:137676)
    at MessagePort.T (https://static.pexels.com/1/_next/static/chunks/framework-f601d7b14b2dcb46.js:1:138197)
[    1508ms] Error: Minified React error #418; visit https://reactjs.org/docs/error-decoder.html?invariant=418 for the full message or use the non-minified dev environment for full errors and additional helpful warnings.
    at lg (https://static.pexels.com/1/_next/static/chunks/framework-f601d7b14b2dcb46.js:1:53940)
    at i (https://static.pexels.com/1/_next/static/chunks/framework-f601d7b14b2dcb46.js:1:128615)
    at oD (https://static.pexels.com/1/_next/static/chunks/framework-f601d7b14b2dcb46.js:1:106599)
    at oO (https://static.pexels.com/1/_next/static/chunks/framework-f601d7b14b2dcb46.js:1:106469)
    at ox (https://static.pexels.com/1/_next/static/chunks/framework-f601d7b14b2dcb46.js:1:101542)
    at x (https://static.pexels.com/1/_next/static/chunks/framework-f601d7b14b2dcb46.js:1:137676)
    at MessagePort.T (https://static.pexels.com/1/_next/static/chunks/framework-f601d7b14b2dcb46.js:1:138197)
[    1508ms] Error: Minified React error #418; visit https://reactjs.org/docs/error-decoder.html?invariant=418 for the full message or use the non-minified dev environment for full errors and additional helpful warnings.
    at lg (https://static.pexels.com/1/_next/static/chunks/framework-f601d7b14b2dcb46.js:1:53940)
    at i (https://static.pexels.com/1/_next/static/chunks/framework-f601d7b14b2dcb46.js:1:128615)
    at oD (https://static.pexels.com/1/_next/static/chunks/framework-f601d7b14b2dcb46.js:1:106599)
    at oO (https://static.pexels.com/1/_next/static/chunks/framework-f601d7b14b2dcb46.js:1:106469)
    at ox (https://static.pexels.com/1/_next/static/chunks/framework-f601d7b14b2dcb46.js:1:101542)
    at x (https://static.pexels.com/1/_next/static/chunks/framework-f601d7b14b2dcb46.js:1:137676)
    at MessagePort.T (https://static.pexels.com/1/_next/static/chunks/framework-f601d7b14b2dcb46.js:1:138197)
[    1508ms] Error: Minified React error #418; visit https://reactjs.org/docs/error-decoder.html?invariant=418 for the full message or use the non-minified dev environment for full errors and additional helpful warnings.
    at lg (https://static.pexels.com/1/_next/static/chunks/framework-f601d7b14b2dcb46.js:1:53940)
    at i (https://static.pexels.com/1/_next/static/chunks/framework-f601d7b14b2dcb46.js:1:128615)
    at oD (https://static.pexels.com/1/_next/static/chunks/framework-f601d7b14b2dcb46.js:1:106599)
    at oO (https://static.pexels.com/1/_next/static/chunks/framework-f601d7b14b2dcb46.js:1:106469)
    at ox (https://static.pexels.com/1/_next/static/chunks/framework-f601d7b14b2dcb46.js:1:101542)
    at x (https://static.pexels.com/1/_next/static/chunks/framework-f601d7b14b2dcb46.js:1:137676)
    at MessagePort.T (https://static.pexels.com/1/_next/static/chunks/framework-f601d7b14b2dcb46.js:1:138197)
[    1508ms] Error: Minified React error #418; visit https://reactjs.org/docs/error-decoder.html?invariant=418 for the full message or use the non-minified dev environment for full errors and additional helpful warnings.
    at lg (https://static.pexels.com/1/_next/static/chunks/framework-f601d7b14b2dcb46.js:1:53940)
    at i (https://static.pexels.com/1/_next/static/chunks/framework-f601d7b14b2dcb46.js:1:128615)
    at oD (https://static.pexels.com/1/_next/static/chunks/framework-f601d7b14b2dcb46.js:1:106599)
    at oO (https://static.pexels.com/1/_next/static/chunks/framework-f601d7b14b2dcb46.js:1:106469)
    at ox (https://static.pexels.com/1/_next/static/chunks/framework-f601d7b14b2dcb46.js:1:101542)
    at x (https://static.pexels.com/1/_next/static/chunks/framework-f601d7b14b2dcb46.js:1:137676)
    at MessagePort.T (https://static.pexels.com/1/_next/static/chunks/framework-f601d7b14b2dcb46.js:1:138197)
[    1508ms] Error: Minified React error #418; visit https://reactjs.org/docs/error-decoder.html?invariant=418 for the full message or use the non-minified dev environment for full errors and additional helpful warnings.
    at lg (https://static.pexels.com/1/_next/static/chunks/framework-f601d7b14b2dcb46.js:1:53940)
    at i (https://static.pexels.com/1/_next/static/chunks/framework-f601d7b14b2dcb46.js:1:128615)
    at oD (https://static.pexels.com/1/_next/static/chunks/framework-f601d7b14b2dcb46.js:1:106599)
    at oO (https://static.pexels.com/1/_next/static/chunks/framework-f601d7b14b2dcb46.js:1:106469)
    at ox (https://static.pexels.com/1/_next/static/chunks/framework-f601d7b14b2dcb46.js:1:101542)
    at x (https://static.pexels.com/1/_next/static/chunks/framework-f601d7b14b2dcb46.js:1:137676)
    at MessagePort.T (https://static.pexels.com/1/_next/static/chunks/framework-f601d7b14b2dcb46.js:1:138197)
[    1508ms] Error: Minified React error #418; visit https://reactjs.org/docs/error-decoder.html?invariant=418 for the full message or use the non-minified dev environment for full errors and additional helpful warnings.
    at lg (https://static.pexels.com/1/_next/static/chunks/framework-f601d7b14b2dcb46.js:1:53940)
    at i (https://static.pexels.com/1/_next/static/chunks/framework-f601d7b14b2dcb46.js:1:128615)
    at oD (https://static.pexels.com/1/_next/static/chunks/framework-f601d7b14b2dcb46.js:1:106599)
    at oO (https://static.pexels.com/1/_next/static/chunks/framework-f601d7b14b2dcb46.js:1:106469)
    at ox (https://static.pexels.com/1/_next/static/chunks/framework-f601d7b14b2dcb46.js:1:101542)
    at x (https://static.pexels.com/1/_next/static/chunks/framework-f601d7b14b2dcb46.js:1:137676)
    at MessagePort.T (https://static.pexels.com/1/_next/static/chunks/framework-f601d7b14b2dcb46.js:1:138197)
[    1508ms] Error: Minified React error #418; visit https://reactjs.org/docs/error-decoder.html?invariant=418 for the full message or use the non-minified dev environment for full errors and additional helpful warnings.
    at lg (https://static.pexels.com/1/_next/static/chunks/framework-f601d7b14b2dcb46.js:1:53940)
    at i (https://static.pexels.com/1/_next/static/chunks/framework-f601d7b14b2dcb46.js:1:128615)
    at oD (https://static.pexels.com/1/_next/static/chunks/framework-f601d7b14b2dcb46.js:1:106599)
    at oO (https://static.pexels.com/1/_next/static/chunks/framework-f601d7b14b2dcb46.js:1:106469)
    at ox (https://static.pexels.com/1/_next/static/chunks/framework-f601d7b14b2dcb46.js:1:101542)
    at x (https://static.pexels.com/1/_next/static/chunks/framework-f601d7b14b2dcb46.js:1:137676)
    at MessagePort.T (https://static.pexels.com/1/_next/static/chunks/framework-f601d7b14b2dcb46.js:1:138197)
[    1508ms] Error: Minified React error #418; visit https://reactjs.org/docs/error-decoder.html?invariant=418 for the full message or use the non-minified dev environment for full errors and additional helpful warnings.
    at lg (https://static.pexels.com/1/_next/static/chunks/framework-f601d7b14b2dcb46.js:1:53940)
    at i (https://static.pexels.com/1/_next/static/chunks/framework-f601d7b14b2dcb46.js:1:128615)
    at oD (https://static.pexels.com/1/_next/static/chunks/framework-f601d7b14b2dcb46.js:1:106599)
    at oO (https://static.pexels.com/1/_next/static/chunks/framework-f601d7b14b2dcb46.js:1:106469)
    at ox (https://static.pexels.com/1/_next/static/chunks/framework-f601d7b14b2dcb46.js:1:101542)
    at x (https://static.pexels.com/1/_next/static/chunks/framework-f601d7b14b2dcb46.js:1:137676)
    at MessagePort.T (https://static.pexels.com/1/_next/static/chunks/framework-f601d7b14b2dcb46.js:1:138197)
[    1508ms] Error: Minified React error #418; visit https://reactjs.org/docs/error-decoder.html?invariant=418 for the full message or use the non-minified dev environment for full errors and additional helpful warnings.
    at lg (https://static.pexels.com/1/_next/static/chunks/framework-f601d7b14b2dcb46.js:1:53940)
    at i (https://static.pexels.com/1/_next/static/chunks/framework-f601d7b14b2dcb46.js:1:128615)
    at oD (https://static.pexels.com/1/_next/static/chunks/framework-f601d7b14b2dcb46.js:1:106599)
    at oO (https://static.pexels.com/1/_next/static/chunks/framework-f601d7b14b2dcb46.js:1:106469)
    at ox (https://static.pexels.com/1/_next/static/chunks/framework-f601d7b14b2dcb46.js:1:101542)
    at x (https://static.pexels.com/1/_next/static/chunks/framework-f601d7b14b2dcb46.js:1:137676)
    at MessagePort.T (https://static.pexels.com/1/_next/static/chunks/framework-f601d7b14b2dcb46.js:1:138197)
[    1508ms] Error: Minified React error #418; visit https://reactjs.org/docs/error-decoder.html?invariant=418 for the full message or use the non-minified dev environment for full errors and additional helpful warnings.
    at lg (https://static.pexels.com/1/_next/static/chunks/framework-f601d7b14b2dcb46.js:1:53940)
    at i (https://static.pexels.com/1/_next/static/chunks/framework-f601d7b14b2dcb46.js:1:128615)
    at oD (https://static.pexels.com/1/_next/static/chunks/framework-f601d7b14b2dcb46.js:1:106599)
    at oO (https://static.pexels.com/1/_next/static/chunks/framework-f601d7b14b2dcb46.js:1:106469)
    at ox (https://static.pexels.com/1/_next/static/chunks/framework-f601d7b14b2dcb46.js:1:101542)
    at x (https://static.pexels.com/1/_next/static/chunks/framework-f601d7b14b2dcb46.js:1:137676)
    at MessagePort.T (https://static.pexels.com/1/_next/static/chunks/framework-f601d7b14b2dcb46.js:1:138197)
[    1508ms] Error: Minified React error #418; visit https://reactjs.org/docs/error-decoder.html?invariant=418 for the full message or use the non-minified dev environment for full errors and additional helpful warnings.
    at lg (https://static.pexels.com/1/_next/static/chunks/framework-f601d7b14b2dcb46.js:1:53940)
    at i (https://static.pexels.com/1/_next/static/chunks/framework-f601d7b14b2dcb46.js:1:128615)
    at oD (https://static.pexels.com/1/_next/static/chunks/framework-f601d7b14b2dcb46.js:1:106599)
    at oO (https://static.pexels.com/1/_next/static/chunks/framework-f601d7b14b2dcb46.js:1:106469)
    at ox (https://static.pexels.com/1/_next/static/chunks/framework-f601d7b14b2dcb46.js:1:101542)
    at x (https://static.pexels.com/1/_next/static/chunks/framework-f601d7b14b2dcb46.js:1:137676)
    at MessagePort.T (https://static.pexels.com/1/_next/static/chunks/framework-f601d7b14b2dcb46.js:1:138197)
[    1508ms] Error: Minified React error #418; visit https://reactjs.org/docs/error-decoder.html?invariant=418 for the full message or use the non-minified dev environment for full errors and additional helpful warnings.
    at lg (https://static.pexels.com/1/_next/static/chunks/framework-f601d7b14b2dcb46.js:1:53940)
    at i (https://static.pexels.com/1/_next/static/chunks/framework-f601d7b14b2dcb46.js:1:128615)
    at oD (https://static.pexels.com/1/_next/static/chunks/framework-f601d7b14b2dcb46.js:1:106599)
    at oO (https://static.pexels.com/1/_next/static/chunks/framework-f601d7b14b2dcb46.js:1:106469)
    at ox (https://static.pexels.com/1/_next/static/chunks/framework-f601d7b14b2dcb46.js:1:101542)
    at x (https://static.pexels.com/1/_next/static/chunks/framework-f601d7b14b2dcb46.js:1:137676)
    at MessagePort.T (https://static.pexels.com/1/_next/static/chunks/framework-f601d7b14b2dcb46.js:1:138197)
[    1508ms] Error: Minified React error #418; visit https://reactjs.org/docs/error-decoder.html?invariant=418 for the full message or use the non-minified dev environment for full errors and additional helpful warnings.
    at lg (https://static.pexels.com/1/_next/static/chunks/framework-f601d7b14b2dcb46.js:1:53940)
    at i (https://static.pexels.com/1/_next/static/chunks/framework-f601d7b14b2dcb46.js:1:128615)
    at oD (https://static.pexels.com/1/_next/static/chunks/framework-f601d7b14b2dcb46.js:1:106599)
    at oO (https://static.pexels.com/1/_next/static/chunks/framework-f601d7b14b2dcb46.js:1:106469)
    at ox (https://static.pexels.com/1/_next/static/chunks/framework-f601d7b14b2dcb46.js:1:101542)
    at x (https://static.pexels.com/1/_next/static/chunks/framework-f601d7b14b2dcb46.js:1:137676)
    at MessagePort.T (https://static.pexels.com/1/_next/static/chunks/framework-f601d7b14b2dcb46.js:1:138197)
[    1508ms] Error: Minified React error #418; visit https://reactjs.org/docs/error-decoder.html?invariant=418 for the full message or use the non-minified dev environment for full errors and additional helpful warnings.
    at lg (https://static.pexels.com/1/_next/static/chunks/framework-f601d7b14b2dcb46.js:1:53940)
    at i (https://static.pexels.com/1/_next/static/chunks/framework-f601d7b14b2dcb46.js:1:128615)
    at oD (https://static.pexels.com/1/_next/static/chunks/framework-f601d7b14b2dcb46.js:1:106599)
    at oO (https://static.pexels.com/1/_next/static/chunks/framework-f601d7b14b2dcb46.js:1:106469)
    at ox (https://static.pexels.com/1/_next/static/chunks/framework-f601d7b14b2dcb46.js:1:101542)
    at x (https://static.pexels.com/1/_next/static/chunks/framework-f601d7b14b2dcb46.js:1:137676)
    at MessagePort.T (https://static.pexels.com/1/_next/static/chunks/framework-f601d7b14b2dcb46.js:1:138197)
[    1508ms] Error: Minified React error #418; visit https://reactjs.org/docs/error-decoder.html?invariant=418 for the full message or use the non-minified dev environment for full errors and additional helpful warnings.
    at lg (https://static.pexels.com/1/_next/static/chunks/framework-f601d7b14b2dcb46.js:1:53940)
    at i (https://static.pexels.com/1/_next/static/chunks/framework-f601d7b14b2dcb46.js:1:128615)
    at oD (https://static.pexels.com/1/_next/static/chunks/framework-f601d7b14b2dcb46.js:1:106599)
    at oO (https://static.pexels.com/1/_next/static/chunks/framework-f601d7b14b2dcb46.js:1:106469)
    at ox (https://static.pexels.com/1/_next/static/chunks/framework-f601d7b14b2dcb46.js:1:101542)
    at x (https://static.pexels.com/1/_next/static/chunks/framework-f601d7b14b2dcb46.js:1:137676)
    at MessagePort.T (https://static.pexels.com/1/_next/static/chunks/framework-f601d7b14b2dcb46.js:1:138197)
[    1508ms] Error: Minified React error #418; visit https://reactjs.org/docs/error-decoder.html?invariant=418 for the full message or use the non-minified dev environment for full errors and additional helpful warnings.
    at lg (https://static.pexels.com/1/_next/static/chunks/framework-f601d7b14b2dcb46.js:1:53940)
    at i (https://static.pexels.com/1/_next/static/chunks/framework-f601d7b14b2dcb46.js:1:128615)
    at oD (https://static.pexels.com/1/_next/static/chunks/framework-f601d7b14b2dcb46.js:1:106599)
    at oO (https://static.pexels.com/1/_next/static/chunks/framework-f601d7b14b2dcb46.js:1:106469)
    at ox (https://static.pexels.com/1/_next/static/chunks/framework-f601d7b14b2dcb46.js:1:101542)
    at x (https://static.pexels.com/1/_next/static/chunks/framework-f601d7b14b2dcb46.js:1:137676)
    at MessagePort.T (https://static.pexels.com/1/_next/static/chunks/framework-f601d7b14b2dcb46.js:1:138197)
[    1509ms] Error: Minified React error #418; visit https://reactjs.org/docs/error-decoder.html?invariant=418 for the full message or use the non-minified dev environment for full errors and additional helpful warnings.
    at lg (https://static.pexels.com/1/_next/static/chunks/framework-f601d7b14b2dcb46.js:1:53940)
    at i (https://static.pexels.com/1/_next/static/chunks/framework-f601d7b14b2dcb46.js:1:128615)
    at oD (https://static.pexels.com/1/_next/static/chunks/framework-f601d7b14b2dcb46.js:1:106599)
    at oO (https://static.pexels.com/1/_next/static/chunks/framework-f601d7b14b2dcb46.js:1:106469)
    at ox (https://static.pexels.com/1/_next/static/chunks/framework-f601d7b14b2dcb46.js:1:101542)
    at x (https://static.pexels.com/1/_next/static/chunks/framework-f601d7b14b2dcb46.js:1:137676)
    at MessagePort.T (https://static.pexels.com/1/_next/static/chunks/framework-f601d7b14b2dcb46.js:1:138197)
[    1509ms] Error: Minified React error #423; visit https://reactjs.org/docs/error-decoder.html?invariant=423 for the full message or use the non-minified dev environment for full errors and additional helpful warnings.
    at i (https://static.pexels.com/1/_next/static/chunks/framework-f601d7b14b2dcb46.js:1:128274)
    at oD (https://static.pexels.com/1/_next/static/chunks/framework-f601d7b14b2dcb46.js:1:106599)
    at oO (https://static.pexels.com/1/_next/static/chunks/framework-f601d7b14b2dcb46.js:1:106469)
    at oE (https://static.pexels.com/1/_next/static/chunks/framework-f601d7b14b2dcb46.js:1:103240)
    at ox (https://static.pexels.com/1/_next/static/chunks/framework-f601d7b14b2dcb46.js:1:101795)
    at x (https://static.pexels.com/1/_next/static/chunks/framework-f601d7b14b2dcb46.js:1:137676)
    at MessagePort.T (https://static.pexels.com/1/_next/static/chunks/framework-f601d7b14b2dcb46.js:1:138197)
[    1821ms] [ERROR] Failed to load resource: the server responded with a status of 401 () @ https://www.pexels.com/en-us/api/v2/me:0
[    2210ms] [INFO] Loading the image 'https://www.google.com.mx/ads/ga-audiences?v=1&t=sr&slf_rd=1&_r=4&ngs=1&ibt=1&tid=G-8JE65Q40S6&cid=930371103.1785444857&gtm=45je67t0v877966902za20gzb862080757zd862080757&rcb=9&aip=1&dma=0&gcd=13l3l3l3l1l1&npa=0&frm=0&tag_exp=115938466~115938469~118395335~118897920~118897930~119896802&z=1499863193' violates the following Content Security Policy directive: "img-src 'self' data: blob: https://connect.facebook.net https://content.pexels.com https://i.ytimg.com https://images.pexels.com https://maps.gstatic.com https://media.istockphoto.com https://*.onetrust.com https://static.pexels.com https://www.facebook.com https://www.googletagmanager.com https://www.gravatar.com". The policy is report-only, so the violation has been logged but no further action has been taken. @ https://www.pexels.com/search/videos/?q=red%20neon%20light%20dark&orientation=landscape:0
[    3864ms] [WARNING] [GSI_LOGGER]: Your client application uses one of the Google One Tap prompt UI status methods that may stop functioning when FedCM becomes mandatory. Refer to the migration guide to update your code accordingly and opt-in to FedCM to test your changes. Learn more: https://developers.google.com/identity/gsi/web/guides/fedcm-migration?s=dc#display_moment and https://developers.google.com/identity/gsi/web/guides/fedcm-migration?s=dc#skipped_moment @ https://static.pexels.com/1/vendor/sentry-8.34.0/bundle.tracing.min.js:1
[    8125ms] [WARNING] [Meta Pixel] - Invalid parameter format for currency. Please refer https://developers.facebook.com/docs/meta-pixel/reference/ for valid parameter specifications. @ https://static.pexels.com/1/vendor/sentry-8.34.0/bundle.tracing.min.js:1
