[    2272ms] Error: Minified React error #418; visit https://reactjs.org/docs/error-decoder.html?invariant=418 for the full message or use the non-minified dev environment for full errors and additional helpful warnings.
    at lg (https://static.pexels.com/1/_next/static/chunks/framework-f601d7b14b2dcb46.js:1:53940)
    at i (https://static.pexels.com/1/_next/static/chunks/framework-f601d7b14b2dcb46.js:1:128615)
    at oD (https://static.pexels.com/1/_next/static/chunks/framework-f601d7b14b2dcb46.js:1:106599)
    at oO (https://static.pexels.com/1/_next/static/chunks/framework-f601d7b14b2dcb46.js:1:106469)
    at ox (https://static.pexels.com/1/_next/static/chunks/framework-f601d7b14b2dcb46.js:1:101542)
    at x (https://static.pexels.com/1/_next/static/chunks/framework-f601d7b14b2dcb46.js:1:137676)
    at MessagePort.T (https://static.pexels.com/1/_next/static/chunks/framework-f601d7b14b2dcb46.js:1:138197)
[    2273ms] Error: Minified React error #418; visit https://reactjs.org/docs/error-decoder.html?invariant=418 for the full message or use the non-minified dev environment for full errors and additional helpful warnings.
    at lg (https://static.pexels.com/1/_next/static/chunks/framework-f601d7b14b2dcb46.js:1:53940)
    at i (https://static.pexels.com/1/_next/static/chunks/framework-f601d7b14b2dcb46.js:1:128615)
    at oD (https://static.pexels.com/1/_next/static/chunks/framework-f601d7b14b2dcb46.js:1:106599)
    at oO (https://static.pexels.com/1/_next/static/chunks/framework-f601d7b14b2dcb46.js:1:106469)
    at ox (https://static.pexels.com/1/_next/static/chunks/framework-f601d7b14b2dcb46.js:1:101542)
    at x (https://static.pexels.com/1/_next/static/chunks/framework-f601d7b14b2dcb46.js:1:137676)
    at MessagePort.T (https://static.pexels.com/1/_next/static/chunks/framework-f601d7b14b2dcb46.js:1:138197)
[    2273ms] Error: Minified React error #418; visit https://reactjs.org/docs/error-decoder.html?invariant=418 for the full message or use the non-minified dev environment for full errors and additional helpful warnings.
    at lg (https://static.pexels.com/1/_next/static/chunks/framework-f601d7b14b2dcb46.js:1:53940)
    at i (https://static.pexels.com/1/_next/static/chunks/framework-f601d7b14b2dcb46.js:1:128615)
    at oD (https://static.pexels.com/1/_next/static/chunks/framework-f601d7b14b2dcb46.js:1:106599)
    at oO (https://static.pexels.com/1/_next/static/chunks/framework-f601d7b14b2dcb46.js:1:106469)
    at ox (https://static.pexels.com/1/_next/static/chunks/framework-f601d7b14b2dcb46.js:1:101542)
    at x (https://static.pexels.com/1/_next/static/chunks/framework-f601d7b14b2dcb46.js:1:137676)
    at MessagePort.T (https://static.pexels.com/1/_next/static/chunks/framework-f601d7b14b2dcb46.js:1:138197)
[    2273ms] Error: Minified React error #418; visit https://reactjs.org/docs/error-decoder.html?invariant=418 for the full message or use the non-minified dev environment for full errors and additional helpful warnings.
    at lg (https://static.pexels.com/1/_next/static/chunks/framework-f601d7b14b2dcb46.js:1:53940)
    at i (https://static.pexels.com/1/_next/static/chunks/framework-f601d7b14b2dcb46.js:1:128615)
    at oD (https://static.pexels.com/1/_next/static/chunks/framework-f601d7b14b2dcb46.js:1:106599)
    at oO (https://static.pexels.com/1/_next/static/chunks/framework-f601d7b14b2dcb46.js:1:106469)
    at ox (https://static.pexels.com/1/_next/static/chunks/framework-f601d7b14b2dcb46.js:1:101542)
    at x (https://static.pexels.com/1/_next/static/chunks/framework-f601d7b14b2dcb46.js:1:137676)
    at MessagePort.T (https://static.pexels.com/1/_next/static/chunks/framework-f601d7b14b2dcb46.js:1:138197)
[    2273ms] Error: Minified React error #418; visit https://reactjs.org/docs/error-decoder.html?invariant=418 for the full message or use the non-minified dev environment for full errors and additional helpful warnings.
    at lg (https://static.pexels.com/1/_next/static/chunks/framework-f601d7b14b2dcb46.js:1:53940)
    at i (https://static.pexels.com/1/_next/static/chunks/framework-f601d7b14b2dcb46.js:1:128615)
    at oD (https://static.pexels.com/1/_next/static/chunks/framework-f601d7b14b2dcb46.js:1:106599)
    at oO (https://static.pexels.com/1/_next/static/chunks/framework-f601d7b14b2dcb46.js:1:106469)
    at ox (https://static.pexels.com/1/_next/static/chunks/framework-f601d7b14b2dcb46.js:1:101542)
    at x (https://static.pexels.com/1/_next/static/chunks/framework-f601d7b14b2dcb46.js:1:137676)
    at MessagePort.T (https://static.pexels.com/1/_next/static/chunks/framework-f601d7b14b2dcb46.js:1:138197)
[    2273ms] Error: Minified React error #418; visit https://reactjs.org/docs/error-decoder.html?invariant=418 for the full message or use the non-minified dev environment for full errors and additional helpful warnings.
    at lg (https://static.pexels.com/1/_next/static/chunks/framework-f601d7b14b2dcb46.js:1:53940)
    at i (https://static.pexels.com/1/_next/static/chunks/framework-f601d7b14b2dcb46.js:1:128615)
    at oD (https://static.pexels.com/1/_next/static/chunks/framework-f601d7b14b2dcb46.js:1:106599)
    at oO (https://static.pexels.com/1/_next/static/chunks/framework-f601d7b14b2dcb46.js:1:106469)
    at ox (https://static.pexels.com/1/_next/static/chunks/framework-f601d7b14b2dcb46.js:1:101542)
    at x (https://static.pexels.com/1/_next/static/chunks/framework-f601d7b14b2dcb46.js:1:137676)
    at MessagePort.T (https://static.pexels.com/1/_next/static/chunks/framework-f601d7b14b2dcb46.js:1:138197)
[    2273ms] Error: Minified React error #418; visit https://reactjs.org/docs/error-decoder.html?invariant=418 for the full message or use the non-minified dev environment for full errors and additional helpful warnings.
    at lg (https://static.pexels.com/1/_next/static/chunks/framework-f601d7b14b2dcb46.js:1:53940)
    at i (https://static.pexels.com/1/_next/static/chunks/framework-f601d7b14b2dcb46.js:1:128615)
    at oD (https://static.pexels.com/1/_next/static/chunks/framework-f601d7b14b2dcb46.js:1:106599)
    at oO (https://static.pexels.com/1/_next/static/chunks/framework-f601d7b14b2dcb46.js:1:106469)
    at ox (https://static.pexels.com/1/_next/static/chunks/framework-f601d7b14b2dcb46.js:1:101542)
    at x (https://static.pexels.com/1/_next/static/chunks/framework-f601d7b14b2dcb46.js:1:137676)
    at MessagePort.T (https://static.pexels.com/1/_next/static/chunks/framework-f601d7b14b2dcb46.js:1:138197)
[    2273ms] Error: Minified React error #418; visit https://reactjs.org/docs/error-decoder.html?invariant=418 for the full message or use the non-minified dev environment for full errors and additional helpful warnings.
    at lg (https://static.pexels.com/1/_next/static/chunks/framework-f601d7b14b2dcb46.js:1:53940)
    at i (https://static.pexels.com/1/_next/static/chunks/framework-f601d7b14b2dcb46.js:1:128615)
    at oD (https://static.pexels.com/1/_next/static/chunks/framework-f601d7b14b2dcb46.js:1:106599)
    at oO (https://static.pexels.com/1/_next/static/chunks/framework-f601d7b14b2dcb46.js:1:106469)
    at ox (https://static.pexels.com/1/_next/static/chunks/framework-f601d7b14b2dcb46.js:1:101542)
    at x (https://static.pexels.com/1/_next/static/chunks/framework-f601d7b14b2dcb46.js:1:137676)
    at MessagePort.T (https://static.pexels.com/1/_next/static/chunks/framework-f601d7b14b2dcb46.js:1:138197)
[    2273ms] Error: Minified React error #418; visit https://reactjs.org/docs/error-decoder.html?invariant=418 for the full message or use the non-minified dev environment for full errors and additional helpful warnings.
    at lg (https://static.pexels.com/1/_next/static/chunks/framework-f601d7b14b2dcb46.js:1:53940)
    at i (https://static.pexels.com/1/_next/static/chunks/framework-f601d7b14b2dcb46.js:1:128615)
    at oD (https://static.pexels.com/1/_next/static/chunks/framework-f601d7b14b2dcb46.js:1:106599)
    at oO (https://static.pexels.com/1/_next/static/chunks/framework-f601d7b14b2dcb46.js:1:106469)
    at ox (https://static.pexels.com/1/_next/static/chunks/framework-f601d7b14b2dcb46.js:1:101542)
    at x (https://static.pexels.com/1/_next/static/chunks/framework-f601d7b14b2dcb46.js:1:137676)
    at MessagePort.T (https://static.pexels.com/1/_next/static/chunks/framework-f601d7b14b2dcb46.js:1:138197)
[    2273ms] Error: Minified React error #418; visit https://reactjs.org/docs/error-decoder.html?invariant=418 for the full message or use the non-minified dev environment for full errors and additional helpful warnings.
    at lg (https://static.pexels.com/1/_next/static/chunks/framework-f601d7b14b2dcb46.js:1:53940)
    at i (https://static.pexels.com/1/_next/static/chunks/framework-f601d7b14b2dcb46.js:1:128615)
    at oD (https://static.pexels.com/1/_next/static/chunks/framework-f601d7b14b2dcb46.js:1:106599)
    at oO (https://static.pexels.com/1/_next/static/chunks/framework-f601d7b14b2dcb46.js:1:106469)
    at ox (https://static.pexels.com/1/_next/static/chunks/framework-f601d7b14b2dcb46.js:1:101542)
    at x (https://static.pexels.com/1/_next/static/chunks/framework-f601d7b14b2dcb46.js:1:137676)
    at MessagePort.T (https://static.pexels.com/1/_next/static/chunks/framework-f601d7b14b2dcb46.js:1:138197)
[    2273ms] Error: Minified React error #418; visit https://reactjs.org/docs/error-decoder.html?invariant=418 for the full message or use the non-minified dev environment for full errors and additional helpful warnings.
    at lg (https://static.pexels.com/1/_next/static/chunks/framework-f601d7b14b2dcb46.js:1:53940)
    at i (https://static.pexels.com/1/_next/static/chunks/framework-f601d7b14b2dcb46.js:1:128615)
    at oD (https://static.pexels.com/1/_next/static/chunks/framework-f601d7b14b2dcb46.js:1:106599)
    at oO (https://static.pexels.com/1/_next/static/chunks/framework-f601d7b14b2dcb46.js:1:106469)
    at ox (https://static.pexels.com/1/_next/static/chunks/framework-f601d7b14b2dcb46.js:1:101542)
    at x (https://static.pexels.com/1/_next/static/chunks/framework-f601d7b14b2dcb46.js:1:137676)
    at MessagePort.T (https://static.pexels.com/1/_next/static/chunks/framework-f601d7b14b2dcb46.js:1:138197)
[    2274ms] Error: Minified React error #418; visit https://reactjs.org/docs/error-decoder.html?invariant=418 for the full message or use the non-minified dev environment for full errors and additional helpful warnings.
    at lg (https://static.pexels.com/1/_next/static/chunks/framework-f601d7b14b2dcb46.js:1:53940)
    at i (https://static.pexels.com/1/_next/static/chunks/framework-f601d7b14b2dcb46.js:1:128615)
    at oD (https://static.pexels.com/1/_next/static/chunks/framework-f601d7b14b2dcb46.js:1:106599)
    at oO (https://static.pexels.com/1/_next/static/chunks/framework-f601d7b14b2dcb46.js:1:106469)
    at ox (https://static.pexels.com/1/_next/static/chunks/framework-f601d7b14b2dcb46.js:1:101542)
    at x (https://static.pexels.com/1/_next/static/chunks/framework-f601d7b14b2dcb46.js:1:137676)
    at MessagePort.T (https://static.pexels.com/1/_next/static/chunks/framework-f601d7b14b2dcb46.js:1:138197)
[    2274ms] Error: Minified React error #418; visit https://reactjs.org/docs/error-decoder.html?invariant=418 for the full message or use the non-minified dev environment for full errors and additional helpful warnings.
    at lg (https://static.pexels.com/1/_next/static/chunks/framework-f601d7b14b2dcb46.js:1:53940)
    at i (https://static.pexels.com/1/_next/static/chunks/framework-f601d7b14b2dcb46.js:1:128615)
    at oD (https://static.pexels.com/1/_next/static/chunks/framework-f601d7b14b2dcb46.js:1:106599)
    at oO (https://static.pexels.com/1/_next/static/chunks/framework-f601d7b14b2dcb46.js:1:106469)
    at ox (https://static.pexels.com/1/_next/static/chunks/framework-f601d7b14b2dcb46.js:1:101542)
    at x (https://static.pexels.com/1/_next/static/chunks/framework-f601d7b14b2dcb46.js:1:137676)
    at MessagePort.T (https://static.pexels.com/1/_next/static/chunks/framework-f601d7b14b2dcb46.js:1:138197)
[    2274ms] Error: Minified React error #418; visit https://reactjs.org/docs/error-decoder.html?invariant=418 for the full message or use the non-minified dev environment for full errors and additional helpful warnings.
    at lg (https://static.pexels.com/1/_next/static/chunks/framework-f601d7b14b2dcb46.js:1:53940)
    at i (https://static.pexels.com/1/_next/static/chunks/framework-f601d7b14b2dcb46.js:1:128615)
    at oD (https://static.pexels.com/1/_next/static/chunks/framework-f601d7b14b2dcb46.js:1:106599)
    at oO (https://static.pexels.com/1/_next/static/chunks/framework-f601d7b14b2dcb46.js:1:106469)
    at ox (https://static.pexels.com/1/_next/static/chunks/framework-f601d7b14b2dcb46.js:1:101542)
    at x (https://static.pexels.com/1/_next/static/chunks/framework-f601d7b14b2dcb46.js:1:137676)
    at MessagePort.T (https://static.pexels.com/1/_next/static/chunks/framework-f601d7b14b2dcb46.js:1:138197)
[    2274ms] Error: Minified React error #418; visit https://reactjs.org/docs/error-decoder.html?invariant=418 for the full message or use the non-minified dev environment for full errors and additional helpful warnings.
    at lg (https://static.pexels.com/1/_next/static/chunks/framework-f601d7b14b2dcb46.js:1:53940)
    at i (https://static.pexels.com/1/_next/static/chunks/framework-f601d7b14b2dcb46.js:1:128615)
    at oD (https://static.pexels.com/1/_next/static/chunks/framework-f601d7b14b2dcb46.js:1:106599)
    at oO (https://static.pexels.com/1/_next/static/chunks/framework-f601d7b14b2dcb46.js:1:106469)
    at ox (https://static.pexels.com/1/_next/static/chunks/framework-f601d7b14b2dcb46.js:1:101542)
    at x (https://static.pexels.com/1/_next/static/chunks/framework-f601d7b14b2dcb46.js:1:137676)
    at MessagePort.T (https://static.pexels.com/1/_next/static/chunks/framework-f601d7b14b2dcb46.js:1:138197)
[    2274ms] Error: Minified React error #418; visit https://reactjs.org/docs/error-decoder.html?invariant=418 for the full message or use the non-minified dev environment for full errors and additional helpful warnings.
    at lg (https://static.pexels.com/1/_next/static/chunks/framework-f601d7b14b2dcb46.js:1:53940)
    at i (https://static.pexels.com/1/_next/static/chunks/framework-f601d7b14b2dcb46.js:1:128615)
    at oD (https://static.pexels.com/1/_next/static/chunks/framework-f601d7b14b2dcb46.js:1:106599)
    at oO (https://static.pexels.com/1/_next/static/chunks/framework-f601d7b14b2dcb46.js:1:106469)
    at ox (https://static.pexels.com/1/_next/static/chunks/framework-f601d7b14b2dcb46.js:1:101542)
    at x (https://static.pexels.com/1/_next/static/chunks/framework-f601d7b14b2dcb46.js:1:137676)
    at MessagePort.T (https://static.pexels.com/1/_next/static/chunks/framework-f601d7b14b2dcb46.js:1:138197)
[    2274ms] Error: Minified React error #418; visit https://reactjs.org/docs/error-decoder.html?invariant=418 for the full message or use the non-minified dev environment for full errors and additional helpful warnings.
    at lg (https://static.pexels.com/1/_next/static/chunks/framework-f601d7b14b2dcb46.js:1:53940)
    at i (https://static.pexels.com/1/_next/static/chunks/framework-f601d7b14b2dcb46.js:1:128615)
    at oD (https://static.pexels.com/1/_next/static/chunks/framework-f601d7b14b2dcb46.js:1:106599)
    at oO (https://static.pexels.com/1/_next/static/chunks/framework-f601d7b14b2dcb46.js:1:106469)
    at ox (https://static.pexels.com/1/_next/static/chunks/framework-f601d7b14b2dcb46.js:1:101542)
    at x (https://static.pexels.com/1/_next/static/chunks/framework-f601d7b14b2dcb46.js:1:137676)
    at MessagePort.T (https://static.pexels.com/1/_next/static/chunks/framework-f601d7b14b2dcb46.js:1:138197)
[    2274ms] Error: Minified React error #418; visit https://reactjs.org/docs/error-decoder.html?invariant=418 for the full message or use the non-minified dev environment for full errors and additional helpful warnings.
    at lg (https://static.pexels.com/1/_next/static/chunks/framework-f601d7b14b2dcb46.js:1:53940)
    at i (https://static.pexels.com/1/_next/static/chunks/framework-f601d7b14b2dcb46.js:1:128615)
    at oD (https://static.pexels.com/1/_next/static/chunks/framework-f601d7b14b2dcb46.js:1:106599)
    at oO (https://static.pexels.com/1/_next/static/chunks/framework-f601d7b14b2dcb46.js:1:106469)
    at ox (https://static.pexels.com/1/_next/static/chunks/framework-f601d7b14b2dcb46.js:1:101542)
    at x (https://static.pexels.com/1/_next/static/chunks/framework-f601d7b14b2dcb46.js:1:137676)
    at MessagePort.T (https://static.pexels.com/1/_next/static/chunks/framework-f601d7b14b2dcb46.js:1:138197)
[    2274ms] Error: Minified React error #418; visit https://reactjs.org/docs/error-decoder.html?invariant=418 for the full message or use the non-minified dev environment for full errors and additional helpful warnings.
    at lg (https://static.pexels.com/1/_next/static/chunks/framework-f601d7b14b2dcb46.js:1:53940)
    at i (https://static.pexels.com/1/_next/static/chunks/framework-f601d7b14b2dcb46.js:1:128615)
    at oD (https://static.pexels.com/1/_next/static/chunks/framework-f601d7b14b2dcb46.js:1:106599)
    at oO (https://static.pexels.com/1/_next/static/chunks/framework-f601d7b14b2dcb46.js:1:106469)
    at ox (https://static.pexels.com/1/_next/static/chunks/framework-f601d7b14b2dcb46.js:1:101542)
    at x (https://static.pexels.com/1/_next/static/chunks/framework-f601d7b14b2dcb46.js:1:137676)
    at MessagePort.T (https://static.pexels.com/1/_next/static/chunks/framework-f601d7b14b2dcb46.js:1:138197)
[    2274ms] Error: Minified React error #418; visit https://reactjs.org/docs/error-decoder.html?invariant=418 for the full message or use the non-minified dev environment for full errors and additional helpful warnings.
    at lg (https://static.pexels.com/1/_next/static/chunks/framework-f601d7b14b2dcb46.js:1:53940)
    at i (https://static.pexels.com/1/_next/static/chunks/framework-f601d7b14b2dcb46.js:1:128615)
    at oD (https://static.pexels.com/1/_next/static/chunks/framework-f601d7b14b2dcb46.js:1:106599)
    at oO (https://static.pexels.com/1/_next/static/chunks/framework-f601d7b14b2dcb46.js:1:106469)
    at ox (https://static.pexels.com/1/_next/static/chunks/framework-f601d7b14b2dcb46.js:1:101542)
    at x (https://static.pexels.com/1/_next/static/chunks/framework-f601d7b14b2dcb46.js:1:137676)
    at MessagePort.T (https://static.pexels.com/1/_next/static/chunks/framework-f601d7b14b2dcb46.js:1:138197)
[    2274ms] Error: Minified React error #418; visit https://reactjs.org/docs/error-decoder.html?invariant=418 for the full message or use the non-minified dev environment for full errors and additional helpful warnings.
    at lg (https://static.pexels.com/1/_next/static/chunks/framework-f601d7b14b2dcb46.js:1:53940)
    at i (https://static.pexels.com/1/_next/static/chunks/framework-f601d7b14b2dcb46.js:1:128615)
    at oD (https://static.pexels.com/1/_next/static/chunks/framework-f601d7b14b2dcb46.js:1:106599)
    at oO (https://static.pexels.com/1/_next/static/chunks/framework-f601d7b14b2dcb46.js:1:106469)
    at ox (https://static.pexels.com/1/_next/static/chunks/framework-f601d7b14b2dcb46.js:1:101542)
    at x (https://static.pexels.com/1/_next/static/chunks/framework-f601d7b14b2dcb46.js:1:137676)
    at MessagePort.T (https://static.pexels.com/1/_next/static/chunks/framework-f601d7b14b2dcb46.js:1:138197)
[    2274ms] Error: Minified React error #418; visit https://reactjs.org/docs/error-decoder.html?invariant=418 for the full message or use the non-minified dev environment for full errors and additional helpful warnings.
    at lg (https://static.pexels.com/1/_next/static/chunks/framework-f601d7b14b2dcb46.js:1:53940)
    at i (https://static.pexels.com/1/_next/static/chunks/framework-f601d7b14b2dcb46.js:1:128615)
    at oD (https://static.pexels.com/1/_next/static/chunks/framework-f601d7b14b2dcb46.js:1:106599)
    at oO (https://static.pexels.com/1/_next/static/chunks/framework-f601d7b14b2dcb46.js:1:106469)
    at ox (https://static.pexels.com/1/_next/static/chunks/framework-f601d7b14b2dcb46.js:1:101542)
    at x (https://static.pexels.com/1/_next/static/chunks/framework-f601d7b14b2dcb46.js:1:137676)
    at MessagePort.T (https://static.pexels.com/1/_next/static/chunks/framework-f601d7b14b2dcb46.js:1:138197)
[    2274ms] Error: Minified React error #418; visit https://reactjs.org/docs/error-decoder.html?invariant=418 for the full message or use the non-minified dev environment for full errors and additional helpful warnings.
    at lg (https://static.pexels.com/1/_next/static/chunks/framework-f601d7b14b2dcb46.js:1:53940)
    at i (https://static.pexels.com/1/_next/static/chunks/framework-f601d7b14b2dcb46.js:1:128615)
    at oD (https://static.pexels.com/1/_next/static/chunks/framework-f601d7b14b2dcb46.js:1:106599)
    at oO (https://static.pexels.com/1/_next/static/chunks/framework-f601d7b14b2dcb46.js:1:106469)
    at ox (https://static.pexels.com/1/_next/static/chunks/framework-f601d7b14b2dcb46.js:1:101542)
    at x (https://static.pexels.com/1/_next/static/chunks/framework-f601d7b14b2dcb46.js:1:137676)
    at MessagePort.T (https://static.pexels.com/1/_next/static/chunks/framework-f601d7b14b2dcb46.js:1:138197)
[    2274ms] Error: Minified React error #418; visit https://reactjs.org/docs/error-decoder.html?invariant=418 for the full message or use the non-minified dev environment for full errors and additional helpful warnings.
    at lg (https://static.pexels.com/1/_next/static/chunks/framework-f601d7b14b2dcb46.js:1:53940)
    at i (https://static.pexels.com/1/_next/static/chunks/framework-f601d7b14b2dcb46.js:1:128615)
    at oD (https://static.pexels.com/1/_next/static/chunks/framework-f601d7b14b2dcb46.js:1:106599)
    at oO (https://static.pexels.com/1/_next/static/chunks/framework-f601d7b14b2dcb46.js:1:106469)
    at ox (https://static.pexels.com/1/_next/static/chunks/framework-f601d7b14b2dcb46.js:1:101542)
    at x (https://static.pexels.com/1/_next/static/chunks/framework-f601d7b14b2dcb46.js:1:137676)
    at MessagePort.T (https://static.pexels.com/1/_next/static/chunks/framework-f601d7b14b2dcb46.js:1:138197)
[    2274ms] Error: Minified React error #418; visit https://reactjs.org/docs/error-decoder.html?invariant=418 for the full message or use the non-minified dev environment for full errors and additional helpful warnings.
    at lg (https://static.pexels.com/1/_next/static/chunks/framework-f601d7b14b2dcb46.js:1:53940)
    at i (https://static.pexels.com/1/_next/static/chunks/framework-f601d7b14b2dcb46.js:1:128615)
    at oD (https://static.pexels.com/1/_next/static/chunks/framework-f601d7b14b2dcb46.js:1:106599)
    at oO (https://static.pexels.com/1/_next/static/chunks/framework-f601d7b14b2dcb46.js:1:106469)
    at ox (https://static.pexels.com/1/_next/static/chunks/framework-f601d7b14b2dcb46.js:1:101542)
    at x (https://static.pexels.com/1/_next/static/chunks/framework-f601d7b14b2dcb46.js:1:137676)
    at MessagePort.T (https://static.pexels.com/1/_next/static/chunks/framework-f601d7b14b2dcb46.js:1:138197)
[    2274ms] Error: Minified React error #418; visit https://reactjs.org/docs/error-decoder.html?invariant=418 for the full message or use the non-minified dev environment for full errors and additional helpful warnings.
    at lg (https://static.pexels.com/1/_next/static/chunks/framework-f601d7b14b2dcb46.js:1:53940)
    at i (https://static.pexels.com/1/_next/static/chunks/framework-f601d7b14b2dcb46.js:1:128615)
    at oD (https://static.pexels.com/1/_next/static/chunks/framework-f601d7b14b2dcb46.js:1:106599)
    at oO (https://static.pexels.com/1/_next/static/chunks/framework-f601d7b14b2dcb46.js:1:106469)
    at ox (https://static.pexels.com/1/_next/static/chunks/framework-f601d7b14b2dcb46.js:1:101542)
    at x (https://static.pexels.com/1/_next/static/chunks/framework-f601d7b14b2dcb46.js:1:137676)
    at MessagePort.T (https://static.pexels.com/1/_next/static/chunks/framework-f601d7b14b2dcb46.js:1:138197)
[    2274ms] Error: Minified React error #418; visit https://reactjs.org/docs/error-decoder.html?invariant=418 for the full message or use the non-minified dev environment for full errors and additional helpful warnings.
    at lg (https://static.pexels.com/1/_next/static/chunks/framework-f601d7b14b2dcb46.js:1:53940)
    at i (https://static.pexels.com/1/_next/static/chunks/framework-f601d7b14b2dcb46.js:1:128615)
    at oD (https://static.pexels.com/1/_next/static/chunks/framework-f601d7b14b2dcb46.js:1:106599)
    at oO (https://static.pexels.com/1/_next/static/chunks/framework-f601d7b14b2dcb46.js:1:106469)
    at ox (https://static.pexels.com/1/_next/static/chunks/framework-f601d7b14b2dcb46.js:1:101542)
    at x (https://static.pexels.com/1/_next/static/chunks/framework-f601d7b14b2dcb46.js:1:137676)
    at MessagePort.T (https://static.pexels.com/1/_next/static/chunks/framework-f601d7b14b2dcb46.js:1:138197)
[    2274ms] Error: Minified React error #418; visit https://reactjs.org/docs/error-decoder.html?invariant=418 for the full message or use the non-minified dev environment for full errors and additional helpful warnings.
    at lg (https://static.pexels.com/1/_next/static/chunks/framework-f601d7b14b2dcb46.js:1:53940)
    at i (https://static.pexels.com/1/_next/static/chunks/framework-f601d7b14b2dcb46.js:1:128615)
    at oD (https://static.pexels.com/1/_next/static/chunks/framework-f601d7b14b2dcb46.js:1:106599)
    at oO (https://static.pexels.com/1/_next/static/chunks/framework-f601d7b14b2dcb46.js:1:106469)
    at ox (https://static.pexels.com/1/_next/static/chunks/framework-f601d7b14b2dcb46.js:1:101542)
    at x (https://static.pexels.com/1/_next/static/chunks/framework-f601d7b14b2dcb46.js:1:137676)
    at MessagePort.T (https://static.pexels.com/1/_next/static/chunks/framework-f601d7b14b2dcb46.js:1:138197)
[    2274ms] Error: Minified React error #418; visit https://reactjs.org/docs/error-decoder.html?invariant=418 for the full message or use the non-minified dev environment for full errors and additional helpful warnings.
    at lg (https://static.pexels.com/1/_next/static/chunks/framework-f601d7b14b2dcb46.js:1:53940)
    at i (https://static.pexels.com/1/_next/static/chunks/framework-f601d7b14b2dcb46.js:1:128615)
    at oD (https://static.pexels.com/1/_next/static/chunks/framework-f601d7b14b2dcb46.js:1:106599)
    at oO (https://static.pexels.com/1/_next/static/chunks/framework-f601d7b14b2dcb46.js:1:106469)
    at ox (https://static.pexels.com/1/_next/static/chunks/framework-f601d7b14b2dcb46.js:1:101542)
    at x (https://static.pexels.com/1/_next/static/chunks/framework-f601d7b14b2dcb46.js:1:137676)
    at MessagePort.T (https://static.pexels.com/1/_next/static/chunks/framework-f601d7b14b2dcb46.js:1:138197)
[    2274ms] Error: Minified React error #418; visit https://reactjs.org/docs/error-decoder.html?invariant=418 for the full message or use the non-minified dev environment for full errors and additional helpful warnings.
    at lg (https://static.pexels.com/1/_next/static/chunks/framework-f601d7b14b2dcb46.js:1:53940)
    at i (https://static.pexels.com/1/_next/static/chunks/framework-f601d7b14b2dcb46.js:1:128615)
    at oD (https://static.pexels.com/1/_next/static/chunks/framework-f601d7b14b2dcb46.js:1:106599)
    at oO (https://static.pexels.com/1/_next/static/chunks/framework-f601d7b14b2dcb46.js:1:106469)
    at ox (https://static.pexels.com/1/_next/static/chunks/framework-f601d7b14b2dcb46.js:1:101542)
    at x (https://static.pexels.com/1/_next/static/chunks/framework-f601d7b14b2dcb46.js:1:137676)
    at MessagePort.T (https://static.pexels.com/1/_next/static/chunks/framework-f601d7b14b2dcb46.js:1:138197)
[    2274ms] Error: Minified React error #418; visit https://reactjs.org/docs/error-decoder.html?invariant=418 for the full message or use the non-minified dev environment for full errors and additional helpful warnings.
    at lg (https://static.pexels.com/1/_next/static/chunks/framework-f601d7b14b2dcb46.js:1:53940)
    at i (https://static.pexels.com/1/_next/static/chunks/framework-f601d7b14b2dcb46.js:1:128615)
    at oD (https://static.pexels.com/1/_next/static/chunks/framework-f601d7b14b2dcb46.js:1:106599)
    at oO (https://static.pexels.com/1/_next/static/chunks/framework-f601d7b14b2dcb46.js:1:106469)
    at ox (https://static.pexels.com/1/_next/static/chunks/framework-f601d7b14b2dcb46.js:1:101542)
    at x (https://static.pexels.com/1/_next/static/chunks/framework-f601d7b14b2dcb46.js:1:137676)
    at MessagePort.T (https://static.pexels.com/1/_next/static/chunks/framework-f601d7b14b2dcb46.js:1:138197)
[    2274ms] Error: Minified React error #418; visit https://reactjs.org/docs/error-decoder.html?invariant=418 for the full message or use the non-minified dev environment for full errors and additional helpful warnings.
    at lg (https://static.pexels.com/1/_next/static/chunks/framework-f601d7b14b2dcb46.js:1:53940)
    at i (https://static.pexels.com/1/_next/static/chunks/framework-f601d7b14b2dcb46.js:1:128615)
    at oD (https://static.pexels.com/1/_next/static/chunks/framework-f601d7b14b2dcb46.js:1:106599)
    at oO (https://static.pexels.com/1/_next/static/chunks/framework-f601d7b14b2dcb46.js:1:106469)
    at ox (https://static.pexels.com/1/_next/static/chunks/framework-f601d7b14b2dcb46.js:1:101542)
    at x (https://static.pexels.com/1/_next/static/chunks/framework-f601d7b14b2dcb46.js:1:137676)
    at MessagePort.T (https://static.pexels.com/1/_next/static/chunks/framework-f601d7b14b2dcb46.js:1:138197)
[    2274ms] Error: Minified React error #418; visit https://reactjs.org/docs/error-decoder.html?invariant=418 for the full message or use the non-minified dev environment for full errors and additional helpful warnings.
    at lg (https://static.pexels.com/1/_next/static/chunks/framework-f601d7b14b2dcb46.js:1:53940)
    at i (https://static.pexels.com/1/_next/static/chunks/framework-f601d7b14b2dcb46.js:1:128615)
    at oD (https://static.pexels.com/1/_next/static/chunks/framework-f601d7b14b2dcb46.js:1:106599)
    at oO (https://static.pexels.com/1/_next/static/chunks/framework-f601d7b14b2dcb46.js:1:106469)
    at ox (https://static.pexels.com/1/_next/static/chunks/framework-f601d7b14b2dcb46.js:1:101542)
    at x (https://static.pexels.com/1/_next/static/chunks/framework-f601d7b14b2dcb46.js:1:137676)
    at MessagePort.T (https://static.pexels.com/1/_next/static/chunks/framework-f601d7b14b2dcb46.js:1:138197)
[    2275ms] Error: Minified React error #418; visit https://reactjs.org/docs/error-decoder.html?invariant=418 for the full message or use the non-minified dev environment for full errors and additional helpful warnings.
    at lg (https://static.pexels.com/1/_next/static/chunks/framework-f601d7b14b2dcb46.js:1:53940)
    at i (https://static.pexels.com/1/_next/static/chunks/framework-f601d7b14b2dcb46.js:1:128615)
    at oD (https://static.pexels.com/1/_next/static/chunks/framework-f601d7b14b2dcb46.js:1:106599)
    at oO (https://static.pexels.com/1/_next/static/chunks/framework-f601d7b14b2dcb46.js:1:106469)
    at ox (https://static.pexels.com/1/_next/static/chunks/framework-f601d7b14b2dcb46.js:1:101542)
    at x (https://static.pexels.com/1/_next/static/chunks/framework-f601d7b14b2dcb46.js:1:137676)
    at MessagePort.T (https://static.pexels.com/1/_next/static/chunks/framework-f601d7b14b2dcb46.js:1:138197)
[    2275ms] Error: Minified React error #418; visit https://reactjs.org/docs/error-decoder.html?invariant=418 for the full message or use the non-minified dev environment for full errors and additional helpful warnings.
    at lg (https://static.pexels.com/1/_next/static/chunks/framework-f601d7b14b2dcb46.js:1:53940)
    at i (https://static.pexels.com/1/_next/static/chunks/framework-f601d7b14b2dcb46.js:1:128615)
    at oD (https://static.pexels.com/1/_next/static/chunks/framework-f601d7b14b2dcb46.js:1:106599)
    at oO (https://static.pexels.com/1/_next/static/chunks/framework-f601d7b14b2dcb46.js:1:106469)
    at ox (https://static.pexels.com/1/_next/static/chunks/framework-f601d7b14b2dcb46.js:1:101542)
    at x (https://static.pexels.com/1/_next/static/chunks/framework-f601d7b14b2dcb46.js:1:137676)
    at MessagePort.T (https://static.pexels.com/1/_next/static/chunks/framework-f601d7b14b2dcb46.js:1:138197)
[    2275ms] Error: Minified React error #418; visit https://reactjs.org/docs/error-decoder.html?invariant=418 for the full message or use the non-minified dev environment for full errors and additional helpful warnings.
    at lg (https://static.pexels.com/1/_next/static/chunks/framework-f601d7b14b2dcb46.js:1:53940)
    at i (https://static.pexels.com/1/_next/static/chunks/framework-f601d7b14b2dcb46.js:1:128615)
    at oD (https://static.pexels.com/1/_next/static/chunks/framework-f601d7b14b2dcb46.js:1:106599)
    at oO (https://static.pexels.com/1/_next/static/chunks/framework-f601d7b14b2dcb46.js:1:106469)
    at ox (https://static.pexels.com/1/_next/static/chunks/framework-f601d7b14b2dcb46.js:1:101542)
    at x (https://static.pexels.com/1/_next/static/chunks/framework-f601d7b14b2dcb46.js:1:137676)
    at MessagePort.T (https://static.pexels.com/1/_next/static/chunks/framework-f601d7b14b2dcb46.js:1:138197)
[    2275ms] Error: Minified React error #423; visit https://reactjs.org/docs/error-decoder.html?invariant=423 for the full message or use the non-minified dev environment for full errors and additional helpful warnings.
    at i (https://static.pexels.com/1/_next/static/chunks/framework-f601d7b14b2dcb46.js:1:128274)
    at oD (https://static.pexels.com/1/_next/static/chunks/framework-f601d7b14b2dcb46.js:1:106599)
    at oO (https://static.pexels.com/1/_next/static/chunks/framework-f601d7b14b2dcb46.js:1:106469)
    at oE (https://static.pexels.com/1/_next/static/chunks/framework-f601d7b14b2dcb46.js:1:103240)
    at ox (https://static.pexels.com/1/_next/static/chunks/framework-f601d7b14b2dcb46.js:1:101795)
    at x (https://static.pexels.com/1/_next/static/chunks/framework-f601d7b14b2dcb46.js:1:137676)
    at MessagePort.T (https://static.pexels.com/1/_next/static/chunks/framework-f601d7b14b2dcb46.js:1:138197)
[    2625ms] [ERROR] Failed to load resource: the server responded with a status of 401 () @ https://www.pexels.com/en-us/api/v2/me:0
[    4656ms] [WARNING] [GSI_LOGGER]: Your client application uses one of the Google One Tap prompt UI status methods that may stop functioning when FedCM becomes mandatory. Refer to the migration guide to update your code accordingly and opt-in to FedCM to test your changes. Learn more: https://developers.google.com/identity/gsi/web/guides/fedcm-migration?s=dc#display_moment and https://developers.google.com/identity/gsi/web/guides/fedcm-migration?s=dc#skipped_moment @ https://static.pexels.com/1/vendor/sentry-8.34.0/bundle.tracing.min.js:1
[    7806ms] [WARNING] The resource https://static.pexels.com/1/fonts/CanvaSans-Medium.woff2 was preloaded using link preload but not used within a few seconds from the window's load event. Please make sure it has an appropriate `as` value and it is preloaded intentionally. @ https://www.pexels.com/search/videos/gaming%20setup/?orientation=landscape:0
[    7806ms] [WARNING] The resource https://static.pexels.com/1/fonts/CanvaSans-Bold.woff2 was preloaded using link preload but not used within a few seconds from the window's load event. Please make sure it has an appropriate `as` value and it is preloaded intentionally. @ https://www.pexels.com/search/videos/gaming%20setup/?orientation=landscape:0
[    8780ms] [WARNING] [Meta Pixel] - Invalid parameter format for currency. Please refer https://developers.facebook.com/docs/meta-pixel/reference/ for valid parameter specifications. @ https://static.pexels.com/1/vendor/sentry-8.34.0/bundle.tracing.min.js:1
[   11891ms] [WARNING] The resource https://static.pexels.com/1/fonts/CanvaSans-Medium.woff2 was preloaded using link preload but not used within a few seconds from the window's load event. Please make sure it has an appropriate `as` value and it is preloaded intentionally. @ https://www.pexels.com/search/videos/gaming%20setup/?orientation=landscape:0
[   11891ms] [WARNING] The resource https://static.pexels.com/1/fonts/CanvaSans-Bold.woff2 was preloaded using link preload but not used within a few seconds from the window's load event. Please make sure it has an appropriate `as` value and it is preloaded intentionally. @ https://www.pexels.com/search/videos/gaming%20setup/?orientation=landscape:0
[   15807ms] [WARNING] The resource https://static.pexels.com/1/fonts/CanvaSans-Medium.woff2 was preloaded using link preload but not used within a few seconds from the window's load event. Please make sure it has an appropriate `as` value and it is preloaded intentionally. @ https://www.pexels.com/search/videos/gaming%20setup/?orientation=landscape:0
[   15807ms] [WARNING] The resource https://static.pexels.com/1/fonts/CanvaSans-Bold.woff2 was preloaded using link preload but not used within a few seconds from the window's load event. Please make sure it has an appropriate `as` value and it is preloaded intentionally. @ https://www.pexels.com/search/videos/gaming%20setup/?orientation=landscape:0
[   47607ms] [ERROR] Failed to load resource: the server responded with a status of 403 () @ https://videos.pexels.com/video-files/31183718/31183718-hd_1920_1080_30fps.mp4:0
[   48142ms] [ERROR] Failed to load resource: the server responded with a status of 403 () @ https://videos.pexels.com/video-files/31183718/31183718-hd_1280_720_30fps.mp4:0
[   48549ms] [ERROR] Failed to load resource: the server responded with a status of 403 () @ https://videos.pexels.com/video-files/31183718/31183718-hd_1920_1080_25fps.mp4:0
[   49003ms] [ERROR] Failed to load resource: the server responded with a status of 403 () @ https://videos.pexels.com/video-files/31183718/31183718-hd_1280_720_25fps.mp4:0
[   50511ms] [ERROR] Failed to load resource: the server responded with a status of 403 () @ https://videos.pexels.com/video-files/7849757/7849757-hd_1920_1080_30fps.mp4:0
[   50933ms] [ERROR] Failed to load resource: the server responded with a status of 403 () @ https://videos.pexels.com/video-files/7849757/7849757-hd_1280_720_30fps.mp4:0
[   51459ms] [ERROR] Failed to load resource: the server responded with a status of 403 () @ https://videos.pexels.com/video-files/7849757/7849757-hd_1920_1080_25fps.mp4:0
[   51988ms] [ERROR] Failed to load resource: the server responded with a status of 403 () @ https://videos.pexels.com/video-files/7849757/7849757-hd_1280_720_25fps.mp4:0
[   54989ms] [WARNING] The resource https://static.pexels.com/1/fonts/CanvaSans-Medium.woff2 was preloaded using link preload but not used within a few seconds from the window's load event. Please make sure it has an appropriate `as` value and it is preloaded intentionally. @ https://www.pexels.com/search/videos/gaming%20setup/?orientation=landscape:0
[   54989ms] [WARNING] The resource https://static.pexels.com/1/fonts/CanvaSans-Bold.woff2 was preloaded using link preload but not used within a few seconds from the window's load event. Please make sure it has an appropriate `as` value and it is preloaded intentionally. @ https://www.pexels.com/search/videos/gaming%20setup/?orientation=landscape:0
