[    4310ms] Uncaught Error: Minified React error #418; visit https://reactjs.org/docs/error-decoder.html?invariant=418 for the full message or use the non-minified dev environment for full errors and additional helpful warnings.
    at lg (https://static.snapchat.com/discover/_next/static/chunks/framework-41b02394b273386f.js:0:46433)
    at i (https://static.snapchat.com/discover/_next/static/chunks/framework-41b02394b273386f.js:0:121200)
    at oD (https://static.snapchat.com/discover/_next/static/chunks/framework-41b02394b273386f.js:0:99167)
    at <anonymous> (https://static.snapchat.com/discover/_next/static/chunks/framework-41b02394b273386f.js:0:99034)
    at oO (https://static.snapchat.com/discover/_next/static/chunks/framework-41b02394b273386f.js:0:99041)
    at ox (https://static.snapchat.com/discover/_next/static/chunks/framework-41b02394b273386f.js:0:94080)
    at x (https://static.snapchat.com/discover/_next/static/chunks/framework-41b02394b273386f.js:0:130543)
    at T (https://static.snapchat.com/discover/_next/static/chunks/framework-41b02394b273386f.js:0:131073)
[    4310ms] Uncaught Error: Minified React error #418; visit https://reactjs.org/docs/error-decoder.html?invariant=418 for the full message or use the non-minified dev environment for full errors and additional helpful warnings.
    at lg (https://static.snapchat.com/discover/_next/static/chunks/framework-41b02394b273386f.js:0:46433)
    at i (https://static.snapchat.com/discover/_next/static/chunks/framework-41b02394b273386f.js:0:121200)
    at oD (https://static.snapchat.com/discover/_next/static/chunks/framework-41b02394b273386f.js:0:99167)
    at <anonymous> (https://static.snapchat.com/discover/_next/static/chunks/framework-41b02394b273386f.js:0:99034)
    at oO (https://static.snapchat.com/discover/_next/static/chunks/framework-41b02394b273386f.js:0:99041)
    at ox (https://static.snapchat.com/discover/_next/static/chunks/framework-41b02394b273386f.js:0:94080)
    at x (https://static.snapchat.com/discover/_next/static/chunks/framework-41b02394b273386f.js:0:130543)
    at T (https://static.snapchat.com/discover/_next/static/chunks/framework-41b02394b273386f.js:0:131073)
[    4311ms] Uncaught Error: Minified React error #418; visit https://reactjs.org/docs/error-decoder.html?invariant=418 for the full message or use the non-minified dev environment for full errors and additional helpful warnings.
    at lg (https://static.snapchat.com/discover/_next/static/chunks/framework-41b02394b273386f.js:0:46433)
    at i (https://static.snapchat.com/discover/_next/static/chunks/framework-41b02394b273386f.js:0:121200)
    at oD (https://static.snapchat.com/discover/_next/static/chunks/framework-41b02394b273386f.js:0:99167)
    at <anonymous> (https://static.snapchat.com/discover/_next/static/chunks/framework-41b02394b273386f.js:0:99034)
    at oO (https://static.snapchat.com/discover/_next/static/chunks/framework-41b02394b273386f.js:0:99041)
    at ox (https://static.snapchat.com/discover/_next/static/chunks/framework-41b02394b273386f.js:0:94080)
    at x (https://static.snapchat.com/discover/_next/static/chunks/framework-41b02394b273386f.js:0:130543)
    at T (https://static.snapchat.com/discover/_next/static/chunks/framework-41b02394b273386f.js:0:131073)
[    4311ms] Uncaught Error: Minified React error #418; visit https://reactjs.org/docs/error-decoder.html?invariant=418 for the full message or use the non-minified dev environment for full errors and additional helpful warnings.
    at lg (https://static.snapchat.com/discover/_next/static/chunks/framework-41b02394b273386f.js:0:46433)
    at i (https://static.snapchat.com/discover/_next/static/chunks/framework-41b02394b273386f.js:0:121200)
    at oD (https://static.snapchat.com/discover/_next/static/chunks/framework-41b02394b273386f.js:0:99167)
    at <anonymous> (https://static.snapchat.com/discover/_next/static/chunks/framework-41b02394b273386f.js:0:99034)
    at oO (https://static.snapchat.com/discover/_next/static/chunks/framework-41b02394b273386f.js:0:99041)
    at ox (https://static.snapchat.com/discover/_next/static/chunks/framework-41b02394b273386f.js:0:94080)
    at x (https://static.snapchat.com/discover/_next/static/chunks/framework-41b02394b273386f.js:0:130543)
    at T (https://static.snapchat.com/discover/_next/static/chunks/framework-41b02394b273386f.js:0:131073)
[    4311ms] Uncaught Error: Minified React error #418; visit https://reactjs.org/docs/error-decoder.html?invariant=418 for the full message or use the non-minified dev environment for full errors and additional helpful warnings.
    at lg (https://static.snapchat.com/discover/_next/static/chunks/framework-41b02394b273386f.js:0:46433)
    at i (https://static.snapchat.com/discover/_next/static/chunks/framework-41b02394b273386f.js:0:121200)
    at oD (https://static.snapchat.com/discover/_next/static/chunks/framework-41b02394b273386f.js:0:99167)
    at <anonymous> (https://static.snapchat.com/discover/_next/static/chunks/framework-41b02394b273386f.js:0:99034)
    at oO (https://static.snapchat.com/discover/_next/static/chunks/framework-41b02394b273386f.js:0:99041)
    at ox (https://static.snapchat.com/discover/_next/static/chunks/framework-41b02394b273386f.js:0:94080)
    at x (https://static.snapchat.com/discover/_next/static/chunks/framework-41b02394b273386f.js:0:130543)
    at T (https://static.snapchat.com/discover/_next/static/chunks/framework-41b02394b273386f.js:0:131073)
[    4311ms] Uncaught Error: Minified React error #418; visit https://reactjs.org/docs/error-decoder.html?invariant=418 for the full message or use the non-minified dev environment for full errors and additional helpful warnings.
    at lg (https://static.snapchat.com/discover/_next/static/chunks/framework-41b02394b273386f.js:0:46433)
    at i (https://static.snapchat.com/discover/_next/static/chunks/framework-41b02394b273386f.js:0:121200)
    at oD (https://static.snapchat.com/discover/_next/static/chunks/framework-41b02394b273386f.js:0:99167)
    at <anonymous> (https://static.snapchat.com/discover/_next/static/chunks/framework-41b02394b273386f.js:0:99034)
    at oO (https://static.snapchat.com/discover/_next/static/chunks/framework-41b02394b273386f.js:0:99041)
    at ox (https://static.snapchat.com/discover/_next/static/chunks/framework-41b02394b273386f.js:0:94080)
    at x (https://static.snapchat.com/discover/_next/static/chunks/framework-41b02394b273386f.js:0:130543)
    at T (https://static.snapchat.com/discover/_next/static/chunks/framework-41b02394b273386f.js:0:131073)
[    4312ms] Uncaught Error: Minified React error #418; visit https://reactjs.org/docs/error-decoder.html?invariant=418 for the full message or use the non-minified dev environment for full errors and additional helpful warnings.
    at lg (https://static.snapchat.com/discover/_next/static/chunks/framework-41b02394b273386f.js:0:46433)
    at i (https://static.snapchat.com/discover/_next/static/chunks/framework-41b02394b273386f.js:0:121200)
    at oD (https://static.snapchat.com/discover/_next/static/chunks/framework-41b02394b273386f.js:0:99167)
    at <anonymous> (https://static.snapchat.com/discover/_next/static/chunks/framework-41b02394b273386f.js:0:99034)
    at oO (https://static.snapchat.com/discover/_next/static/chunks/framework-41b02394b273386f.js:0:99041)
    at ox (https://static.snapchat.com/discover/_next/static/chunks/framework-41b02394b273386f.js:0:94080)
    at x (https://static.snapchat.com/discover/_next/static/chunks/framework-41b02394b273386f.js:0:130543)
    at T (https://static.snapchat.com/discover/_next/static/chunks/framework-41b02394b273386f.js:0:131073)
[    4312ms] Uncaught Error: Minified React error #418; visit https://reactjs.org/docs/error-decoder.html?invariant=418 for the full message or use the non-minified dev environment for full errors and additional helpful warnings.
    at lg (https://static.snapchat.com/discover/_next/static/chunks/framework-41b02394b273386f.js:0:46433)
    at i (https://static.snapchat.com/discover/_next/static/chunks/framework-41b02394b273386f.js:0:121200)
    at oD (https://static.snapchat.com/discover/_next/static/chunks/framework-41b02394b273386f.js:0:99167)
    at <anonymous> (https://static.snapchat.com/discover/_next/static/chunks/framework-41b02394b273386f.js:0:99034)
    at oO (https://static.snapchat.com/discover/_next/static/chunks/framework-41b02394b273386f.js:0:99041)
    at ox (https://static.snapchat.com/discover/_next/static/chunks/framework-41b02394b273386f.js:0:94080)
    at x (https://static.snapchat.com/discover/_next/static/chunks/framework-41b02394b273386f.js:0:130543)
    at T (https://static.snapchat.com/discover/_next/static/chunks/framework-41b02394b273386f.js:0:131073)
[    4312ms] Uncaught Error: Minified React error #418; visit https://reactjs.org/docs/error-decoder.html?invariant=418 for the full message or use the non-minified dev environment for full errors and additional helpful warnings.
    at lg (https://static.snapchat.com/discover/_next/static/chunks/framework-41b02394b273386f.js:0:46433)
    at i (https://static.snapchat.com/discover/_next/static/chunks/framework-41b02394b273386f.js:0:121200)
    at oD (https://static.snapchat.com/discover/_next/static/chunks/framework-41b02394b273386f.js:0:99167)
    at <anonymous> (https://static.snapchat.com/discover/_next/static/chunks/framework-41b02394b273386f.js:0:99034)
    at oO (https://static.snapchat.com/discover/_next/static/chunks/framework-41b02394b273386f.js:0:99041)
    at ox (https://static.snapchat.com/discover/_next/static/chunks/framework-41b02394b273386f.js:0:94080)
    at x (https://static.snapchat.com/discover/_next/static/chunks/framework-41b02394b273386f.js:0:130543)
    at T (https://static.snapchat.com/discover/_next/static/chunks/framework-41b02394b273386f.js:0:131073)
[    4313ms] Uncaught Error: Minified React error #418; visit https://reactjs.org/docs/error-decoder.html?invariant=418 for the full message or use the non-minified dev environment for full errors and additional helpful warnings.
    at lg (https://static.snapchat.com/discover/_next/static/chunks/framework-41b02394b273386f.js:0:46553)
    at i (https://static.snapchat.com/discover/_next/static/chunks/framework-41b02394b273386f.js:0:121200)
    at oD (https://static.snapchat.com/discover/_next/static/chunks/framework-41b02394b273386f.js:0:99167)
    at <anonymous> (https://static.snapchat.com/discover/_next/static/chunks/framework-41b02394b273386f.js:0:99034)
    at oO (https://static.snapchat.com/discover/_next/static/chunks/framework-41b02394b273386f.js:0:99041)
    at ox (https://static.snapchat.com/discover/_next/static/chunks/framework-41b02394b273386f.js:0:94080)
    at x (https://static.snapchat.com/discover/_next/static/chunks/framework-41b02394b273386f.js:0:130543)
    at T (https://static.snapchat.com/discover/_next/static/chunks/framework-41b02394b273386f.js:0:131073)
[    4313ms] Uncaught Error: Minified React error #418; visit https://reactjs.org/docs/error-decoder.html?invariant=418 for the full message or use the non-minified dev environment for full errors and additional helpful warnings.
    at lg (https://static.snapchat.com/discover/_next/static/chunks/framework-41b02394b273386f.js:0:46553)
    at i (https://static.snapchat.com/discover/_next/static/chunks/framework-41b02394b273386f.js:0:121200)
    at oD (https://static.snapchat.com/discover/_next/static/chunks/framework-41b02394b273386f.js:0:99167)
    at <anonymous> (https://static.snapchat.com/discover/_next/static/chunks/framework-41b02394b273386f.js:0:99034)
    at oO (https://static.snapchat.com/discover/_next/static/chunks/framework-41b02394b273386f.js:0:99041)
    at ox (https://static.snapchat.com/discover/_next/static/chunks/framework-41b02394b273386f.js:0:94080)
    at x (https://static.snapchat.com/discover/_next/static/chunks/framework-41b02394b273386f.js:0:130543)
    at T (https://static.snapchat.com/discover/_next/static/chunks/framework-41b02394b273386f.js:0:131073)
[    4313ms] Uncaught Error: Minified React error #418; visit https://reactjs.org/docs/error-decoder.html?invariant=418 for the full message or use the non-minified dev environment for full errors and additional helpful warnings.
    at lg (https://static.snapchat.com/discover/_next/static/chunks/framework-41b02394b273386f.js:0:46553)
    at i (https://static.snapchat.com/discover/_next/static/chunks/framework-41b02394b273386f.js:0:121200)
    at oD (https://static.snapchat.com/discover/_next/static/chunks/framework-41b02394b273386f.js:0:99167)
    at <anonymous> (https://static.snapchat.com/discover/_next/static/chunks/framework-41b02394b273386f.js:0:99034)
    at oO (https://static.snapchat.com/discover/_next/static/chunks/framework-41b02394b273386f.js:0:99041)
    at ox (https://static.snapchat.com/discover/_next/static/chunks/framework-41b02394b273386f.js:0:94080)
    at x (https://static.snapchat.com/discover/_next/static/chunks/framework-41b02394b273386f.js:0:130543)
    at T (https://static.snapchat.com/discover/_next/static/chunks/framework-41b02394b273386f.js:0:131073)
[    4313ms] Uncaught Error: Minified React error #418; visit https://reactjs.org/docs/error-decoder.html?invariant=418 for the full message or use the non-minified dev environment for full errors and additional helpful warnings.
    at lg (https://static.snapchat.com/discover/_next/static/chunks/framework-41b02394b273386f.js:0:46553)
    at i (https://static.snapchat.com/discover/_next/static/chunks/framework-41b02394b273386f.js:0:121200)
    at oD (https://static.snapchat.com/discover/_next/static/chunks/framework-41b02394b273386f.js:0:99167)
    at <anonymous> (https://static.snapchat.com/discover/_next/static/chunks/framework-41b02394b273386f.js:0:99034)
    at oO (https://static.snapchat.com/discover/_next/static/chunks/framework-41b02394b273386f.js:0:99041)
    at ox (https://static.snapchat.com/discover/_next/static/chunks/framework-41b02394b273386f.js:0:94080)
    at x (https://static.snapchat.com/discover/_next/static/chunks/framework-41b02394b273386f.js:0:130543)
    at T (https://static.snapchat.com/discover/_next/static/chunks/framework-41b02394b273386f.js:0:131073)
[    4313ms] Uncaught Error: Minified React error #418; visit https://reactjs.org/docs/error-decoder.html?invariant=418 for the full message or use the non-minified dev environment for full errors and additional helpful warnings.
    at lg (https://static.snapchat.com/discover/_next/static/chunks/framework-41b02394b273386f.js:0:46553)
    at i (https://static.snapchat.com/discover/_next/static/chunks/framework-41b02394b273386f.js:0:121200)
    at oD (https://static.snapchat.com/discover/_next/static/chunks/framework-41b02394b273386f.js:0:99167)
    at <anonymous> (https://static.snapchat.com/discover/_next/static/chunks/framework-41b02394b273386f.js:0:99034)
    at oO (https://static.snapchat.com/discover/_next/static/chunks/framework-41b02394b273386f.js:0:99041)
    at ox (https://static.snapchat.com/discover/_next/static/chunks/framework-41b02394b273386f.js:0:94080)
    at x (https://static.snapchat.com/discover/_next/static/chunks/framework-41b02394b273386f.js:0:130543)
    at T (https://static.snapchat.com/discover/_next/static/chunks/framework-41b02394b273386f.js:0:131073)
[    4313ms] Uncaught Error: Minified React error #423; visit https://reactjs.org/docs/error-decoder.html?invariant=423 for the full message or use the non-minified dev environment for full errors and additional helpful warnings.
    at i (https://static.snapchat.com/discover/_next/static/chunks/framework-41b02394b273386f.js:0:120869)
    at oD (https://static.snapchat.com/discover/_next/static/chunks/framework-41b02394b273386f.js:0:99167)
    at <anonymous> (https://static.snapchat.com/discover/_next/static/chunks/framework-41b02394b273386f.js:0:99034)
    at oO (https://static.snapchat.com/discover/_next/static/chunks/framework-41b02394b273386f.js:0:99041)
    at oE (https://static.snapchat.com/discover/_next/static/chunks/framework-41b02394b273386f.js:0:95793)
    at ox (https://static.snapchat.com/discover/_next/static/chunks/framework-41b02394b273386f.js:0:94348)
    at x (https://static.snapchat.com/discover/_next/static/chunks/framework-41b02394b273386f.js:0:130543)
    at T (https://static.snapchat.com/discover/_next/static/chunks/framework-41b02394b273386f.js:0:131073)
[    4629ms] [ERROR] Connecting to 'https://analytics.google.com/g/collect?v=2&tid=G-DPDHJB4310&gtm=45je67t1v893370716za200zd893370716&_p=1785705607601&_gaz=1&gcd=13l3l3l3l1l1&npa=0&dma=0&_eu=AEAEACAC&ae=a&are=1&cid=1218552795.1785705608&frm=0&ibt=1&ngs=1&pscdl=noapi&rcb=7&sr=1536x864&uaa=x86&uab=64&uafvl=Not%252FA)Brand%3B99.0.0.0%7CChromium%3B148.0.7778.167&uam=&uamb=0&uap=Windows&uapv=19.0.0&uaw=0&ul=es-419&_s=1&tag_exp=115938465~115938468~118897920~118897930~119337770~119896803&sid=1785705604&sct=1&seg=0&dl=https%3A%2F%2Fwww.snapchat.com%2Fdiscover&dt=Historias%20destacadas%20de%20Snapchat&en=scroll&_fv=1&_ss=1&epn.percent_scrolled=90&tfd=4613' violates the following Content Security Policy directive: "connect-src 'self' blob: https://gcp.api.snapchat.com https://aws.api.snapchat.com https://*.google-analytics.com https://*.analytics.google.com https://stats.g.doubleclick.net https://*.googletagmanager.com https://www.snapchat.com https://app.snapchat.com https://sentry.sc-prod.net https://us-central1-gcp.api.snapchat.com https://accounts.snapchat.com ws: wss: https://static.snapchat.com https://cdn.contentful.com https://story.snapchat.com https://hcaptcha.com https://*.hcaptcha.com https://www.google.com/recaptcha/ https://session.snapchat.com https://us-east1-aws.api.snapchat.com https://cf-st.sc-cdn.net https://app.snapchat.com https://s.sc-cdn.net https://bolt-gcdn.sc-cdn.net". The action has been blocked. @ https://www.googletagmanager.com/gtag/js?id=G-DPDHJB4310:266
[    4630ms] [ERROR] Fetch API cannot load https://analytics.google.com/g/collect?v=2&tid=G-DPDHJB4310&gtm=45je67t1v893370716za200zd893370716&_p=1785705607601&_gaz=1&gcd=13l3l3l3l1l1&npa=0&dma=0&_eu=AEAEACAC&ae=a&are=1&cid=1218552795.1785705608&frm=0&ibt=1&ngs=1&pscdl=noapi&rcb=7&sr=1536x864&uaa=x86&uab=64&uafvl=Not%252FA)Brand%3B99.0.0.0%7CChromium%3B148.0.7778.167&uam=&uamb=0&uap=Windows&uapv=19.0.0&uaw=0&ul=es-419&_s=1&tag_exp=115938465~115938468~118897920~118897930~119337770~119896803&sid=1785705604&sct=1&seg=0&dl=https%3A%2F%2Fwww.snapchat.com%2Fdiscover&dt=Historias%20destacadas%20de%20Snapchat&en=scroll&_fv=1&_ss=1&epn.percent_scrolled=90&tfd=4613. Refused to connect because it violates the document's Content Security Policy. @ https://www.googletagmanager.com/gtag/js?id=G-DPDHJB4310:266
[    4662ms] [LOG] %c¡ADVERTENCIA! font-size: 30px; color: #F61F1F; background-color: #FFFF00; @ https://static.snapchat.com/discover/_next/static/chunks/pages/_app-ee4ac85cc43e400b.js:12
[    4663ms] [LOG] %cNo escribas o pegues código que no entiendas.
Usar esta consola podría permitir que personas malintencionadas roben tu identidad y tu información usando un ataque llamado Self-XSS. font-size: 16px; color: #464656; background-color: #FFF; @ https://static.snapchat.com/discover/_next/static/chunks/pages/_app-ee4ac85cc43e400b.js:12
[    4668ms] [LOG] %c¡ADVERTENCIA! font-size: 30px; color: #F61F1F; background-color: #FFFF00; @ https://static.snapchat.com/discover/_next/static/chunks/pages/_app-ee4ac85cc43e400b.js:12
[    4669ms] [LOG] %cNo introduzcas ni pegues códigos que no comprendas.
Si usas esta consola, los atacantes podrían suplantar tu identidad y robar tu información mediante un ataque llamado Self-XSS. font-size: 16px; color: #464656; background-color: #FFF; @ https://static.snapchat.com/discover/_next/static/chunks/pages/_app-ee4ac85cc43e400b.js:12
[    4671ms] [LOG] %c¡ADVERTENCIA! font-size: 30px; color: #F61F1F; background-color: #FFFF00; @ https://static.snapchat.com/discover/_next/static/chunks/pages/_app-ee4ac85cc43e400b.js:12
[    4672ms] [LOG] %cNo escribas o pegues código que no entiendas.
Usar esta consola podría permitir que personas malintencionadas roben tu identidad y tu información usando un ataque llamado Self-XSS. font-size: 16px; color: #464656; background-color: #FFF; @ https://static.snapchat.com/discover/_next/static/chunks/pages/_app-ee4ac85cc43e400b.js:12
[    4674ms] [LOG] %c¡ADVERTENCIA! font-size: 30px; color: #F61F1F; background-color: #FFFF00; @ https://static.snapchat.com/discover/_next/static/chunks/pages/_app-ee4ac85cc43e400b.js:12
[    4675ms] [LOG] %cNo introduzcas ni pegues códigos que no comprendas.
Si usas esta consola, los atacantes podrían suplantar tu identidad y robar tu información mediante un ataque llamado Self-XSS. font-size: 16px; color: #464656; background-color: #FFF; @ https://static.snapchat.com/discover/_next/static/chunks/pages/_app-ee4ac85cc43e400b.js:12
[    4755ms] [LOG] %c¡ADVERTENCIA! font-size: 30px; color: #F61F1F; background-color: #FFFF00; @ https://static.snapchat.com/discover/_next/static/chunks/pages/_app-ee4ac85cc43e400b.js:12
[    4756ms] [LOG] %cNo escribas o pegues código que no entiendas.
Usar esta consola podría permitir que personas malintencionadas roben tu identidad y tu información usando un ataque llamado Self-XSS. font-size: 16px; color: #464656; background-color: #FFF; @ https://static.snapchat.com/discover/_next/static/chunks/pages/_app-ee4ac85cc43e400b.js:12
[    4769ms] [LOG] %c¡ADVERTENCIA! font-size: 30px; color: #F61F1F; background-color: #FFFF00; @ https://static.snapchat.com/discover/_next/static/chunks/pages/_app-ee4ac85cc43e400b.js:12
[    4769ms] [LOG] %cNo introduzcas ni pegues códigos que no comprendas.
Si usas esta consola, los atacantes podrían suplantar tu identidad y robar tu información mediante un ataque llamado Self-XSS. font-size: 16px; color: #464656; background-color: #FFF; @ https://static.snapchat.com/discover/_next/static/chunks/pages/_app-ee4ac85cc43e400b.js:12
[    4780ms] [ERROR] Loading the image 'https://www.google.com.mx/ads/ga-audiences?v=1&t=sr&slf_rd=1&_r=4&ngs=1&ibt=1&tid=G-DPDHJB4310&cid=1218552795.1785705608&gtm=45je67t1v893370716za200zd893370716&rcb=7&aip=1&dma=0&gcd=13l3l3l3l1l1&npa=0&frm=0&tag_exp=115938465~115938468~118897920~118897930~119337770~119896803&z=2098459516' violates the following Content Security Policy directive: "img-src 'self' blob: data: https://support-tools.storage.googleapis.com https://www.snapchat.com https://story.snapchat.com https://cf-st.sc-cdn.net https://*.google-analytics.com https://*.googletagmanager.com data: https://www.google.com https://www.google.co.uk https://www.google.com.sa https://www.google.ca https://www.google.fr https://www.google.com.no https://www.google.com.au https://static.snapchat.com https://images.bitmoji.com https://impala-media-production.s3.amazonaws.com https://app.snapchat.com https://s.sc-cdn.net https://cf-st.sc-cdn.net https://app.snapchat.com https://devsnapchat.appspot.com https://feelinsonice-hrd.appspot.com https://bolt-gcdn.sc-cdn.net https://media-cdn.tripadvisor.com/ android-webview-video-poster:". The action has been blocked. @ https://www.snapchat.com/discover:0
[    4794ms] [ERROR] Connecting to 'https://www.google.com/g/collect?v=2&tid=G-DPDHJB4310&gtm=45je67t1v893370716za200zd893370716&_p=1785705607601&_gaz=1&gcd=13l3l3l3l1l1&npa=0&dma=0&_eu=AEAEACAC&ae=a&are=1&cid=1218552795.1785705608&frm=0&ibt=1&ngs=1&pscdl=noapi&rcb=7&sr=1536x864&uaa=x86&uab=64&uafvl=Not%252FA)Brand%3B99.0.0.0%7CChromium%3B148.0.7778.167&uam=&uamb=0&uap=Windows&uapv=19.0.0&uaw=0&ul=es-419&_s=1&tag_exp=115938465~115938468~118897920~118897930~119337770~119896803&sid=1785705604&sct=1&seg=0&dl=https%3A%2F%2Fwww.snapchat.com%2Fdiscover&dt=Historias%20destacadas%20de%20Snapchat&en=scroll&_fv=1&_ss=1&epn.percent_scrolled=90&tfd=4613&gaf=1' violates the following Content Security Policy directive: "connect-src 'self' blob: https://gcp.api.snapchat.com https://aws.api.snapchat.com https://*.google-analytics.com https://*.analytics.google.com https://stats.g.doubleclick.net https://*.googletagmanager.com https://www.snapchat.com https://app.snapchat.com https://sentry.sc-prod.net https://us-central1-gcp.api.snapchat.com https://accounts.snapchat.com ws: wss: https://static.snapchat.com https://cdn.contentful.com https://story.snapchat.com https://hcaptcha.com https://*.hcaptcha.com https://www.google.com/recaptcha/ https://session.snapchat.com https://us-east1-aws.api.snapchat.com https://cf-st.sc-cdn.net https://app.snapchat.com https://s.sc-cdn.net https://bolt-gcdn.sc-cdn.net". The action has been blocked. @ https://www.googletagmanager.com/gtag/js?id=G-DPDHJB4310:266
[    4794ms] [ERROR] Fetch API cannot load https://www.google.com/g/collect?v=2&tid=G-DPDHJB4310&gtm=45je67t1v893370716za200zd893370716&_p=1785705607601&_gaz=1&gcd=13l3l3l3l1l1&npa=0&dma=0&_eu=AEAEACAC&ae=a&are=1&cid=1218552795.1785705608&frm=0&ibt=1&ngs=1&pscdl=noapi&rcb=7&sr=1536x864&uaa=x86&uab=64&uafvl=Not%252FA)Brand%3B99.0.0.0%7CChromium%3B148.0.7778.167&uam=&uamb=0&uap=Windows&uapv=19.0.0&uaw=0&ul=es-419&_s=1&tag_exp=115938465~115938468~118897920~118897930~119337770~119896803&sid=1785705604&sct=1&seg=0&dl=https%3A%2F%2Fwww.snapchat.com%2Fdiscover&dt=Historias%20destacadas%20de%20Snapchat&en=scroll&_fv=1&_ss=1&epn.percent_scrolled=90&tfd=4613&gaf=1. Refused to connect because it violates the document's Content Security Policy. @ https://www.googletagmanager.com/gtag/js?id=G-DPDHJB4310:266
[    5073ms] [LOG] %c¡ADVERTENCIA! font-size: 30px; color: #F61F1F; background-color: #FFFF00; @ https://static.snapchat.com/discover/_next/static/chunks/pages/_app-ee4ac85cc43e400b.js:12
[    5074ms] [LOG] %cNo introduzcas ni pegues códigos que no comprendas.
Si usas esta consola, los atacantes podrían suplantar tu identidad y robar tu información mediante un ataque llamado Self-XSS. font-size: 16px; color: #464656; background-color: #FFF; @ https://static.snapchat.com/discover/_next/static/chunks/pages/_app-ee4ac85cc43e400b.js:12
[    5075ms] [LOG] %c¡ADVERTENCIA! font-size: 30px; color: #F61F1F; background-color: #FFFF00; @ https://static.snapchat.com/discover/_next/static/chunks/pages/_app-ee4ac85cc43e400b.js:12
[    5076ms] [LOG] %cNo introduzcas ni pegues códigos que no comprendas.
Si usas esta consola, los atacantes podrían suplantar tu identidad y robar tu información mediante un ataque llamado Self-XSS. font-size: 16px; color: #464656; background-color: #FFF; @ https://static.snapchat.com/discover/_next/static/chunks/pages/_app-ee4ac85cc43e400b.js:12
[    9663ms] [ERROR] Connecting to 'https://analytics.google.com/g/collect?v=2&tid=G-DPDHJB4310&gtm=45je67t1v893370716za200zd893370716&_p=1785705607601&gcd=13l3l3l3l1l1&npa=0&dma=0&_eu=AAAAACQC&are=1&cid=1218552795.1785705608&frm=0&ibt=1&ngs=1&pscdl=noapi&rcb=7&sr=1536x864&uaa=x86&uab=64&uafvl=Not%252FA)Brand%3B99.0.0.0%7CChromium%3B148.0.7778.167&uam=&uamb=0&uap=Windows&uapv=19.0.0&uaw=0&ul=es-419&_s=2&tag_exp=115938465~115938468~118897920~118897930~119337770~119896803&sid=1785705604&sct=1&seg=1&dl=https%3A%2F%2Fwww.snapchat.com%2Fdiscover&dt=Historias%20destacadas%20de%20Snapchat&en=page_view&_ee=1&_et=17&tfd=9649' violates the following Content Security Policy directive: "connect-src 'self' blob: https://gcp.api.snapchat.com https://aws.api.snapchat.com https://*.google-analytics.com https://*.analytics.google.com https://stats.g.doubleclick.net https://*.googletagmanager.com https://www.snapchat.com https://app.snapchat.com https://sentry.sc-prod.net https://us-central1-gcp.api.snapchat.com https://accounts.snapchat.com ws: wss: https://static.snapchat.com https://cdn.contentful.com https://story.snapchat.com https://hcaptcha.com https://*.hcaptcha.com https://www.google.com/recaptcha/ https://session.snapchat.com https://us-east1-aws.api.snapchat.com https://cf-st.sc-cdn.net https://app.snapchat.com https://s.sc-cdn.net https://bolt-gcdn.sc-cdn.net". The action has been blocked. @ https://static.snapchat.com/discover/_next/static/chunks/pages/_app-ee4ac85cc43e400b.js:12
[    9663ms] [ERROR] Fetch API cannot load https://analytics.google.com/g/collect?v=2&tid=G-DPDHJB4310&gtm=45je67t1v893370716za200zd893370716&_p=1785705607601&gcd=13l3l3l3l1l1&npa=0&dma=0&_eu=AAAAACQC&are=1&cid=1218552795.1785705608&frm=0&ibt=1&ngs=1&pscdl=noapi&rcb=7&sr=1536x864&uaa=x86&uab=64&uafvl=Not%252FA)Brand%3B99.0.0.0%7CChromium%3B148.0.7778.167&uam=&uamb=0&uap=Windows&uapv=19.0.0&uaw=0&ul=es-419&_s=2&tag_exp=115938465~115938468~118897920~118897930~119337770~119896803&sid=1785705604&sct=1&seg=1&dl=https%3A%2F%2Fwww.snapchat.com%2Fdiscover&dt=Historias%20destacadas%20de%20Snapchat&en=page_view&_ee=1&_et=17&tfd=9649. Refused to connect because it violates the document's Content Security Policy. @ https://static.snapchat.com/discover/_next/static/chunks/pages/_app-ee4ac85cc43e400b.js:12
[    9664ms] [ERROR] Connecting to 'https://www.google.com/g/collect?v=2&tid=G-DPDHJB4310&gtm=45je67t1v893370716za200zd893370716&_p=1785705607601&gcd=13l3l3l3l1l1&npa=0&dma=0&_eu=AAAAACQC&are=1&cid=1218552795.1785705608&frm=0&ibt=1&ngs=1&pscdl=noapi&rcb=7&sr=1536x864&uaa=x86&uab=64&uafvl=Not%252FA)Brand%3B99.0.0.0%7CChromium%3B148.0.7778.167&uam=&uamb=0&uap=Windows&uapv=19.0.0&uaw=0&ul=es-419&_s=2&tag_exp=115938465~115938468~118897920~118897930~119337770~119896803&sid=1785705604&sct=1&seg=1&dl=https%3A%2F%2Fwww.snapchat.com%2Fdiscover&dt=Historias%20destacadas%20de%20Snapchat&en=page_view&_ee=1&_et=17&tfd=9649&gaf=1' violates the following Content Security Policy directive: "connect-src 'self' blob: https://gcp.api.snapchat.com https://aws.api.snapchat.com https://*.google-analytics.com https://*.analytics.google.com https://stats.g.doubleclick.net https://*.googletagmanager.com https://www.snapchat.com https://app.snapchat.com https://sentry.sc-prod.net https://us-central1-gcp.api.snapchat.com https://accounts.snapchat.com ws: wss: https://static.snapchat.com https://cdn.contentful.com https://story.snapchat.com https://hcaptcha.com https://*.hcaptcha.com https://www.google.com/recaptcha/ https://session.snapchat.com https://us-east1-aws.api.snapchat.com https://cf-st.sc-cdn.net https://app.snapchat.com https://s.sc-cdn.net https://bolt-gcdn.sc-cdn.net". The action has been blocked. @ https://static.snapchat.com/discover/_next/static/chunks/pages/_app-ee4ac85cc43e400b.js:12
[    9664ms] [ERROR] Fetch API cannot load https://www.google.com/g/collect?v=2&tid=G-DPDHJB4310&gtm=45je67t1v893370716za200zd893370716&_p=1785705607601&gcd=13l3l3l3l1l1&npa=0&dma=0&_eu=AAAAACQC&are=1&cid=1218552795.1785705608&frm=0&ibt=1&ngs=1&pscdl=noapi&rcb=7&sr=1536x864&uaa=x86&uab=64&uafvl=Not%252FA)Brand%3B99.0.0.0%7CChromium%3B148.0.7778.167&uam=&uamb=0&uap=Windows&uapv=19.0.0&uaw=0&ul=es-419&_s=2&tag_exp=115938465~115938468~118897920~118897930~119337770~119896803&sid=1785705604&sct=1&seg=1&dl=https%3A%2F%2Fwww.snapchat.com%2Fdiscover&dt=Historias%20destacadas%20de%20Snapchat&en=page_view&_ee=1&_et=17&tfd=9649&gaf=1. Refused to connect because it violates the document's Content Security Policy. @ https://static.snapchat.com/discover/_next/static/chunks/pages/_app-ee4ac85cc43e400b.js:12
[   13909ms] [LOG] Download the Apollo DevTools for a better development experience: %s https://chrome.google.com/webstore/detail/apollo-client-developer-t/jdkknkkbebbapilgoeccciglkfbmbnfm @ https://static.snapchat.com/discover/_next/static/chunks/pages/_app-ee4ac85cc43e400b.js:12
